  Determining projects to restore...
  All projects are up-to-date for restore.
E:\Projects\romm-frontend\scripts\autoloads\AssetManager.cs(28,54): error CS1061: 'Game' does not contain a definition for 'Id' and no accessible extension method 'Id' accepting a first argument of type 'Game' could be found (are you missing a using directive or an assembly reference?) [E:\Projects\romm-frontend\romm-frontend.csproj]
E:\Projects\romm-frontend\scripts\autoloads\ConfigManager.cs(51,13): error CS0103: The name 'ApplicationRootDirectory' does not exist in the current context [E:\Projects\romm-frontend\romm-frontend.csproj]
E:\Projects\romm-frontend\scripts\autoloads\ConfigManager.cs(52,13): error CS0103: The name 'ApplicationRootDirectory' does not exist in the current context [E:\Projects\romm-frontend\romm-frontend.csproj]
E:\Projects\romm-frontend\scripts\autoloads\ConfigManager.cs(52,40): error CS0103: The name 'ApplicationRootDirectory' does not exist in the current context [E:\Projects\romm-frontend\romm-frontend.csproj]
E:\Projects\romm-frontend\scripts\autoloads\ConfigManager.cs(52,72): error CS0103: The name 'ApplicationRootDirectory' does not exist in the current context [E:\Projects\romm-frontend\romm-frontend.csproj]
E:\Projects\romm-frontend\scripts\autoloads\ConfigManager.cs(56,13): error CS0103: The name 'ApplicationRootDirectory' does not exist in the current context [E:\Projects\romm-frontend\romm-frontend.csproj]
E:\Projects\romm-frontend\scripts\autoloads\ConfigManager.cs(58,33): error CS0103: The name 'ApplicationRootDirectory' does not exist in the current context [E:\Projects\romm-frontend\romm-frontend.csproj]
E:\Projects\romm-frontend\scripts\autoloads\ConfigManager.cs(65,40): error CS0103: The name 'ApplicationRootDirectory' does not exist in the current context [E:\Projects\romm-frontend\romm-frontend.csproj]
E:\Projects\romm-frontend\scripts\autoloads\EmulatorManager.cs(383,70): error CS1061: 'ConfigManager' does not contain a definition for 'EmulatorsPath' and no accessible extension method 'EmulatorsPath' accepting a first argument of type 'ConfigManager' could be found (are you missing a using directive or an assembly reference?) [E:\Projects\romm-frontend\romm-frontend.csproj]
E:\Projects\romm-frontend\scripts\autoloads\EmulatorManager.cs(384,72): error CS1061: 'ConfigManager' does not contain a definition for 'EmulatorsPath' and no accessible extension method 'EmulatorsPath' accepting a first argument of type 'ConfigManager' could be found (are you missing a using directive or an assembly reference?) [E:\Projects\romm-frontend\romm-frontend.csproj]
E:\Projects\romm-frontend\scripts\autoloads\AppUpdater.cs(42,74): error CS1061: 'GithubReleaseInfo' does not contain a definition for 'TagName' and no accessible extension method 'TagName' accepting a first argument of type 'GithubReleaseInfo' could be found (are you missing a using directive or an assembly reference?) [E:\Projects\romm-frontend\romm-frontend.csproj]
E:\Projects\romm-frontend\scripts\autoloads\AppUpdater.cs(44,48): error CS1061: 'GithubReleaseInfo' does not contain a definition for 'TagName' and no accessible extension method 'TagName' accepting a first argument of type 'GithubReleaseInfo' could be found (are you missing a using directive or an assembly reference?) [E:\Projects\romm-frontend\romm-frontend.csproj]
E:\Projects\romm-frontend\scripts\autoloads\AppUpdater.cs(46,97): error CS1061: 'GithubReleaseInfo' does not contain a definition for 'TagName' and no accessible extension method 'TagName' accepting a first argument of type 'GithubReleaseInfo' could be found (are you missing a using directive or an assembly reference?) [E:\Projects\romm-frontend\romm-frontend.csproj]
E:\Projects\romm-frontend\scripts\autoloads\AppUpdater.cs(46,118): error CS1061: 'GithubReleaseInfo' does not contain a definition for 'Body' and no accessible extension method 'Body' accepting a first argument of type 'GithubReleaseInfo' could be found (are you missing a using directive or an assembly reference?) [E:\Projects\romm-frontend\romm-frontend.csproj]
E:\Projects\romm-frontend\scripts\autoloads\EmulatorManager.cs(189,25): error CS1061: 'BmlConfigurationUpdater.BmlLine' does not contain a definition for 'IsParsed' and no accessible extension method 'IsParsed' accepting a first argument of type 'BmlConfigurationUpdater.BmlLine' could be found (are you missing a using directive or an assembly reference?) [E:\Projects\romm-frontend\romm-frontend.csproj]
E:\Projects\romm-frontend\scripts\autoloads\EmulatorManager.cs(190,24): error CS1061: 'BmlConfigurationUpdater.BmlLine' does not contain a definition for 'Indent' and no accessible extension method 'Indent' accepting a first argument of type 'BmlConfigurationUpdater.BmlLine' could be found (are you missing a using directive or an assembly reference?) [E:\Projects\romm-frontend\romm-frontend.csproj]
E:\Projects\romm-frontend\scripts\autoloads\EmulatorManager.cs(194,24): error CS1061: 'BmlConfigurationUpdater.BmlLine' does not contain a definition for 'Indent' and no accessible extension method 'Indent' accepting a first argument of type 'BmlConfigurationUpdater.BmlLine' could be found (are you missing a using directive or an assembly reference?) [E:\Projects\romm-frontend\romm-frontend.csproj]
E:\Projects\romm-frontend\scripts\autoloads\EmulatorManager.cs(194,54): error CS1061: 'BmlConfigurationUpdater.BmlLine' does not contain a definition for 'Key' and no accessible extension method 'Key' accepting a first argument of type 'BmlConfigurationUpdater.BmlLine' could be found (are you missing a using directive or an assembly reference?) [E:\Projects\romm-frontend\romm-frontend.csproj]
E:\Projects\romm-frontend\scripts\autoloads\EmulatorManager.cs(202,47): error CS1061: 'BmlConfigurationUpdater.BmlLine' does not contain a definition for 'IsParsed' and no accessible extension method 'IsParsed' accepting a first argument of type 'BmlConfigurationUpdater.BmlLine' could be found (are you missing a using directive or an assembly reference?) [E:\Projects\romm-frontend\romm-frontend.csproj]
E:\Projects\romm-frontend\scripts\autoloads\EmulatorManager.cs(204,51): error CS1061: 'BmlConfigurationUpdater.BmlLine' does not contain a definition for 'Indent' and no accessible extension method 'Indent' accepting a first argument of type 'BmlConfigurationUpdater.BmlLine' could be found (are you missing a using directive or an assembly reference?) [E:\Projects\romm-frontend\romm-frontend.csproj]
E:\Projects\romm-frontend\scripts\autoloads\EmulatorManager.cs(206,65): error CS1061: 'BmlConfigurationUpdater.BmlLine' does not contain a definition for 'Indent' and no accessible extension method 'Indent' accepting a first argument of type 'BmlConfigurationUpdater.BmlLine' could be found (are you missing a using directive or an assembly reference?) [E:\Projects\romm-frontend\romm-frontend.csproj]
E:\Projects\romm-frontend\scripts\autoloads\EmulatorManager.cs(222,25): error CS0117: 'BmlConfigurationUpdater.BmlLine' does not contain a definition for 'Text' [E:\Projects\romm-frontend\romm-frontend.csproj]
E:\Projects\romm-frontend\scripts\autoloads\EmulatorManager.cs(223,25): error CS0117: 'BmlConfigurationUpdater.BmlLine' does not contain a definition for 'Indent' [E:\Projects\romm-frontend\romm-frontend.csproj]
E:\Projects\romm-frontend\scripts\autoloads\EmulatorManager.cs(224,25): error CS0117: 'BmlConfigurationUpdater.BmlLine' does not contain a definition for 'Key' [E:\Projects\romm-frontend\romm-frontend.csproj]
E:\Projects\romm-frontend\scripts\autoloads\EmulatorManager.cs(225,25): error CS0117: 'BmlConfigurationUpdater.BmlLine' does not contain a definition for 'IsParsed' [E:\Projects\romm-frontend\romm-frontend.csproj]
E:\Projects\romm-frontend\scripts\autoloads\EmulatorManager.cs(238,21): error CS1061: 'BmlConfigurationUpdater.BmlLine' does not contain a definition for 'IsParsed' and no accessible extension method 'IsParsed' accepting a first argument of type 'BmlConfigurationUpdater.BmlLine' could be found (are you missing a using directive or an assembly reference?) [E:\Projects\romm-frontend\romm-frontend.csproj]
E:\Projects\romm-frontend\scripts\autoloads\EmulatorManager.cs(239,20): error CS1061: 'BmlConfigurationUpdater.BmlLine' does not contain a definition for 'Indent' and no accessible extension method 'Indent' accepting a first argument of type 'BmlConfigurationUpdater.BmlLine' could be found (are you missing a using directive or an assembly reference?) [E:\Projects\romm-frontend\romm-frontend.csproj]
E:\Projects\romm-frontend\scripts\autoloads\EmulatorManager.cs(243,20): error CS1061: 'BmlConfigurationUpdater.BmlLine' does not contain a definition for 'Indent' and no accessible extension method 'Indent' accepting a first argument of type 'BmlConfigurationUpdater.BmlLine' could be found (are you missing a using directive or an assembly reference?) [E:\Projects\romm-frontend\romm-frontend.csproj]
E:\Projects\romm-frontend\scripts\autoloads\EmulatorManager.cs(243,50): error CS1061: 'BmlConfigurationUpdater.BmlLine' does not contain a definition for 'Key' and no accessible extension method 'Key' accepting a first argument of type 'BmlConfigurationUpdater.BmlLine' could be found (are you missing a using directive or an assembly reference?) [E:\Projects\romm-frontend\romm-frontend.csproj]
E:\Projects\romm-frontend\scripts\autoloads\EmulatorManager.cs(245,20): error CS1061: 'BmlConfigurationUpdater.BmlLine' does not contain a definition for 'Text' and no accessible extension method 'Text' accepting a first argument of type 'BmlConfigurationUpdater.BmlLine' could be found (are you missing a using directive or an assembly reference?) [E:\Projects\romm-frontend\romm-frontend.csproj]
E:\Projects\romm-frontend\scripts\autoloads\EmulatorManager.cs(255,17): error CS0117: 'BmlConfigurationUpdater.BmlLine' does not contain a definition for 'Text' [E:\Projects\romm-frontend\romm-frontend.csproj]
E:\Projects\romm-frontend\scripts\autoloads\EmulatorManager.cs(256,17): error CS0117: 'BmlConfigurationUpdater.BmlLine' does not contain a definition for 'Indent' [E:\Projects\romm-frontend\romm-frontend.csproj]
E:\Projects\romm-frontend\scripts\autoloads\EmulatorManager.cs(257,17): error CS0117: 'BmlConfigurationUpdater.BmlLine' does not contain a definition for 'Key' [E:\Projects\romm-frontend\romm-frontend.csproj]
E:\Projects\romm-frontend\scripts\autoloads\EmulatorManager.cs(258,17): error CS0117: 'BmlConfigurationUpdater.BmlLine' does not contain a definition for 'IsParsed' [E:\Projects\romm-frontend\romm-frontend.csproj]
E:\Projects\romm-frontend\scripts\autoloads\EmulatorManager.cs(264,32): error CS1061: 'BmlConfigurationUpdater.BmlLine' does not contain a definition for 'Text' and no accessible extension method 'Text' accepting a first argument of type 'BmlConfigurationUpdater.BmlLine' could be found (are you missing a using directive or an assembly reference?) [E:\Projects\romm-frontend\romm-frontend.csproj]
E:\Projects\romm-frontend\scripts\autoloads\EmulatorManager.cs(278,32): error CS1061: 'BmlConfigurationUpdater.BmlLine' does not contain a definition for 'IsParsed' and no accessible extension method 'IsParsed' accepting a first argument of type 'BmlConfigurationUpdater.BmlLine' could be found (are you missing a using directive or an assembly reference?) [E:\Projects\romm-frontend\romm-frontend.csproj]
E:\Projects\romm-frontend\scripts\autoloads\EmulatorManager.cs(278,59): error CS1061: 'BmlConfigurationUpdater.BmlLine' does not contain a definition for 'Indent' and no accessible extension method 'Indent' accepting a first argument of type 'BmlConfigurationUpdater.BmlLine' could be found (are you missing a using directive or an assembly reference?) [E:\Projects\romm-frontend\romm-frontend.csproj]
E:\Projects\romm-frontend\scripts\autoloads\ConfigManager.cs(80,9): error CS0103: The name 'RomsPath' does not exist in the current context [E:\Projects\romm-frontend\romm-frontend.csproj]
E:\Projects\romm-frontend\scripts\autoloads\ConfigManager.cs(80,83): error CS0103: The name 'ApplicationRootDirectory' does not exist in the current context [E:\Projects\romm-frontend\romm-frontend.csproj]
E:\Projects\romm-frontend\scripts\autoloads\ConfigManager.cs(81,9): error CS0103: The name 'BiosPath' does not exist in the current context [E:\Projects\romm-frontend\romm-frontend.csproj]
E:\Projects\romm-frontend\scripts\autoloads\ConfigManager.cs(81,79): error CS0103: The name 'ApplicationRootDirectory' does not exist in the current context [E:\Projects\romm-frontend\romm-frontend.csproj]
E:\Projects\romm-frontend\scripts\autoloads\ConfigManager.cs(82,9): error CS0103: The name 'EmulatorsPath' does not exist in the current context [E:\Projects\romm-frontend\romm-frontend.csproj]
E:\Projects\romm-frontend\scripts\autoloads\ConfigManager.cs(82,89): error CS0103: The name 'ApplicationRootDirectory' does not exist in the current context [E:\Projects\romm-frontend\romm-frontend.csproj]
E:\Projects\romm-frontend\scripts\autoloads\ConfigManager.cs(83,9): error CS0103: The name 'DownloadsPath' does not exist in the current context [E:\Projects\romm-frontend\romm-frontend.csproj]
E:\Projects\romm-frontend\scripts\autoloads\ConfigManager.cs(83,89): error CS0103: The name 'ApplicationRootDirectory' does not exist in the current context [E:\Projects\romm-frontend\romm-frontend.csproj]
E:\Projects\romm-frontend\scripts\autoloads\ConfigManager.cs(84,9): error CS0103: The name 'InstallScriptsPath' does not exist in the current context [E:\Projects\romm-frontend\romm-frontend.csproj]
E:\Projects\romm-frontend\scripts\autoloads\ConfigManager.cs(84,99): error CS0103: The name 'ApplicationRootDirectory' does not exist in the current context [E:\Projects\romm-frontend\romm-frontend.csproj]
E:\Projects\romm-frontend\scripts\autoloads\ConfigManager.cs(85,9): error CS0103: The name 'ToolsPath' does not exist in the current context [E:\Projects\romm-frontend\romm-frontend.csproj]
E:\Projects\romm-frontend\scripts\autoloads\ConfigManager.cs(85,81): error CS0103: The name 'ApplicationRootDirectory' does not exist in the current context [E:\Projects\romm-frontend\romm-frontend.csproj]
E:\Projects\romm-frontend\scripts\autoloads\ConfigManager.cs(86,9): error CS0103: The name 'AssetsPath' does not exist in the current context [E:\Projects\romm-frontend\romm-frontend.csproj]
E:\Projects\romm-frontend\scripts\autoloads\ConfigManager.cs(86,83): error CS0103: The name 'ApplicationRootDirectory' does not exist in the current context [E:\Projects\romm-frontend\romm-frontend.csproj]
E:\Projects\romm-frontend\scripts\autoloads\ConfigManager.cs(87,9): error CS0103: The name 'RomMHost' does not exist in the current context [E:\Projects\romm-frontend\romm-frontend.csproj]
E:\Projects\romm-frontend\scripts\autoloads\ConfigManager.cs(88,9): error CS0103: The name 'RomMUsername' does not exist in the current context [E:\Projects\romm-frontend\romm-frontend.csproj]
E:\Projects\romm-frontend\scripts\autoloads\ConfigManager.cs(89,9): error CS0103: The name 'RomMPassword' does not exist in the current context [E:\Projects\romm-frontend\romm-frontend.csproj]
E:\Projects\romm-frontend\scripts\autoloads\ConfigManager.cs(90,9): error CS0103: The name 'RomMApiKey' does not exist in the current context [E:\Projects\romm-frontend\romm-frontend.csproj]
E:\Projects\romm-frontend\scripts\autoloads\ConfigManager.cs(91,9): error CS0103: The name 'RomMValidLoginLastUsed' does not exist in the current context [E:\Projects\romm-frontend\romm-frontend.csproj]
E:\Projects\romm-frontend\scripts\autoloads\ConfigManager.cs(92,9): error CS0103: The name 'HideGamesWithoutBoxArt' does not exist in the current context [E:\Projects\romm-frontend\romm-frontend.csproj]
E:\Projects\romm-frontend\scripts\autoloads\ConfigManager.cs(93,9): error CS0103: The name 'ShowAllSystems' does not exist in the current context [E:\Projects\romm-frontend\romm-frontend.csproj]
E:\Projects\romm-frontend\scripts\autoloads\ConfigManager.cs(94,9): error CS0103: The name 'EmulatorCloseHotkeyCount' does not exist in the current context [E:\Projects\romm-frontend\romm-frontend.csproj]
E:\Projects\romm-frontend\scripts\autoloads\ConfigManager.cs(101,9): error CS0103: The name 'RomsPath' does not exist in the current context [E:\Projects\romm-frontend\romm-frontend.csproj]
E:\Projects\romm-frontend\scripts\autoloads\ConfigManager.cs(101,23): error CS0103: The name 'ApplicationRootDirectory' does not exist in the current context [E:\Projects\romm-frontend\romm-frontend.csproj]
E:\Projects\romm-frontend\scripts\autoloads\ConfigManager.cs(102,9): error CS0103: The name 'BiosPath' does not exist in the current context [E:\Projects\romm-frontend\romm-frontend.csproj]
E:\Projects\romm-frontend\scripts\autoloads\ConfigManager.cs(102,23): error CS0103: The name 'ApplicationRootDirectory' does not exist in the current context [E:\Projects\romm-frontend\romm-frontend.csproj]
E:\Projects\romm-frontend\scripts\autoloads\ConfigManager.cs(103,9): error CS0103: The name 'EmulatorsPath' does not exist in the current context [E:\Projects\romm-frontend\romm-frontend.csproj]
E:\Projects\romm-frontend\scripts\autoloads\ConfigManager.cs(103,28): error CS0103: The name 'ApplicationRootDirectory' does not exist in the current context [E:\Projects\romm-frontend\romm-frontend.csproj]
E:\Projects\romm-frontend\scripts\autoloads\ConfigManager.cs(104,9): error CS0103: The name 'DownloadsPath' does not exist in the current context [E:\Projects\romm-frontend\romm-frontend.csproj]
E:\Projects\romm-frontend\scripts\autoloads\ConfigManager.cs(104,28): error CS0103: The name 'ApplicationRootDirectory' does not exist in the current context [E:\Projects\romm-frontend\romm-frontend.csproj]
E:\Projects\romm-frontend\scripts\autoloads\ConfigManager.cs(105,9): error CS0103: The name 'InstallScriptsPath' does not exist in the current context [E:\Projects\romm-frontend\romm-frontend.csproj]
E:\Projects\romm-frontend\scripts\autoloads\ConfigManager.cs(105,33): error CS0103: The name 'ApplicationRootDirectory' does not exist in the current context [E:\Projects\romm-frontend\romm-frontend.csproj]
E:\Projects\romm-frontend\scripts\autoloads\ConfigManager.cs(106,9): error CS0103: The name 'ToolsPath' does not exist in the current context [E:\Projects\romm-frontend\romm-frontend.csproj]
E:\Projects\romm-frontend\scripts\autoloads\ConfigManager.cs(106,24): error CS0103: The name 'ApplicationRootDirectory' does not exist in the current context [E:\Projects\romm-frontend\romm-frontend.csproj]
E:\Projects\romm-frontend\scripts\autoloads\ConfigManager.cs(107,9): error CS0103: The name 'AssetsPath' does not exist in the current context [E:\Projects\romm-frontend\romm-frontend.csproj]
E:\Projects\romm-frontend\scripts\autoloads\ConfigManager.cs(107,25): error CS0103: The name 'ApplicationRootDirectory' does not exist in the current context [E:\Projects\romm-frontend\romm-frontend.csproj]
E:\Projects\romm-frontend\scripts\autoloads\ConfigManager.cs(108,9): error CS0103: The name 'RomMHost' does not exist in the current context [E:\Projects\romm-frontend\romm-frontend.csproj]
E:\Projects\romm-frontend\scripts\autoloads\ConfigManager.cs(109,9): error CS0103: The name 'RomMUsername' does not exist in the current context [E:\Projects\romm-frontend\romm-frontend.csproj]
E:\Projects\romm-frontend\scripts\autoloads\ConfigManager.cs(110,9): error CS0103: The name 'RomMPassword' does not exist in the current context [E:\Projects\romm-frontend\romm-frontend.csproj]
E:\Projects\romm-frontend\scripts\autoloads\ConfigManager.cs(111,9): error CS0103: The name 'RomMApiKey' does not exist in the current context [E:\Projects\romm-frontend\romm-frontend.csproj]
E:\Projects\romm-frontend\scripts\autoloads\ConfigManager.cs(112,9): error CS0103: The name 'RomMValidLoginLastUsed' does not exist in the current context [E:\Projects\romm-frontend\romm-frontend.csproj]
E:\Projects\romm-frontend\scripts\autoloads\ConfigManager.cs(113,9): error CS0103: The name 'HideGamesWithoutBoxArt' does not exist in the current context [E:\Projects\romm-frontend\romm-frontend.csproj]
E:\Projects\romm-frontend\scripts\autoloads\ConfigManager.cs(114,9): error CS0103: The name 'ShowAllSystems' does not exist in the current context [E:\Projects\romm-frontend\romm-frontend.csproj]
E:\Projects\romm-frontend\scripts\autoloads\ConfigManager.cs(115,9): error CS0103: The name 'EmulatorCloseHotkeyCount' does not exist in the current context [E:\Projects\romm-frontend\romm-frontend.csproj]
E:\Projects\romm-frontend\scripts\autoloads\EmulatorManager.cs(414,72): error CS1061: 'ConfigManager' does not contain a definition for 'InstallScriptsPath' and no accessible extension method 'InstallScriptsPath' accepting a first argument of type 'ConfigManager' could be found (are you missing a using directive or an assembly reference?) [E:\Projects\romm-frontend\romm-frontend.csproj]
E:\Projects\romm-frontend\scripts\autoloads\CacheManager.cs(54,30): error CS1061: 'Game' does not contain a definition for 'Files' and no accessible extension method 'Files' accepting a first argument of type 'Game' could be found (are you missing a using directive or an assembly reference?) [E:\Projects\romm-frontend\romm-frontend.csproj]
E:\Projects\romm-frontend\scripts\autoloads\CacheManager.cs(54,52): error CS1061: 'Game' does not contain a definition for 'Files' and no accessible extension method 'Files' accepting a first argument of type 'Game' could be found (are you missing a using directive or an assembly reference?) [E:\Projects\romm-frontend\romm-frontend.csproj]
E:\Projects\romm-frontend\scripts\autoloads\ConfigManager.cs(123,57): error CS0103: The name 'RomsPath' does not exist in the current context [E:\Projects\romm-frontend\romm-frontend.csproj]
E:\Projects\romm-frontend\scripts\autoloads\ConfigManager.cs(124,57): error CS0103: The name 'BiosPath' does not exist in the current context [E:\Projects\romm-frontend\romm-frontend.csproj]
E:\Projects\romm-frontend\scripts\autoloads\ConfigManager.cs(125,62): error CS0103: The name 'EmulatorsPath' does not exist in the current context [E:\Projects\romm-frontend\romm-frontend.csproj]
E:\Projects\romm-frontend\scripts\autoloads\ConfigManager.cs(126,62): error CS0103: The name 'DownloadsPath' does not exist in the current context [E:\Projects\romm-frontend\romm-frontend.csproj]
E:\Projects\romm-frontend\scripts\autoloads\ConfigManager.cs(127,67): error CS0103: The name 'InstallScriptsPath' does not exist in the current context [E:\Projects\romm-frontend\romm-frontend.csproj]
E:\Projects\romm-frontend\scripts\autoloads\ConfigManager.cs(128,58): error CS0103: The name 'ToolsPath' does not exist in the current context [E:\Projects\romm-frontend\romm-frontend.csproj]
E:\Projects\romm-frontend\scripts\autoloads\ConfigManager.cs(129,59): error CS0103: The name 'AssetsPath' does not exist in the current context [E:\Projects\romm-frontend\romm-frontend.csproj]
E:\Projects\romm-frontend\scripts\autoloads\ConfigManager.cs(130,52): error CS0103: The name 'RomMHost' does not exist in the current context [E:\Projects\romm-frontend\romm-frontend.csproj]
E:\Projects\romm-frontend\scripts\autoloads\ConfigManager.cs(131,56): error CS0103: The name 'RomMUsername' does not exist in the current context [E:\Projects\romm-frontend\romm-frontend.csproj]
E:\Projects\romm-frontend\scripts\autoloads\ConfigManager.cs(132,56): error CS0103: The name 'RomMPassword' does not exist in the current context [E:\Projects\romm-frontend\romm-frontend.csproj]
E:\Projects\romm-frontend\scripts\autoloads\ConfigManager.cs(133,54): error CS0103: The name 'RomMApiKey' does not exist in the current context [E:\Projects\romm-frontend\romm-frontend.csproj]
E:\Projects\romm-frontend\scripts\autoloads\ConfigManager.cs(134,66): error CS0103: The name 'RomMValidLoginLastUsed' does not exist in the current context [E:\Projects\romm-frontend\romm-frontend.csproj]
E:\Projects\romm-frontend\scripts\autoloads\ConfigManager.cs(135,68): error CS0103: The name 'HideGamesWithoutBoxArt' does not exist in the current context [E:\Projects\romm-frontend\romm-frontend.csproj]
E:\Projects\romm-frontend\scripts\autoloads\ConfigManager.cs(136,60): error CS0103: The name 'ShowAllSystems' does not exist in the current context [E:\Projects\romm-frontend\romm-frontend.csproj]
E:\Projects\romm-frontend\scripts\autoloads\ConfigManager.cs(137,73): error CS0103: The name 'EmulatorCloseHotkeyCount' does not exist in the current context [E:\Projects\romm-frontend\romm-frontend.csproj]
E:\Projects\romm-frontend\scripts\autoloads\AssetManager.cs(35,64): error CS1061: 'ConfigManager' does not contain a definition for 'AssetsPath' and no accessible extension method 'AssetsPath' accepting a first argument of type 'ConfigManager' could be found (are you missing a using directive or an assembly reference?) [E:\Projects\romm-frontend\romm-frontend.csproj]
E:\Projects\romm-frontend\scripts\autoloads\AssetManager.cs(37,99): error CS1061: 'Game' does not contain a definition for 'Id' and no accessible extension method 'Id' accepting a first argument of type 'Game' could be found (are you missing a using directive or an assembly reference?) [E:\Projects\romm-frontend\romm-frontend.csproj]
E:\Projects\romm-frontend\scripts\autoloads\AssetManager.cs(41,44): error CS1061: 'Game' does not contain a definition for 'PathCover3d' and no accessible extension method 'PathCover3d' accepting a first argument of type 'Game' could be found (are you missing a using directive or an assembly reference?) [E:\Projects\romm-frontend\romm-frontend.csproj]
E:\Projects\romm-frontend\scripts\autoloads\AssetManager.cs(43,44): error CS1061: 'Game' does not contain a definition for 'PathCover3d' and no accessible extension method 'PathCover3d' accepting a first argument of type 'Game' could be found (are you missing a using directive or an assembly reference?) [E:\Projects\romm-frontend\romm-frontend.csproj]
E:\Projects\romm-frontend\scripts\autoloads\AssetManager.cs(44,49): error CS1061: 'Game' does not contain a definition for 'PathCover3d' and no accessible extension method 'PathCover3d' accepting a first argument of type 'Game' could be found (are you missing a using directive or an assembly reference?) [E:\Projects\romm-frontend\romm-frontend.csproj]
E:\Projects\romm-frontend\scripts\autoloads\AssetManager.cs(44,87): error CS1061: 'Game' does not contain a definition for 'PathCover3d' and no accessible extension method 'PathCover3d' accepting a first argument of type 'Game' could be found (are you missing a using directive or an assembly reference?) [E:\Projects\romm-frontend\romm-frontend.csproj]
E:\Projects\romm-frontend\scripts\autoloads\AssetManager.cs(44,124): error CS1061: 'RomMAPI' does not contain a definition for 'ApiHost' and no accessible extension method 'ApiHost' accepting a first argument of type 'RomMAPI' could be found (are you missing a using directive or an assembly reference?) [E:\Projects\romm-frontend\romm-frontend.csproj]
E:\Projects\romm-frontend\scripts\autoloads\AssetManager.cs(48,67): error CS1061: 'RomMAPI' does not contain a definition for 'ApiHost' and no accessible extension method 'ApiHost' accepting a first argument of type 'RomMAPI' could be found (are you missing a using directive or an assembly reference?) [E:\Projects\romm-frontend\romm-frontend.csproj]
E:\Projects\romm-frontend\scripts\autoloads\AssetManager.cs(48,109): error CS1061: 'Game' does not contain a definition for 'PlatformId' and no accessible extension method 'PlatformId' accepting a first argument of type 'Game' could be found (are you missing a using directive or an assembly reference?) [E:\Projects\romm-frontend\romm-frontend.csproj]
E:\Projects\romm-frontend\scripts\autoloads\AssetManager.cs(48,127): error CS1061: 'Game' does not contain a definition for 'Id' and no accessible extension method 'Id' accepting a first argument of type 'Game' could be found (are you missing a using directive or an assembly reference?) [E:\Projects\romm-frontend\romm-frontend.csproj]
E:\Projects\romm-frontend\scripts\autoloads\AssetManager.cs(50,53): error CS1061: 'Game' does not contain a definition for 'Id' and no accessible extension method 'Id' accepting a first argument of type 'Game' could be found (are you missing a using directive or an assembly reference?) [E:\Projects\romm-frontend\romm-frontend.csproj]
E:\Projects\romm-frontend\scripts\autoloads\AssetManager.cs(52,97): error CS1061: 'Game' does not contain a definition for 'Id' and no accessible extension method 'Id' accepting a first argument of type 'Game' could be found (are you missing a using directive or an assembly reference?) [E:\Projects\romm-frontend\romm-frontend.csproj]
E:\Projects\romm-frontend\scripts\autoloads\AssetManager.cs(56,44): error CS1061: 'Game' does not contain a definition for 'PathCoverLarge' and no accessible extension method 'PathCoverLarge' accepting a first argument of type 'Game' could be found (are you missing a using directive or an assembly reference?) [E:\Projects\romm-frontend\romm-frontend.csproj]
E:\Projects\romm-frontend\scripts\autoloads\AssetManager.cs(58,44): error CS1061: 'Game' does not contain a definition for 'PathCoverLarge' and no accessible extension method 'PathCoverLarge' accepting a first argument of type 'Game' could be found (are you missing a using directive or an assembly reference?) [E:\Projects\romm-frontend\romm-frontend.csproj]
E:\Projects\romm-frontend\scripts\autoloads\AssetManager.cs(59,47): error CS1061: 'Game' does not contain a definition for 'PathCoverLarge' and no accessible extension method 'PathCoverLarge' accepting a first argument of type 'Game' could be found (are you missing a using directive or an assembly reference?) [E:\Projects\romm-frontend\romm-frontend.csproj]
E:\Projects\romm-frontend\scripts\autoloads\AssetManager.cs(59,88): error CS1061: 'Game' does not contain a definition for 'PathCoverLarge' and no accessible extension method 'PathCoverLarge' accepting a first argument of type 'Game' could be found (are you missing a using directive or an assembly reference?) [E:\Projects\romm-frontend\romm-frontend.csproj]
E:\Projects\romm-frontend\scripts\autoloads\AssetManager.cs(59,128): error CS1061: 'RomMAPI' does not contain a definition for 'ApiHost' and no accessible extension method 'ApiHost' accepting a first argument of type 'RomMAPI' could be found (are you missing a using directive or an assembly reference?) [E:\Projects\romm-frontend\romm-frontend.csproj]
E:\Projects\romm-frontend\scripts\autoloads\AssetManager.cs(63,65): error CS1061: 'RomMAPI' does not contain a definition for 'ApiHost' and no accessible extension method 'ApiHost' accepting a first argument of type 'RomMAPI' could be found (are you missing a using directive or an assembly reference?) [E:\Projects\romm-frontend\romm-frontend.csproj]
E:\Projects\romm-frontend\scripts\autoloads\AssetManager.cs(63,107): error CS1061: 'Game' does not contain a definition for 'PlatformId' and no accessible extension method 'PlatformId' accepting a first argument of type 'Game' could be found (are you missing a using directive or an assembly reference?) [E:\Projects\romm-frontend\romm-frontend.csproj]
E:\Projects\romm-frontend\scripts\autoloads\AssetManager.cs(63,125): error CS1061: 'Game' does not contain a definition for 'Id' and no accessible extension method 'Id' accepting a first argument of type 'Game' could be found (are you missing a using directive or an assembly reference?) [E:\Projects\romm-frontend\romm-frontend.csproj]
E:\Projects\romm-frontend\scripts\autoloads\AssetManager.cs(65,53): error CS1061: 'Game' does not contain a definition for 'Id' and no accessible extension method 'Id' accepting a first argument of type 'Game' could be found (are you missing a using directive or an assembly reference?) [E:\Projects\romm-frontend\romm-frontend.csproj]
E:\Projects\romm-frontend\scripts\autoloads\AssetManager.cs(67,89): error CS1061: 'Game' does not contain a definition for 'Id' and no accessible extension method 'Id' accepting a first argument of type 'Game' could be found (are you missing a using directive or an assembly reference?) [E:\Projects\romm-frontend\romm-frontend.csproj]
E:\Projects\romm-frontend\scripts\autoloads\AssetManager.cs(70,61): error CS1061: 'RomMAPI' does not contain a definition for 'ApiHost' and no accessible extension method 'ApiHost' accepting a first argument of type 'RomMAPI' could be found (are you missing a using directive or an assembly reference?) [E:\Projects\romm-frontend\romm-frontend.csproj]
E:\Projects\romm-frontend\scripts\autoloads\AssetManager.cs(70,103): error CS1061: 'Game' does not contain a definition for 'PlatformId' and no accessible extension method 'PlatformId' accepting a first argument of type 'Game' could be found (are you missing a using directive or an assembly reference?) [E:\Projects\romm-frontend\romm-frontend.csproj]
E:\Projects\romm-frontend\scripts\autoloads\AssetManager.cs(70,121): error CS1061: 'Game' does not contain a definition for 'Id' and no accessible extension method 'Id' accepting a first argument of type 'Game' could be found (are you missing a using directive or an assembly reference?) [E:\Projects\romm-frontend\romm-frontend.csproj]
E:\Projects\romm-frontend\scripts\autoloads\AssetManager.cs(71,53): error CS1061: 'Game' does not contain a definition for 'Id' and no accessible extension method 'Id' accepting a first argument of type 'Game' could be found (are you missing a using directive or an assembly reference?) [E:\Projects\romm-frontend\romm-frontend.csproj]
E:\Projects\romm-frontend\scripts\autoloads\AssetManager.cs(73,95): error CS1061: 'Game' does not contain a definition for 'Id' and no accessible extension method 'Id' accepting a first argument of type 'Game' could be found (are you missing a using directive or an assembly reference?) [E:\Projects\romm-frontend\romm-frontend.csproj]
E:\Projects\romm-frontend\scripts\autoloads\AssetManager.cs(76,64): error CS1061: 'RomMAPI' does not contain a definition for 'ApiHost' and no accessible extension method 'ApiHost' accepting a first argument of type 'RomMAPI' could be found (are you missing a using directive or an assembly reference?) [E:\Projects\romm-frontend\romm-frontend.csproj]
E:\Projects\romm-frontend\scripts\autoloads\AssetManager.cs(76,106): error CS1061: 'Game' does not contain a definition for 'PlatformId' and no accessible extension method 'PlatformId' accepting a first argument of type 'Game' could be found (are you missing a using directive or an assembly reference?) [E:\Projects\romm-frontend\romm-frontend.csproj]
E:\Projects\romm-frontend\scripts\autoloads\AssetManager.cs(76,124): error CS1061: 'Game' does not contain a definition for 'Id' and no accessible extension method 'Id' accepting a first argument of type 'Game' could be found (are you missing a using directive or an assembly reference?) [E:\Projects\romm-frontend\romm-frontend.csproj]
E:\Projects\romm-frontend\scripts\autoloads\AssetManager.cs(77,53): error CS1061: 'Game' does not contain a definition for 'Id' and no accessible extension method 'Id' accepting a first argument of type 'Game' could be found (are you missing a using directive or an assembly reference?) [E:\Projects\romm-frontend\romm-frontend.csproj]
E:\Projects\romm-frontend\scripts\autoloads\ConfigManager.cs(148,9): error CS0103: The name 'RomMValidLoginLastUsed' does not exist in the current context [E:\Projects\romm-frontend\romm-frontend.csproj]
E:\Projects\romm-frontend\scripts\autoloads\ConfigManager.cs(153,9): error CS0103: The name 'RomMHost' does not exist in the current context [E:\Projects\romm-frontend\romm-frontend.csproj]
E:\Projects\romm-frontend\scripts\autoloads\ConfigManager.cs(154,9): error CS0103: The name 'RomMUsername' does not exist in the current context [E:\Projects\romm-frontend\romm-frontend.csproj]
E:\Projects\romm-frontend\scripts\autoloads\ConfigManager.cs(155,9): error CS0103: The name 'RomMPassword' does not exist in the current context [E:\Projects\romm-frontend\romm-frontend.csproj]
E:\Projects\romm-frontend\scripts\autoloads\ConfigManager.cs(156,9): error CS0103: The name 'RomMApiKey' does not exist in the current context [E:\Projects\romm-frontend\romm-frontend.csproj]
E:\Projects\romm-frontend\scripts\autoloads\ConfigManager.cs(157,9): error CS0103: The name 'RomMValidLoginLastUsed' does not exist in the current context [E:\Projects\romm-frontend\romm-frontend.csproj]
E:\Projects\romm-frontend\scripts\autoloads\ConfigManager.cs(162,9): error CS0103: The name 'HideGamesWithoutBoxArt' does not exist in the current context [E:\Projects\romm-frontend\romm-frontend.csproj]
E:\Projects\romm-frontend\scripts\autoloads\ConfigManager.cs(163,9): error CS0103: The name 'ShowAllSystems' does not exist in the current context [E:\Projects\romm-frontend\romm-frontend.csproj]
E:\Projects\romm-frontend\scripts\autoloads\ConfigManager.cs(168,9): error CS0103: The name 'EmulatorCloseHotkeyCount' does not exist in the current context [E:\Projects\romm-frontend\romm-frontend.csproj]
E:\Projects\romm-frontend\scripts\autoloads\ConfigManager.cs(181,49): error CS0103: The name 'EmulatorCloseHotkeyCount' does not exist in the current context [E:\Projects\romm-frontend\romm-frontend.csproj]
E:\Projects\romm-frontend\scripts\autoloads\DownloadManager.cs(30,13): error CS0117: 'DownloadManager.ActiveDownloadEntry' does not contain a definition for 'Request' [E:\Projects\romm-frontend\romm-frontend.csproj]
E:\Projects\romm-frontend\scripts\autoloads\DownloadManager.cs(31,13): error CS0117: 'DownloadManager.ActiveDownloadEntry' does not contain a definition for 'FileName' [E:\Projects\romm-frontend\romm-frontend.csproj]
E:\Projects\romm-frontend\scripts\autoloads\DownloadManager.cs(32,13): error CS0117: 'DownloadManager.ActiveDownloadEntry' does not contain a definition for 'DestinationPath' [E:\Projects\romm-frontend\romm-frontend.csproj]
E:\Projects\romm-frontend\scripts\autoloads\DownloadManager.cs(60,31): error CS1061: 'DownloadManager.ActiveDownloadEntry' does not contain a definition for 'Request' and no accessible extension method 'Request' accepting a first argument of type 'DownloadManager.ActiveDownloadEntry' could be found (are you missing a using directive or an assembly reference?) [E:\Projects\romm-frontend\romm-frontend.csproj]
E:\Projects\romm-frontend\scripts\autoloads\DownloadManager.cs(63,35): error CS1061: 'DownloadManager.ActiveDownloadEntry' does not contain a definition for 'FileName' and no accessible extension method 'FileName' accepting a first argument of type 'DownloadManager.ActiveDownloadEntry' could be found (are you missing a using directive or an assembly reference?) [E:\Projects\romm-frontend\romm-frontend.csproj]
E:\Projects\romm-frontend\scripts\autoloads\DownloadManager.cs(64,35): error CS1061: 'DownloadManager.ActiveDownloadEntry' does not contain a definition for 'Request' and no accessible extension method 'Request' accepting a first argument of type 'DownloadManager.ActiveDownloadEntry' could be found (are you missing a using directive or an assembly reference?) [E:\Projects\romm-frontend\romm-frontend.csproj]
E:\Projects\romm-frontend\scripts\autoloads\DownloadManager.cs(65,35): error CS1061: 'DownloadManager.ActiveDownloadEntry' does not contain a definition for 'Request' and no accessible extension method 'Request' accepting a first argument of type 'DownloadManager.ActiveDownloadEntry' could be found (are you missing a using directive or an assembly reference?) [E:\Projects\romm-frontend\romm-frontend.csproj]
E:\Projects\romm-frontend\scripts\downloads\DownloadEntryUI.cs(46,46): error CS0103: The name 'FileName' does not exist in the current context [E:\Projects\romm-frontend\romm-frontend.csproj]
E:\Projects\romm-frontend\scripts\downloads\DownloadEntryUI.cs(55,9): error CS0103: The name 'FileName' does not exist in the current context [E:\Projects\romm-frontend\romm-frontend.csproj]
E:\Projects\romm-frontend\scripts\autoloads\EmulatorManager.cs(450,79): error CS1061: 'ConfigManager' does not contain a definition for 'EmulatorsPath' and no accessible extension method 'EmulatorsPath' accepting a first argument of type 'ConfigManager' could be found (are you missing a using directive or an assembly reference?) [E:\Projects\romm-frontend\romm-frontend.csproj]
E:\Projects\romm-frontend\scripts\autoloads\EmulatorManager.cs(469,58): error CS1061: 'EmulatorMeta' does not contain a definition for 'SettingsFields' and no accessible extension method 'SettingsFields' accepting a first argument of type 'EmulatorMeta' could be found (are you missing a using directive or an assembly reference?) [E:\Projects\romm-frontend\romm-frontend.csproj]
E:\Projects\romm-frontend\scripts\autoloads\EmulatorManager.cs(471,72): error CS1061: 'EmulatorMeta' does not contain a definition for 'SettingsFields' and no accessible extension method 'SettingsFields' accepting a first argument of type 'EmulatorMeta' could be found (are you missing a using directive or an assembly reference?) [E:\Projects\romm-frontend\romm-frontend.csproj]
E:\Projects\romm-frontend\scripts\autoloads\EmulatorManager.cs(472,88): error CS1061: 'EmulatorSettingField' does not contain a definition for 'ConfigFileRelativePath' and no accessible extension method 'ConfigFileRelativePath' accepting a first argument of type 'EmulatorSettingField' could be found (are you missing a using directive or an assembly reference?) [E:\Projects\romm-frontend\romm-frontend.csproj]
E:\Projects\romm-frontend\scripts\autoloads\EmulatorManager.cs(472,156): error CS1061: 'EmulatorSettingField' does not contain a definition for 'ConfigSection' and no accessible extension method 'ConfigSection' accepting a first argument of type 'EmulatorSettingField' could be found (are you missing a using directive or an assembly reference?) [E:\Projects\romm-frontend\romm-frontend.csproj]
E:\Projects\romm-frontend\scripts\autoloads\EmulatorManager.cs(472,215): error CS1061: 'EmulatorSettingField' does not contain a definition for 'ConfigKey' and no accessible extension method 'ConfigKey' accepting a first argument of type 'EmulatorSettingField' could be found (are you missing a using directive or an assembly reference?) [E:\Projects\romm-frontend\romm-frontend.csproj]
E:\Projects\romm-frontend\scripts\autoloads\EmulatorManager.cs(477,100): error CS1061: 'ConfigManager' does not contain a definition for 'EmulatorsPath' and no accessible extension method 'EmulatorsPath' accepting a first argument of type 'ConfigManager' could be found (are you missing a using directive or an assembly reference?) [E:\Projects\romm-frontend\romm-frontend.csproj]
E:\Projects\romm-frontend\scripts\autoloads\EmulatorManager.cs(478,116): error CS1061: 'EmulatorSettingField' does not contain a definition for 'ConfigFileRelativePath' and no accessible extension method 'ConfigFileRelativePath' accepting a first argument of type 'EmulatorSettingField' could be found (are you missing a using directive or an assembly reference?) [E:\Projects\romm-frontend\romm-frontend.csproj]
E:\Projects\romm-frontend\scripts\autoloads\EmulatorManager.cs(504,91): error CS1061: 'EmulatorSettingField' does not contain a definition for 'ConfigSection' and no accessible extension method 'ConfigSection' accepting a first argument of type 'EmulatorSettingField' could be found (are you missing a using directive or an assembly reference?) [E:\Projects\romm-frontend\romm-frontend.csproj]
E:\Projects\romm-frontend\scripts\autoloads\EmulatorManager.cs(504,125): error CS1061: 'EmulatorSettingField' does not contain a definition for 'ConfigKey' and no accessible extension method 'ConfigKey' accepting a first argument of type 'EmulatorSettingField' could be found (are you missing a using directive or an assembly reference?) [E:\Projects\romm-frontend\romm-frontend.csproj]
E:\Projects\romm-frontend\scripts\autoloads\EmulatorManager.cs(514,78): error CS1061: 'ConfigManager' does not contain a definition for 'EmulatorsPath' and no accessible extension method 'EmulatorsPath' accepting a first argument of type 'ConfigManager' could be found (are you missing a using directive or an assembly reference?) [E:\Projects\romm-frontend\romm-frontend.csproj]
E:\Projects\romm-frontend\scripts\autoloads\SaveSyncManager.cs(32,76): error CS1061: 'Game' does not contain a definition for 'Id' and no accessible extension method 'Id' accepting a first argument of type 'Game' could be found (are you missing a using directive or an assembly reference?) [E:\Projects\romm-frontend\romm-frontend.csproj]
E:\Projects\romm-frontend\scripts\autoloads\SaveSyncManager.cs(59,71): error CS1061: 'Game' does not contain a definition for 'Name' and no accessible extension method 'Name' accepting a first argument of type 'Game' could be found (are you missing a using directive or an assembly reference?) [E:\Projects\romm-frontend\romm-frontend.csproj]
E:\Projects\romm-frontend\scripts\autoloads\SaveSyncManager.cs(72,29): error CS0117: 'ClientSaveState' does not contain a definition for 'RomId' [E:\Projects\romm-frontend\romm-frontend.csproj]
E:\Projects\romm-frontend\scripts\autoloads\SaveSyncManager.cs(72,42): error CS1061: 'Game' does not contain a definition for 'Id' and no accessible extension method 'Id' accepting a first argument of type 'Game' could be found (are you missing a using directive or an assembly reference?) [E:\Projects\romm-frontend\romm-frontend.csproj]
E:\Projects\romm-frontend\scripts\autoloads\SaveSyncManager.cs(73,29): error CS0117: 'ClientSaveState' does not contain a definition for 'FileName' [E:\Projects\romm-frontend\romm-frontend.csproj]
E:\Projects\romm-frontend\scripts\autoloads\SaveSyncManager.cs(74,29): error CS0117: 'ClientSaveState' does not contain a definition for 'UpdatedAt' [E:\Projects\romm-frontend\romm-frontend.csproj]
E:\Projects\romm-frontend\scripts\autoloads\SaveSyncManager.cs(75,29): error CS0117: 'ClientSaveState' does not contain a definition for 'FileSizeBytes' [E:\Projects\romm-frontend\romm-frontend.csproj]
E:\Projects\romm-frontend\scripts\autoloads\SaveSyncManager.cs(82,29): error CS0117: 'ClientSaveState' does not contain a definition for 'RomId' [E:\Projects\romm-frontend\romm-frontend.csproj]
E:\Projects\romm-frontend\scripts\autoloads\SaveSyncManager.cs(82,42): error CS1061: 'Game' does not contain a definition for 'Id' and no accessible extension method 'Id' accepting a first argument of type 'Game' could be found (are you missing a using directive or an assembly reference?) [E:\Projects\romm-frontend\romm-frontend.csproj]
E:\Projects\romm-frontend\scripts\autoloads\SaveSyncManager.cs(83,29): error CS0117: 'ClientSaveState' does not contain a definition for 'FileName' [E:\Projects\romm-frontend\romm-frontend.csproj]
E:\Projects\romm-frontend\scripts\autoloads\SaveSyncManager.cs(84,29): error CS0117: 'ClientSaveState' does not contain a definition for 'UpdatedAt' [E:\Projects\romm-frontend\romm-frontend.csproj]
E:\Projects\romm-frontend\scripts\autoloads\SaveSyncManager.cs(85,29): error CS0117: 'ClientSaveState' does not contain a definition for 'FileSizeBytes' [E:\Projects\romm-frontend\romm-frontend.csproj]
E:\Projects\romm-frontend\scripts\autoloads\SaveSyncManager.cs(99,13): error CS0117: 'SyncNegotiatePayload' does not contain a definition for 'DeviceId' [E:\Projects\romm-frontend\romm-frontend.csproj]
E:\Projects\romm-frontend\scripts\autoloads\SaveSyncManager.cs(100,13): error CS0117: 'SyncNegotiatePayload' does not contain a definition for 'Saves' [E:\Projects\romm-frontend\romm-frontend.csproj]
E:\Projects\romm-frontend\scripts\autoloads\SaveSyncManager.cs(103,42): error CS1061: 'SyncNegotiateResponse' does not contain a definition for 'Operations' and no accessible extension method 'Operations' accepting a first argument of type 'SyncNegotiateResponse' could be found (are you missing a using directive or an assembly reference?) [E:\Projects\romm-frontend\romm-frontend.csproj]
E:\Projects\romm-frontend\scripts\autoloads\SaveSyncManager.cs(105,36): error CS1061: 'SyncNegotiateResponse' does not contain a definition for 'Operations' and no accessible extension method 'Operations' accepting a first argument of type 'SyncNegotiateResponse' could be found (are you missing a using directive or an assembly reference?) [E:\Projects\romm-frontend\romm-frontend.csproj]
E:\Projects\romm-frontend\scripts\autoloads\SaveSyncManager.cs(105,74): error CS1061: 'Game' does not contain a definition for 'Id' and no accessible extension method 'Id' accepting a first argument of type 'Game' could be found (are you missing a using directive or an assembly reference?) [E:\Projects\romm-frontend\romm-frontend.csproj]
E:\Projects\romm-frontend\scripts\autoloads\SaveSyncManager.cs(114,77): error CS1061: 'Game' does not contain a definition for 'Name' and no accessible extension method 'Name' accepting a first argument of type 'Game' could be found (are you missing a using directive or an assembly reference?) [E:\Projects\romm-frontend\romm-frontend.csproj]
E:\Projects\romm-frontend\scripts\autoloads\SaveSyncManager.cs(126,63): error CS1061: 'Game' does not contain a definition for 'Name' and no accessible extension method 'Name' accepting a first argument of type 'Game' could be found (are you missing a using directive or an assembly reference?) [E:\Projects\romm-frontend\romm-frontend.csproj]
E:\Projects\romm-frontend\scripts\autoloads\SaveSyncManager.cs(139,17): error CS0117: 'SyncCompletePayload' does not contain a definition for 'OperationsCompleted' [E:\Projects\romm-frontend\romm-frontend.csproj]
E:\Projects\romm-frontend\scripts\autoloads\SaveSyncManager.cs(140,17): error CS0117: 'SyncCompletePayload' does not contain a definition for 'OperationsFailed' [E:\Projects\romm-frontend\romm-frontend.csproj]
E:\Projects\romm-frontend\scripts\autoloads\SaveSyncManager.cs(141,17): error CS0117: 'SyncCompletePayload' does not contain a definition for 'PlaySessions' [E:\Projects\romm-frontend\romm-frontend.csproj]
E:\Projects\romm-frontend\scripts\autoloads\SaveSyncManager.cs(143,92): error CS1061: 'SyncNegotiateResponse' does not contain a definition for 'SessionId' and no accessible extension method 'SessionId' accepting a first argument of type 'SyncNegotiateResponse' could be found (are you missing a using directive or an assembly reference?) [E:\Projects\romm-frontend\romm-frontend.csproj]
E:\Projects\romm-frontend\scripts\autoloads\EmulatorManager.cs(528,61): error CS1061: 'ConfigManager' does not contain a definition for 'InstallScriptsPath' and no accessible extension method 'InstallScriptsPath' accepting a first argument of type 'ConfigManager' could be found (are you missing a using directive or an assembly reference?) [E:\Projects\romm-frontend\romm-frontend.csproj]
E:\Projects\romm-frontend\scripts\autoloads\EmulatorManager.cs(555,69): error CS1061: 'ConfigManager' does not contain a definition for 'EmulatorsPath' and no accessible extension method 'EmulatorsPath' accepting a first argument of type 'ConfigManager' could be found (are you missing a using directive or an assembly reference?) [E:\Projects\romm-frontend\romm-frontend.csproj]
E:\Projects\romm-frontend\scripts\autoloads\AppUpdater.cs(79,37): error CS1061: 'GithubReleaseInfo' does not contain a definition for 'Assets' and no accessible extension method 'Assets' accepting a first argument of type 'GithubReleaseInfo' could be found (are you missing a using directive or an assembly reference?) [E:\Projects\romm-frontend\romm-frontend.csproj]
E:\Projects\romm-frontend\scripts\autoloads\AppUpdater.cs(82,37): error CS1061: 'GithubReleaseInfo' does not contain a definition for 'Assets' and no accessible extension method 'Assets' accepting a first argument of type 'GithubReleaseInfo' could be found (are you missing a using directive or an assembly reference?) [E:\Projects\romm-frontend\romm-frontend.csproj]
E:\Projects\romm-frontend\scripts\autoloads\DownloadManager.cs(71,57): error CS1061: 'DownloadManager.ActiveDownloadEntry' does not contain a definition for 'FileName' and no accessible extension method 'FileName' accepting a first argument of type 'DownloadManager.ActiveDownloadEntry' could be found (are you missing a using directive or an assembly reference?) [E:\Projects\romm-frontend\romm-frontend.csproj]
E:\Projects\romm-frontend\scripts\autoloads\EmulatorManager.cs(592,46): error CS1061: 'GameSystem' does not contain a definition for 'PrefferedFirmware' and no accessible extension method 'PrefferedFirmware' accepting a first argument of type 'GameSystem' could be found (are you missing a using directive or an assembly reference?) [E:\Projects\romm-frontend\romm-frontend.csproj]
E:\Projects\romm-frontend\scripts\autoloads\EmulatorManager.cs(594,48): error CS1061: 'GameSystem' does not contain a definition for 'PrefferedFirmware' and no accessible extension method 'PrefferedFirmware' accepting a first argument of type 'GameSystem' could be found (are you missing a using directive or an assembly reference?) [E:\Projects\romm-frontend\romm-frontend.csproj]
E:\Projects\romm-frontend\scripts\autoloads\EmulatorManager.cs(596,62): error CS1061: 'ConfigManager' does not contain a definition for 'BiosPath' and no accessible extension method 'BiosPath' accepting a first argument of type 'ConfigManager' could be found (are you missing a using directive or an assembly reference?) [E:\Projects\romm-frontend\romm-frontend.csproj]
E:\Projects\romm-frontend\scripts\autoloads\EmulatorManager.cs(596,91): error CS1061: 'GameSystem' does not contain a definition for 'Slug' and no accessible extension method 'Slug' accepting a first argument of type 'GameSystem' could be found (are you missing a using directive or an assembly reference?) [E:\Projects\romm-frontend\romm-frontend.csproj]
E:\Projects\romm-frontend\scripts\autoloads\SaveSyncManager.cs(207,71): error CS1061: 'Game' does not contain a definition for 'Name' and no accessible extension method 'Name' accepting a first argument of type 'Game' could be found (are you missing a using directive or an assembly reference?) [E:\Projects\romm-frontend\romm-frontend.csproj]
E:\Projects\romm-frontend\scripts\autoloads\SaveSyncManager.cs(208,83): error CS1061: 'Game' does not contain a definition for 'Id' and no accessible extension method 'Id' accepting a first argument of type 'Game' could be found (are you missing a using directive or an assembly reference?) [E:\Projects\romm-frontend\romm-frontend.csproj]
E:\Projects\romm-frontend\scripts\autoloads\SaveSyncManager.cs(214,66): error CS1061: 'Game' does not contain a definition for 'Name' and no accessible extension method 'Name' accepting a first argument of type 'Game' could be found (are you missing a using directive or an assembly reference?) [E:\Projects\romm-frontend\romm-frontend.csproj]
E:\Projects\romm-frontend\scripts\autoloads\SaveSyncManager.cs(215,83): error CS1061: 'Game' does not contain a definition for 'Id' and no accessible extension method 'Id' accepting a first argument of type 'Game' could be found (are you missing a using directive or an assembly reference?) [E:\Projects\romm-frontend\romm-frontend.csproj]
E:\Projects\romm-frontend\scripts\autoloads\SaveSyncManager.cs(223,13): error CS0117: 'SyncNegotiatePayload' does not contain a definition for 'DeviceId' [E:\Projects\romm-frontend\romm-frontend.csproj]
E:\Projects\romm-frontend\scripts\autoloads\SaveSyncManager.cs(224,13): error CS0117: 'SyncNegotiatePayload' does not contain a definition for 'Saves' [E:\Projects\romm-frontend\romm-frontend.csproj]
E:\Projects\romm-frontend\scripts\autoloads\SaveSyncManager.cs(231,30): error CS1061: 'Game' does not contain a definition for 'Id' and no accessible extension method 'Id' accepting a first argument of type 'Game' could be found (are you missing a using directive or an assembly reference?) [E:\Projects\romm-frontend\romm-frontend.csproj]
E:\Projects\romm-frontend\scripts\autoloads\SaveSyncManager.cs(232,17): error CS0117: 'SyncPlaySessionEntry' does not contain a definition for 'StartTime' [E:\Projects\romm-frontend\romm-frontend.csproj]
E:\Projects\romm-frontend\scripts\autoloads\SaveSyncManager.cs(233,17): error CS0117: 'SyncPlaySessionEntry' does not contain a definition for 'EndTime' [E:\Projects\romm-frontend\romm-frontend.csproj]
E:\Projects\romm-frontend\scripts\autoloads\SaveSyncManager.cs(234,17): error CS0117: 'SyncPlaySessionEntry' does not contain a definition for 'DurationMs' [E:\Projects\romm-frontend\romm-frontend.csproj]
E:\Projects\romm-frontend\scripts\autoloads\SaveSyncManager.cs(238,17): error CS0117: 'SyncCompletePayload' does not contain a definition for 'OperationsCompleted' [E:\Projects\romm-frontend\romm-frontend.csproj]
E:\Projects\romm-frontend\scripts\autoloads\SaveSyncManager.cs(239,17): error CS0117: 'SyncCompletePayload' does not contain a definition for 'OperationsFailed' [E:\Projects\romm-frontend\romm-frontend.csproj]
E:\Projects\romm-frontend\scripts\autoloads\SaveSyncManager.cs(240,17): error CS0117: 'SyncCompletePayload' does not contain a definition for 'PlaySessions' [E:\Projects\romm-frontend\romm-frontend.csproj]
E:\Projects\romm-frontend\scripts\autoloads\SaveSyncManager.cs(242,83): error CS1061: 'SyncNegotiateResponse' does not contain a definition for 'SessionId' and no accessible extension method 'SessionId' accepting a first argument of type 'SyncNegotiateResponse' could be found (are you missing a using directive or an assembly reference?) [E:\Projects\romm-frontend\romm-frontend.csproj]
E:\Projects\romm-frontend\scripts\autoloads\DownloadManager.cs(75,89): error CS1061: 'DownloadManager.ActiveDownloadEntry' does not contain a definition for 'FileName' and no accessible extension method 'FileName' accepting a first argument of type 'DownloadManager.ActiveDownloadEntry' could be found (are you missing a using directive or an assembly reference?) [E:\Projects\romm-frontend\romm-frontend.csproj]
E:\Projects\romm-frontend\scripts\autoloads\DownloadManager.cs(87,68): error CS1061: 'DownloadManager.ActiveDownloadEntry' does not contain a definition for 'DestinationPath' and no accessible extension method 'DestinationPath' accepting a first argument of type 'DownloadManager.ActiveDownloadEntry' could be found (are you missing a using directive or an assembly reference?) [E:\Projects\romm-frontend\romm-frontend.csproj]
E:\Projects\romm-frontend\scripts\autoloads\DownloadManager.cs(91,75): error CS1061: 'DownloadManager.ActiveDownloadEntry' does not contain a definition for 'FileName' and no accessible extension method 'FileName' accepting a first argument of type 'DownloadManager.ActiveDownloadEntry' could be found (are you missing a using directive or an assembly reference?) [E:\Projects\romm-frontend\romm-frontend.csproj]
E:\Projects\romm-frontend\scripts\autoloads\DownloadManager.cs(92,53): error CS1061: 'DownloadManager.ActiveDownloadEntry' does not contain a definition for 'DestinationPath' and no accessible extension method 'DestinationPath' accepting a first argument of type 'DownloadManager.ActiveDownloadEntry' could be found (are you missing a using directive or an assembly reference?) [E:\Projects\romm-frontend\romm-frontend.csproj]
E:\Projects\romm-frontend\scripts\autoloads\DownloadManager.cs(94,56): error CS1061: 'DownloadManager.ActiveDownloadEntry' does not contain a definition for 'DestinationPath' and no accessible extension method 'DestinationPath' accepting a first argument of type 'DownloadManager.ActiveDownloadEntry' could be found (are you missing a using directive or an assembly reference?) [E:\Projects\romm-frontend\romm-frontend.csproj]
E:\Projects\romm-frontend\scripts\autoloads\DownloadManager.cs(97,64): error CS1061: 'DownloadManager.ActiveDownloadEntry' does not contain a definition for 'FileName' and no accessible extension method 'FileName' accepting a first argument of type 'DownloadManager.ActiveDownloadEntry' could be found (are you missing a using directive or an assembly reference?) [E:\Projects\romm-frontend\romm-frontend.csproj]
E:\Projects\romm-frontend\scripts\autoloads\DownloadManager.cs(99,23): error CS1061: 'DownloadManager.ActiveDownloadEntry' does not contain a definition for 'Request' and no accessible extension method 'Request' accepting a first argument of type 'DownloadManager.ActiveDownloadEntry' could be found (are you missing a using directive or an assembly reference?) [E:\Projects\romm-frontend\romm-frontend.csproj]
E:\Projects\romm-frontend\scripts\autoloads\SaveSyncManager.cs(248,36): error CS1061: 'Game' does not contain a definition for 'System' and no accessible extension method 'System' accepting a first argument of type 'Game' could be found (are you missing a using directive or an assembly reference?) [E:\Projects\romm-frontend\romm-frontend.csproj]
E:\Projects\romm-frontend\scripts\autoloads\SaveSyncManager.cs(262,98): error CS1061: 'ConfigManager' does not contain a definition for 'EmulatorsPath' and no accessible extension method 'EmulatorsPath' accepting a first argument of type 'ConfigManager' could be found (are you missing a using directive or an assembly reference?) [E:\Projects\romm-frontend\romm-frontend.csproj]
E:\Projects\romm-frontend\scripts\autoloads\EmulatorManager.cs(633,30): error CS1061: 'EmulatorMeta' does not contain a definition for 'SettingsFields' and no accessible extension method 'SettingsFields' accepting a first argument of type 'EmulatorMeta' could be found (are you missing a using directive or an assembly reference?) [E:\Projects\romm-frontend\romm-frontend.csproj]
E:\Projects\romm-frontend\scripts\autoloads\EmulatorManager.cs(635,55): error CS1061: 'EmulatorMeta' does not contain a definition for 'SettingsFields' and no accessible extension method 'SettingsFields' accepting a first argument of type 'EmulatorMeta' could be found (are you missing a using directive or an assembly reference?) [E:\Projects\romm-frontend\romm-frontend.csproj]
E:\Projects\romm-frontend\scripts\login\LoadingScreen.cs(28,52): error CS1061: 'GameSystem' does not contain a definition for 'Id' and no accessible extension method 'Id' accepting a first argument of type 'GameSystem' could be found (are you missing a using directive or an assembly reference?) [E:\Projects\romm-frontend\romm-frontend.csproj]
E:\Projects\romm-frontend\scripts\login\LoadingScreen.cs(32,30): error CS1061: 'Game' does not contain a definition for 'System' and no accessible extension method 'System' accepting a first argument of type 'Game' could be found (are you missing a using directive or an assembly reference?) [E:\Projects\romm-frontend\romm-frontend.csproj]
E:\Projects\romm-frontend\scripts\login\LoginScreen.cs(25,56): error CS1061: 'ConfigManager' does not contain a definition for 'RomMHost' and no accessible extension method 'RomMHost' accepting a first argument of type 'ConfigManager' could be found (are you missing a using directive or an assembly reference?) [E:\Projects\romm-frontend\romm-frontend.csproj]
E:\Projects\romm-frontend\scripts\login\LoginScreen.cs(26,56): error CS1061: 'ConfigManager' does not contain a definition for 'RomMUsername' and no accessible extension method 'RomMUsername' accepting a first argument of type 'ConfigManager' could be found (are you missing a using directive or an assembly reference?) [E:\Projects\romm-frontend\romm-frontend.csproj]
E:\Projects\romm-frontend\scripts\login\LoginScreen.cs(27,60): error CS1061: 'ConfigManager' does not contain a definition for 'RomMPassword' and no accessible extension method 'RomMPassword' accepting a first argument of type 'ConfigManager' could be found (are you missing a using directive or an assembly reference?) [E:\Projects\romm-frontend\romm-frontend.csproj]
E:\Projects\romm-frontend\scripts\login\LoginScreen.cs(28,58): error CS1061: 'ConfigManager' does not contain a definition for 'RomMApiKey' and no accessible extension method 'RomMApiKey' accepting a first argument of type 'ConfigManager' could be found (are you missing a using directive or an assembly reference?) [E:\Projects\romm-frontend\romm-frontend.csproj]
E:\Projects\romm-frontend\scripts\login\LoginScreen.cs(32,61): error CS1061: 'ConfigManager' does not contain a definition for 'RomMHost' and no accessible extension method 'RomMHost' accepting a first argument of type 'ConfigManager' could be found (are you missing a using directive or an assembly reference?) [E:\Projects\romm-frontend\romm-frontend.csproj]
E:\Projects\romm-frontend\scripts\login\LoginScreen.cs(33,61): error CS1061: 'ConfigManager' does not contain a definition for 'RomMUsername' and no accessible extension method 'RomMUsername' accepting a first argument of type 'ConfigManager' could be found (are you missing a using directive or an assembly reference?) [E:\Projects\romm-frontend\romm-frontend.csproj]
E:\Projects\romm-frontend\scripts\login\LoginScreen.cs(34,61): error CS1061: 'ConfigManager' does not contain a definition for 'RomMPassword' and no accessible extension method 'RomMPassword' accepting a first argument of type 'ConfigManager' could be found (are you missing a using directive or an assembly reference?) [E:\Projects\romm-frontend\romm-frontend.csproj]
E:\Projects\romm-frontend\scripts\login\LoginScreen.cs(35,61): error CS1061: 'ConfigManager' does not contain a definition for 'RomMApiKey' and no accessible extension method 'RomMApiKey' accepting a first argument of type 'ConfigManager' could be found (are you missing a using directive or an assembly reference?) [E:\Projects\romm-frontend\romm-frontend.csproj]
E:\Projects\romm-frontend\scripts\autoloads\RomMAPI.cs(108,86): error CS1061: 'GameSystem' does not contain a definition for 'Slug' and no accessible extension method 'Slug' accepting a first argument of type 'GameSystem' could be found (are you missing a using directive or an assembly reference?) [E:\Projects\romm-frontend\romm-frontend.csproj]
E:\Projects\romm-frontend\scripts\autoloads\RomMAPI.cs(110,40): error CS1061: 'GameSystem' does not contain a definition for 'MappedEmulator' and no accessible extension method 'MappedEmulator' accepting a first argument of type 'GameSystem' could be found (are you missing a using directive or an assembly reference?) [E:\Projects\romm-frontend\romm-frontend.csproj]
E:\Projects\romm-frontend\scripts\autoloads\RomMAPI.cs(110,114): error CS1061: 'GameSystem' does not contain a definition for 'Slug' and no accessible extension method 'Slug' accepting a first argument of type 'GameSystem' could be found (are you missing a using directive or an assembly reference?) [E:\Projects\romm-frontend\romm-frontend.csproj]
E:\Projects\romm-frontend\scripts\autoloads\RomMAPI.cs(113,66): error CS1061: 'GameSystem' does not contain a definition for 'RomCount' and no accessible extension method 'RomCount' accepting a first argument of type 'GameSystem' could be found (are you missing a using directive or an assembly reference?) [E:\Projects\romm-frontend\romm-frontend.csproj]
E:\Projects\romm-frontend\scripts\main\GameGridItem.cs(40,31): error CS1061: 'Game' does not contain a definition for 'Name' and no accessible extension method 'Name' accepting a first argument of type 'Game' could be found (are you missing a using directive or an assembly reference?) [E:\Projects\romm-frontend\romm-frontend.csproj]
E:\Projects\romm-frontend\scripts\main\GameGridItem.cs(37,9): warning CS1717: Assignment made to same variable; did you mean to assign something else? [E:\Projects\romm-frontend\romm-frontend.csproj]
E:\Projects\romm-frontend\scripts\main\MainScene.cs(86,17): error CS0103: The name 'LaunchEmulatorPopupOption' does not exist in the current context [E:\Projects\romm-frontend\romm-frontend.csproj]
E:\Projects\romm-frontend\scripts\main\MainScene.cs(87,17): error CS0103: The name 'SelectBiosPopupOption' does not exist in the current context [E:\Projects\romm-frontend\romm-frontend.csproj]
E:\Projects\romm-frontend\scripts\main\MainScene.cs(88,17): error CS0103: The name 'SettingsPopupOption' does not exist in the current context [E:\Projects\romm-frontend\romm-frontend.csproj]
E:\Projects\romm-frontend\scripts\main\MainScene.cs(89,17): error CS0103: The name 'RefreshGamesPopupOption' does not exist in the current context [E:\Projects\romm-frontend\romm-frontend.csproj]
E:\Projects\romm-frontend\scripts\main\MainScene.cs(90,17): error CS0103: The name 'RefreshCurrentSystemGamesPopupOption' does not exist in the current context [E:\Projects\romm-frontend\romm-frontend.csproj]
E:\Projects\romm-frontend\scripts\main\MainScene.cs(91,17): error CS0103: The name 'QuitPopupOption' does not exist in the current context [E:\Projects\romm-frontend\romm-frontend.csproj]
E:\Projects\romm-frontend\scripts\ui\VerticalCarousel.cs(35,13): error CS0103: The name 'SelectedIndex' does not exist in the current context [E:\Projects\romm-frontend\romm-frontend.csproj]
E:\Projects\romm-frontend\scripts\ui\VerticalCarousel.cs(35,30): error CS0103: The name 'SelectedIndex' does not exist in the current context [E:\Projects\romm-frontend\romm-frontend.csproj]
E:\Projects\romm-frontend\scripts\ui\VerticalCarousel.cs(41,13): error CS0103: The name 'SelectedIndex' does not exist in the current context [E:\Projects\romm-frontend\romm-frontend.csproj]
E:\Projects\romm-frontend\scripts\ui\VerticalCarousel.cs(41,30): error CS0103: The name 'SelectedIndex' does not exist in the current context [E:\Projects\romm-frontend\romm-frontend.csproj]
E:\Projects\romm-frontend\scripts\ui\VerticalCarousel.cs(47,49): error CS0103: The name 'SelectedIndex' does not exist in the current context [E:\Projects\romm-frontend\romm-frontend.csproj]
E:\Projects\romm-frontend\scripts\login\LoadingScreen.cs(86,58): error CS1061: 'GameResponse' does not contain a definition for 'Games' and no accessible extension method 'Games' accepting a first argument of type 'GameResponse' could be found (are you missing a using directive or an assembly reference?) [E:\Projects\romm-frontend\romm-frontend.csproj]
E:\Projects\romm-frontend\scripts\login\LoadingScreen.cs(86,88): error CS1061: 'GameResponse' does not contain a definition for 'Games' and no accessible extension method 'Games' accepting a first argument of type 'GameResponse' could be found (are you missing a using directive or an assembly reference?) [E:\Projects\romm-frontend\romm-frontend.csproj]
E:\Projects\romm-frontend\scripts\login\LoadingScreen.cs(88,54): error CS1061: 'GameResponse' does not contain a definition for 'Games' and no accessible extension method 'Games' accepting a first argument of type 'GameResponse' could be found (are you missing a using directive or an assembly reference?) [E:\Projects\romm-frontend\romm-frontend.csproj]
E:\Projects\romm-frontend\scripts\login\LoadingScreen.cs(93,75): error CS1061: 'GameResponse' does not contain a definition for 'Total' and no accessible extension method 'Total' accepting a first argument of type 'GameResponse' could be found (are you missing a using directive or an assembly reference?) [E:\Projects\romm-frontend\romm-frontend.csproj]
E:\Projects\romm-frontend\scripts\login\LoadingScreen.cs(101,50): error CS1061: 'GameSystem' does not contain a definition for 'Id' and no accessible extension method 'Id' accepting a first argument of type 'GameSystem' could be found (are you missing a using directive or an assembly reference?) [E:\Projects\romm-frontend\romm-frontend.csproj]
E:\Projects\romm-frontend\scripts\login\LoadingScreen.cs(102,74): error CS1061: 'GameSystem' does not contain a definition for 'Name' and no accessible extension method 'Name' accepting a first argument of type 'GameSystem' could be found (are you missing a using directive or an assembly reference?) [E:\Projects\romm-frontend\romm-frontend.csproj]
E:\Projects\romm-frontend\scripts\ui\VerticalCarousel.cs(63,13): error CS0103: The name 'SelectedIndex' does not exist in the current context [E:\Projects\romm-frontend\romm-frontend.csproj]
E:\Projects\romm-frontend\scripts\ui\VerticalCarousel.cs(65,13): error CS0103: The name 'SelectedIndex' does not exist in the current context [E:\Projects\romm-frontend\romm-frontend.csproj]
E:\Projects\romm-frontend\scripts\autoloads\RomMAPI.cs(132,87): error CS1061: 'GameSystem' does not contain a definition for 'Id' and no accessible extension method 'Id' accepting a first argument of type 'GameSystem' could be found (are you missing a using directive or an assembly reference?) [E:\Projects\romm-frontend\romm-frontend.csproj]
E:\Projects\romm-frontend\scripts\autoloads\RomMAPI.cs(146,47): error CS1061: 'GameResponse' does not contain a definition for 'Games' and no accessible extension method 'Games' accepting a first argument of type 'GameResponse' could be found (are you missing a using directive or an assembly reference?) [E:\Projects\romm-frontend\romm-frontend.csproj]
E:\Projects\romm-frontend\scripts\autoloads\RomMAPI.cs(154,49): error CS1061: 'RomFile' does not contain a definition for 'Id' and no accessible extension method 'Id' accepting a first argument of type 'RomFile' could be found (are you missing a using directive or an assembly reference?) [E:\Projects\romm-frontend\romm-frontend.csproj]
E:\Projects\romm-frontend\scripts\autoloads\RomMAPI.cs(156,49): error CS1061: 'RomFile' does not contain a definition for 'FileName' and no accessible extension method 'FileName' accepting a first argument of type 'RomFile' could be found (are you missing a using directive or an assembly reference?) [E:\Projects\romm-frontend\romm-frontend.csproj]
E:\Projects\romm-frontend\scripts\autoloads\RomMAPI.cs(158,49): error CS1061: 'RomFile' does not contain a definition for 'FullPath' and no accessible extension method 'FullPath' accepting a first argument of type 'RomFile' could be found (are you missing a using directive or an assembly reference?) [E:\Projects\romm-frontend\romm-frontend.csproj]
E:\Projects\romm-frontend\scripts\autoloads\RomMAPI.cs(161,42): error CS1061: 'GameResponse' does not contain a definition for 'Games' and no accessible extension method 'Games' accepting a first argument of type 'GameResponse' could be found (are you missing a using directive or an assembly reference?) [E:\Projects\romm-frontend\romm-frontend.csproj]
E:\Projects\romm-frontend\scripts\autoloads\RomMAPI.cs(175,75): error CS1061: 'GameSystem' does not contain a definition for 'Name' and no accessible extension method 'Name' accepting a first argument of type 'GameSystem' could be found (are you missing a using directive or an assembly reference?) [E:\Projects\romm-frontend\romm-frontend.csproj]
E:\Projects\romm-frontend\scripts\autoloads\EmulatorManager.cs(701,18): error CS1061: 'Game' does not contain a definition for 'System' and no accessible extension method 'System' accepting a first argument of type 'Game' could be found (are you missing a using directive or an assembly reference?) [E:\Projects\romm-frontend\romm-frontend.csproj]
E:\Projects\romm-frontend\scripts\autoloads\EmulatorManager.cs(706,60): error CS1061: 'Game' does not contain a definition for 'System' and no accessible extension method 'System' accepting a first argument of type 'Game' could be found (are you missing a using directive or an assembly reference?) [E:\Projects\romm-frontend\romm-frontend.csproj]
E:\Projects\romm-frontend\scripts\autoloads\EmulatorManager.cs(709,64): error CS1061: 'Game' does not contain a definition for 'System' and no accessible extension method 'System' accepting a first argument of type 'Game' could be found (are you missing a using directive or an assembly reference?) [E:\Projects\romm-frontend\romm-frontend.csproj]
E:\Projects\romm-frontend\scripts\autoloads\EmulatorManager.cs(709,84): error CS1061: 'Game' does not contain a definition for 'System' and no accessible extension method 'System' accepting a first argument of type 'Game' could be found (are you missing a using directive or an assembly reference?) [E:\Projects\romm-frontend\romm-frontend.csproj]
E:\Projects\romm-frontend\scripts\autoloads\EmulatorManager.cs(731,86): error CS1061: 'ConfigManager' does not contain a definition for 'EmulatorsPath' and no accessible extension method 'EmulatorsPath' accepting a first argument of type 'ConfigManager' could be found (are you missing a using directive or an assembly reference?) [E:\Projects\romm-frontend\romm-frontend.csproj]
E:\Projects\romm-frontend\scripts\autoloads\EmulatorManager.cs(734,22): error CS1061: 'Game' does not contain a definition for 'Files' and no accessible extension method 'Files' accepting a first argument of type 'Game' could be found (are you missing a using directive or an assembly reference?) [E:\Projects\romm-frontend\romm-frontend.csproj]
E:\Projects\romm-frontend\scripts\autoloads\EmulatorManager.cs(734,44): error CS1061: 'Game' does not contain a definition for 'Files' and no accessible extension method 'Files' accepting a first argument of type 'Game' could be found (are you missing a using directive or an assembly reference?) [E:\Projects\romm-frontend\romm-frontend.csproj]
E:\Projects\romm-frontend\scripts\autoloads\EmulatorManager.cs(739,39): error CS1061: 'Game' does not contain a definition for 'Files' and no accessible extension method 'Files' accepting a first argument of type 'Game' could be found (are you missing a using directive or an assembly reference?) [E:\Projects\romm-frontend\romm-frontend.csproj]
E:\Projects\romm-frontend\scripts\autoloads\EmulatorManager.cs(740,90): error CS1061: 'ConfigManager' does not contain a definition for 'RomsPath' and no accessible extension method 'RomsPath' accepting a first argument of type 'ConfigManager' could be found (are you missing a using directive or an assembly reference?) [E:\Projects\romm-frontend\romm-frontend.csproj]
E:\Projects\romm-frontend\scripts\autoloads\EmulatorManager.cs(740,105): error CS1061: 'Game' does not contain a definition for 'System' and no accessible extension method 'System' accepting a first argument of type 'Game' could be found (are you missing a using directive or an assembly reference?) [E:\Projects\romm-frontend\romm-frontend.csproj]
E:\Projects\romm-frontend\scripts\autoloads\EmulatorManager.cs(741,55): error CS1061: 'EmulatorMeta' does not contain a definition for 'LaunchArgsWithGame' and no accessible extension method 'LaunchArgsWithGame' accepting a first argument of type 'EmulatorMeta' could be found (are you missing a using directive or an assembly reference?) [E:\Projects\romm-frontend\romm-frontend.csproj]
E:\Projects\romm-frontend\scripts\autoloads\EmulatorManager.cs(748,60): error CS1061: 'Game' does not contain a definition for 'System' and no accessible extension method 'System' accepting a first argument of type 'Game' could be found (are you missing a using directive or an assembly reference?) [E:\Projects\romm-frontend\romm-frontend.csproj]
E:\Projects\romm-frontend\scripts\autoloads\EmulatorManager.cs(751,34): error CS1061: 'EmulatorMeta' does not contain a definition for 'SettingsFields' and no accessible extension method 'SettingsFields' accepting a first argument of type 'EmulatorMeta' could be found (are you missing a using directive or an assembly reference?) [E:\Projects\romm-frontend\romm-frontend.csproj]
E:\Projects\romm-frontend\scripts\autoloads\EmulatorManager.cs(753,63): error CS1061: 'EmulatorMeta' does not contain a definition for 'SettingsFields' and no accessible extension method 'SettingsFields' accepting a first argument of type 'EmulatorMeta' could be found (are you missing a using directive or an assembly reference?) [E:\Projects\romm-frontend\romm-frontend.csproj]
E:\Projects\romm-frontend\scripts\autoloads\EmulatorManager.cs(760,81): error CS1061: 'Game' does not contain a definition for 'Id' and no accessible extension method 'Id' accepting a first argument of type 'Game' could be found (are you missing a using directive or an assembly reference?) [E:\Projects\romm-frontend\romm-frontend.csproj]
E:\Projects\romm-frontend\scripts\autoloads\EmulatorManager.cs(803,37): error CS1061: 'EmulatorMeta' does not contain a definition for 'LaunchArgsWithoutGame' and no accessible extension method 'LaunchArgsWithoutGame' accepting a first argument of type 'EmulatorMeta' could be found (are you missing a using directive or an assembly reference?) [E:\Projects\romm-frontend\romm-frontend.csproj]
E:\Projects\romm-frontend\scripts\autoloads\RomMAPI.cs(195,63): error CS1061: 'Game' does not contain a definition for 'Id' and no accessible extension method 'Id' accepting a first argument of type 'Game' could be found (are you missing a using directive or an assembly reference?) [E:\Projects\romm-frontend\romm-frontend.csproj]
E:\Projects\romm-frontend\scripts\login\LoadingScreen.cs(129,95): error CS1061: 'GameSystem' does not contain a definition for 'Id' and no accessible extension method 'Id' accepting a first argument of type 'GameSystem' could be found (are you missing a using directive or an assembly reference?) [E:\Projects\romm-frontend\romm-frontend.csproj]
E:\Projects\romm-frontend\scripts\login\LoadingScreen.cs(134,56): error CS1061: 'GameSystem' does not contain a definition for 'Slug' and no accessible extension method 'Slug' accepting a first argument of type 'GameSystem' could be found (are you missing a using directive or an assembly reference?) [E:\Projects\romm-frontend\romm-frontend.csproj]
E:\Projects\romm-frontend\scripts\login\LoadingScreen.cs(134,69): error CS1061: 'GameSystem' does not contain a definition for 'Name' and no accessible extension method 'Name' accepting a first argument of type 'GameSystem' could be found (are you missing a using directive or an assembly reference?) [E:\Projects\romm-frontend\romm-frontend.csproj]
E:\Projects\romm-frontend\scripts\login\LoadingScreen.cs(145,75): error CS1061: 'ConfigManager' does not contain a definition for 'BiosPath' and no accessible extension method 'BiosPath' accepting a first argument of type 'ConfigManager' could be found (are you missing a using directive or an assembly reference?) [E:\Projects\romm-frontend\romm-frontend.csproj]
E:\Projects\romm-frontend\scripts\login\LoadingScreen.cs(150,62): error CS1061: 'Firmware' does not contain a definition for 'FileName' and no accessible extension method 'FileName' accepting a first argument of type 'Firmware' could be found (are you missing a using directive or an assembly reference?) [E:\Projects\romm-frontend\romm-frontend.csproj]
E:\Projects\romm-frontend\scripts\login\LoadingScreen.cs(155,64): error CS1061: 'Firmware' does not contain a definition for 'FileName' and no accessible extension method 'FileName' accepting a first argument of type 'Firmware' could be found (are you missing a using directive or an assembly reference?) [E:\Projects\romm-frontend\romm-frontend.csproj]
E:\Projects\romm-frontend\scripts\login\LoadingScreen.cs(159,104): error CS1061: 'Firmware' does not contain a definition for 'FileName' and no accessible extension method 'FileName' accepting a first argument of type 'Firmware' could be found (are you missing a using directive or an assembly reference?) [E:\Projects\romm-frontend\romm-frontend.csproj]
E:\Projects\romm-frontend\scripts\login\LoadingScreen.cs(160,80): error CS1061: 'Firmware' does not contain a definition for 'FileName' and no accessible extension method 'FileName' accepting a first argument of type 'Firmware' could be found (are you missing a using directive or an assembly reference?) [E:\Projects\romm-frontend\romm-frontend.csproj]
E:\Projects\romm-frontend\scripts\ui\VerticalCarousel.cs(83,45): error CS0103: The name 'WindowWidthRatio' does not exist in the current context [E:\Projects\romm-frontend\romm-frontend.csproj]
E:\Projects\romm-frontend\scripts\ui\VerticalCarousel.cs(87,17): error CS0103: The name 'ScaleItemsToWindow' does not exist in the current context [E:\Projects\romm-frontend\romm-frontend.csproj]
E:\Projects\romm-frontend\scripts\ui\VerticalCarousel.cs(101,28): error CS0103: The name 'SelectedIndex' does not exist in the current context [E:\Projects\romm-frontend\romm-frontend.csproj]
E:\Projects\romm-frontend\scripts\ui\VerticalCarousel.cs(109,45): error CS0103: The name 'VisibleItemsHalfCount' does not exist in the current context [E:\Projects\romm-frontend\romm-frontend.csproj]
E:\Projects\romm-frontend\scripts\ui\VerticalCarousel.cs(110,48): error CS0103: The name 'ItemSpacing' does not exist in the current context [E:\Projects\romm-frontend\romm-frontend.csproj]
E:\Projects\romm-frontend\scripts\ui\VerticalCarousel.cs(111,73): error CS0103: The name 'DepthOffset' does not exist in the current context [E:\Projects\romm-frontend\romm-frontend.csproj]
E:\Projects\romm-frontend\scripts\ui\VerticalCarousel.cs(111,88): error CS0103: The name 'XOffset' does not exist in the current context [E:\Projects\romm-frontend\romm-frontend.csproj]
E:\Projects\romm-frontend\scripts\ui\VerticalCarousel.cs(113,53): error CS0103: The name 'MinimumScale' does not exist in the current context [E:\Projects\romm-frontend\romm-frontend.csproj]
E:\Projects\romm-frontend\scripts\ui\VerticalCarousel.cs(116,46): error CS0103: The name 'MinimumOpacity' does not exist in the current context [E:\Projects\romm-frontend\romm-frontend.csproj]
E:\Projects\romm-frontend\scripts\ui\VerticalCarousel.cs(117,28): error CS0103: The name 'VisibleItemsHalfCount' does not exist in the current context [E:\Projects\romm-frontend\romm-frontend.csproj]
E:\Projects\romm-frontend\scripts\ui\VerticalCarousel.cs(118,27): error CS0103: The name 'VisibleItemsHalfCount' does not exist in the current context [E:\Projects\romm-frontend\romm-frontend.csproj]
E:\Projects\romm-frontend\scripts\ui\VerticalCarousel.cs(118,51): error CS0103: The name 'PreloadItemsHalfCount' does not exist in the current context [E:\Projects\romm-frontend\romm-frontend.csproj]
E:\Projects\romm-frontend\scripts\ui\VerticalCarousel.cs(130,71): error CS0103: The name 'AnimationDuration' does not exist in the current context [E:\Projects\romm-frontend\romm-frontend.csproj]
E:\Projects\romm-frontend\scripts\ui\VerticalCarousel.cs(131,70): error CS0103: The name 'AnimationDuration' does not exist in the current context [E:\Projects\romm-frontend\romm-frontend.csproj]
E:\Projects\romm-frontend\scripts\ui\VerticalCarousel.cs(132,73): error CS0103: The name 'AnimationDuration' does not exist in the current context [E:\Projects\romm-frontend\romm-frontend.csproj]
E:\Projects\romm-frontend\scripts\ui\VerticalCarousel.cs(142,44): error CS0103: The name 'SelectedIndex' does not exist in the current context [E:\Projects\romm-frontend\romm-frontend.csproj]
E:\Projects\romm-frontend\scripts\utils\UniversalInstaller.cs(26,81): error CS1061: 'ConfigManager' does not contain a definition for 'EmulatorsPath' and no accessible extension method 'EmulatorsPath' accepting a first argument of type 'ConfigManager' could be found (are you missing a using directive or an assembly reference?) [E:\Projects\romm-frontend\romm-frontend.csproj]
E:\Projects\romm-frontend\scripts\utils\UniversalInstaller.cs(33,82): error CS1061: 'ConfigManager' does not contain a definition for 'DownloadsPath' and no accessible extension method 'DownloadsPath' accepting a first argument of type 'ConfigManager' could be found (are you missing a using directive or an assembly reference?) [E:\Projects\romm-frontend\romm-frontend.csproj]
E:\Projects\romm-frontend\scripts\utils\UniversalInstaller.cs(36,27): error CS1061: 'InstallRecipe' does not contain a definition for 'Extract' and no accessible extension method 'Extract' accepting a first argument of type 'InstallRecipe' could be found (are you missing a using directive or an assembly reference?) [E:\Projects\romm-frontend\romm-frontend.csproj]
E:\Projects\romm-frontend\scripts\utils\UniversalInstaller.cs(38,83): error CS1061: 'InstallRecipe' does not contain a definition for 'ExtractFolderRegex' and no accessible extension method 'ExtractFolderRegex' accepting a first argument of type 'InstallRecipe' could be found (are you missing a using directive or an assembly reference?) [E:\Projects\romm-frontend\romm-frontend.csproj]
E:\Projects\romm-frontend\scripts\utils\UniversalInstaller.cs(40,45): error CS1061: 'ConfigManager' does not contain a definition for 'EmulatorsPath' and no accessible extension method 'EmulatorsPath' accepting a first argument of type 'ConfigManager' could be found (are you missing a using directive or an assembly reference?) [E:\Projects\romm-frontend\romm-frontend.csproj]
E:\Projects\romm-frontend\scripts\utils\UniversalInstaller.cs(47,53): error CS1061: 'InstallRecipe' does not contain a definition for 'ExtractFolderRegex' and no accessible extension method 'ExtractFolderRegex' accepting a first argument of type 'InstallRecipe' could be found (are you missing a using directive or an assembly reference?) [E:\Projects\romm-frontend\romm-frontend.csproj]
E:\Projects\romm-frontend\scripts\utils\UniversalInstaller.cs(49,101): error CS1061: 'ConfigManager' does not contain a definition for 'EmulatorsPath' and no accessible extension method 'EmulatorsPath' accepting a first argument of type 'ConfigManager' could be found (are you missing a using directive or an assembly reference?) [E:\Projects\romm-frontend\romm-frontend.csproj]
E:\Projects\romm-frontend\scripts\utils\UniversalInstaller.cs(50,74): error CS1061: 'InstallRecipe' does not contain a definition for 'ExtractFolderRegex' and no accessible extension method 'ExtractFolderRegex' accepting a first argument of type 'InstallRecipe' could be found (are you missing a using directive or an assembly reference?) [E:\Projects\romm-frontend\romm-frontend.csproj]
E:\Projects\romm-frontend\scripts\main\MainScene.cs(180,86): error CS1061: 'GameSystem' does not contain a definition for 'Slug' and no accessible extension method 'Slug' accepting a first argument of type 'GameSystem' could be found (are you missing a using directive or an assembly reference?) [E:\Projects\romm-frontend\romm-frontend.csproj]
E:\Projects\romm-frontend\scripts\autoloads\EmulatorManager.cs(850,73): error CS1061: 'ConfigManager' does not contain a definition for 'EmulatorsPath' and no accessible extension method 'EmulatorsPath' accepting a first argument of type 'ConfigManager' could be found (are you missing a using directive or an assembly reference?) [E:\Projects\romm-frontend\romm-frontend.csproj]
E:\Projects\romm-frontend\scripts\autoloads\EmulatorManager.cs(853,55): error CS1061: 'EmulatorMeta' does not contain a definition for 'LaunchArgsWithoutGame' and no accessible extension method 'LaunchArgsWithoutGame' accepting a first argument of type 'EmulatorMeta' could be found (are you missing a using directive or an assembly reference?) [E:\Projects\romm-frontend\romm-frontend.csproj]
E:\Projects\romm-frontend\scripts\login\LoadingScreen.cs(174,57): error CS1061: 'ConfigManager' does not contain a definition for 'BiosPath' and no accessible extension method 'BiosPath' accepting a first argument of type 'ConfigManager' could be found (are you missing a using directive or an assembly reference?) [E:\Projects\romm-frontend\romm-frontend.csproj]
E:\Projects\romm-frontend\scripts\login\LoadingScreen.cs(174,82): error CS1061: 'GameSystem' does not contain a definition for 'Slug' and no accessible extension method 'Slug' accepting a first argument of type 'GameSystem' could be found (are you missing a using directive or an assembly reference?) [E:\Projects\romm-frontend\romm-frontend.csproj]
E:\Projects\romm-frontend\scripts\login\LoadingScreen.cs(177,90): error CS1061: 'GameSystem' does not contain a definition for 'Id' and no accessible extension method 'Id' accepting a first argument of type 'GameSystem' could be found (are you missing a using directive or an assembly reference?) [E:\Projects\romm-frontend\romm-frontend.csproj]
E:\Projects\romm-frontend\scripts\login\LoadingScreen.cs(188,24): error CS1061: 'GameSystem' does not contain a definition for 'AvailableFirmwares' and no accessible extension method 'AvailableFirmwares' accepting a first argument of type 'GameSystem' could be found (are you missing a using directive or an assembly reference?) [E:\Projects\romm-frontend\romm-frontend.csproj]
E:\Projects\romm-frontend\scripts\login\LoadingScreen.cs(189,49): error CS1061: 'GameSystem' does not contain a definition for 'PrefferedFirmware' and no accessible extension method 'PrefferedFirmware' accepting a first argument of type 'GameSystem' could be found (are you missing a using directive or an assembly reference?) [E:\Projects\romm-frontend\romm-frontend.csproj]
E:\Projects\romm-frontend\scripts\login\LoadingScreen.cs(189,78): error CS1061: 'GameSystem' does not contain a definition for 'AvailableFirmwares' and no accessible extension method 'AvailableFirmwares' accepting a first argument of type 'GameSystem' could be found (are you missing a using directive or an assembly reference?) [E:\Projects\romm-frontend\romm-frontend.csproj]
E:\Projects\romm-frontend\scripts\login\LoadingScreen.cs(191,28): error CS1061: 'GameSystem' does not contain a definition for 'PrefferedFirmware' and no accessible extension method 'PrefferedFirmware' accepting a first argument of type 'GameSystem' could be found (are you missing a using directive or an assembly reference?) [E:\Projects\romm-frontend\romm-frontend.csproj]
E:\Projects\romm-frontend\scripts\login\LoadingScreen.cs(191,55): error CS1061: 'GameSystem' does not contain a definition for 'AvailableFirmwares' and no accessible extension method 'AvailableFirmwares' accepting a first argument of type 'GameSystem' could be found (are you missing a using directive or an assembly reference?) [E:\Projects\romm-frontend\romm-frontend.csproj]
E:\Projects\romm-frontend\scripts\utils\UniversalInstaller.cs(85,31): error CS1061: 'InstallRecipe' does not contain a definition for 'Type' and no accessible extension method 'Type' accepting a first argument of type 'InstallRecipe' could be found (are you missing a using directive or an assembly reference?) [E:\Projects\romm-frontend\romm-frontend.csproj]
E:\Projects\romm-frontend\scripts\utils\UniversalInstaller.cs(88,88): error CS1061: 'InstallRecipe' does not contain a definition for 'Repo' and no accessible extension method 'Repo' accepting a first argument of type 'InstallRecipe' could be found (are you missing a using directive or an assembly reference?) [E:\Projects\romm-frontend\romm-frontend.csproj]
E:\Projects\romm-frontend\scripts\utils\UniversalInstaller.cs(88,108): error CS1061: 'InstallRecipe' does not contain a definition for 'AssetRegex' and no accessible extension method 'AssetRegex' accepting a first argument of type 'InstallRecipe' could be found (are you missing a using directive or an assembly reference?) [E:\Projects\romm-frontend\romm-frontend.csproj]
E:\Projects\romm-frontend\scripts\utils\UniversalInstaller.cs(95,38): error CS1061: 'InstallRecipe' does not contain a definition for 'Url' and no accessible extension method 'Url' accepting a first argument of type 'InstallRecipe' could be found (are you missing a using directive or an assembly reference?) [E:\Projects\romm-frontend\romm-frontend.csproj]
E:\Projects\romm-frontend\scripts\utils\UniversalInstaller.cs(97,75): error CS1061: 'InstallRecipe' does not contain a definition for 'Type' and no accessible extension method 'Type' accepting a first argument of type 'InstallRecipe' could be found (are you missing a using directive or an assembly reference?) [E:\Projects\romm-frontend\romm-frontend.csproj]
E:\Projects\romm-frontend\scripts\main\MainScene.cs(204,53): error CS1061: 'ConfigManager' does not contain a definition for 'BiosPath' and no accessible extension method 'BiosPath' accepting a first argument of type 'ConfigManager' could be found (are you missing a using directive or an assembly reference?) [E:\Projects\romm-frontend\romm-frontend.csproj]
E:\Projects\romm-frontend\scripts\main\MainScene.cs(204,78): error CS1061: 'GameSystem' does not contain a definition for 'Slug' and no accessible extension method 'Slug' accepting a first argument of type 'GameSystem' could be found (are you missing a using directive or an assembly reference?) [E:\Projects\romm-frontend\romm-frontend.csproj]
E:\Projects\romm-frontend\scripts\main\MainScene.cs(222,28): error CS1061: 'GameSystem' does not contain a definition for 'PrefferedFirmware' and no accessible extension method 'PrefferedFirmware' accepting a first argument of type 'GameSystem' could be found (are you missing a using directive or an assembly reference?) [E:\Projects\romm-frontend\romm-frontend.csproj]
E:\Projects\romm-frontend\scripts\main\MainScene.cs(225,22): error CS0103: The name 'SelectBiosPopupOption' does not exist in the current context [E:\Projects\romm-frontend\romm-frontend.csproj]
E:\Projects\romm-frontend\scripts\autoloads\RomMAPI.cs(273,67): error CS1061: 'Firmware' does not contain a definition for 'FileName' and no accessible extension method 'FileName' accepting a first argument of type 'Firmware' could be found (are you missing a using directive or an assembly reference?) [E:\Projects\romm-frontend\romm-frontend.csproj]
E:\Projects\romm-frontend\scripts\autoloads\RomMAPI.cs(274,54): error CS1061: 'Firmware' does not contain a definition for 'Id' and no accessible extension method 'Id' accepting a first argument of type 'Firmware' could be found (are you missing a using directive or an assembly reference?) [E:\Projects\romm-frontend\romm-frontend.csproj]
E:\Projects\romm-frontend\scripts\main\MainScene.cs(268,26): error CS1061: 'GameResponse' does not contain a definition for 'Games' and no accessible extension method 'Games' accepting a first argument of type 'GameResponse' could be found (are you missing a using directive or an assembly reference?) [E:\Projects\romm-frontend\romm-frontend.csproj]
E:\Projects\romm-frontend\scripts\main\MainScene.cs(268,53): error CS1061: 'GameResponse' does not contain a definition for 'Games' and no accessible extension method 'Games' accepting a first argument of type 'GameResponse' could be found (are you missing a using directive or an assembly reference?) [E:\Projects\romm-frontend\romm-frontend.csproj]
E:\Projects\romm-frontend\scripts\main\MainScene.cs(270,47): error CS1061: 'GameResponse' does not contain a definition for 'Games' and no accessible extension method 'Games' accepting a first argument of type 'GameResponse' could be found (are you missing a using directive or an assembly reference?) [E:\Projects\romm-frontend\romm-frontend.csproj]
E:\Projects\romm-frontend\scripts\main\MainScene.cs(274,53): error CS1061: 'GameResponse' does not contain a definition for 'Games' and no accessible extension method 'Games' accepting a first argument of type 'GameResponse' could be found (are you missing a using directive or an assembly reference?) [E:\Projects\romm-frontend\romm-frontend.csproj]
E:\Projects\romm-frontend\scripts\main\MainScene.cs(276,30): error CS1061: 'GameResponse' does not contain a definition for 'Games' and no accessible extension method 'Games' accepting a first argument of type 'GameResponse' could be found (are you missing a using directive or an assembly reference?) [E:\Projects\romm-frontend\romm-frontend.csproj]
E:\Projects\romm-frontend\scripts\main\MainScene.cs(290,53): error CS1061: 'GameSystem' does not contain a definition for 'Id' and no accessible extension method 'Id' accepting a first argument of type 'GameSystem' could be found (are you missing a using directive or an assembly reference?) [E:\Projects\romm-frontend\romm-frontend.csproj]
E:\Projects\romm-frontend\scripts\main\MainScene.cs(306,68): error CS1061: 'Game' does not contain a definition for 'Id' and no accessible extension method 'Id' accepting a first argument of type 'Game' could be found (are you missing a using directive or an assembly reference?) [E:\Projects\romm-frontend\romm-frontend.csproj]
E:\Projects\romm-frontend\scripts\utils\UniversalInstaller.cs(154,80): error CS1061: 'ConfigManager' does not contain a definition for 'ApplicationRootDirectory' and no accessible extension method 'ApplicationRootDirectory' accepting a first argument of type 'ConfigManager' could be found (are you missing a using directive or an assembly reference?) [E:\Projects\romm-frontend\romm-frontend.csproj]
E:\Projects\romm-frontend\scripts\utils\UniversalInstaller.cs(187,80): error CS1061: 'ConfigManager' does not contain a definition for 'InstallScriptsPath' and no accessible extension method 'InstallScriptsPath' accepting a first argument of type 'ConfigManager' could be found (are you missing a using directive or an assembly reference?) [E:\Projects\romm-frontend\romm-frontend.csproj]
E:\Projects\romm-frontend\scripts\main\MainScene.cs(333,80): error CS1061: 'EmulatorManager' does not contain a definition for 'IsEmulatorRunning' and no accessible extension method 'IsEmulatorRunning' accepting a first argument of type 'EmulatorManager' could be found (are you missing a using directive or an assembly reference?) [E:\Projects\romm-frontend\romm-frontend.csproj]
E:\Projects\romm-frontend\scripts\main\MainScene.cs(337,57): error CS1061: 'ConfigManager' does not contain a definition for 'EmulatorCloseHotkeyCount' and no accessible extension method 'EmulatorCloseHotkeyCount' accepting a first argument of type 'ConfigManager' could be found (are you missing a using directive or an assembly reference?) [E:\Projects\romm-frontend\romm-frontend.csproj]
E:\Projects\romm-frontend\scripts\main\MainScene.cs(379,25): error CS0103: The name 'LaunchEmulatorPopupOption' does not exist in the current context [E:\Projects\romm-frontend\romm-frontend.csproj]
E:\Projects\romm-frontend\scripts\main\MainScene.cs(396,22): error CS0103: The name 'SelectBiosPopupOption' does not exist in the current context [E:\Projects\romm-frontend\romm-frontend.csproj]
E:\Projects\romm-frontend\scripts\main\MainScene.cs(595,39): error CS1061: 'ConfigManager' does not contain a definition for 'ShowAllSystems' and no accessible extension method 'ShowAllSystems' accepting a first argument of type 'ConfigManager' could be found (are you missing a using directive or an assembly reference?) [E:\Projects\romm-frontend\romm-frontend.csproj]
E:\Projects\romm-frontend\scripts\main\MainScene.cs(603,91): error CS1061: 'GameSystem' does not contain a definition for 'Slug' and no accessible extension method 'Slug' accepting a first argument of type 'GameSystem' could be found (are you missing a using directive or an assembly reference?) [E:\Projects\romm-frontend\romm-frontend.csproj]
E:\Projects\romm-frontend\scripts\autoloads\RomMAPI.cs(384,17): error CS0117: 'DevicePayload' does not contain a definition for 'Name' [E:\Projects\romm-frontend\romm-frontend.csproj]
E:\Projects\romm-frontend\scripts\autoloads\RomMAPI.cs(385,17): error CS0117: 'DevicePayload' does not contain a definition for 'Client' [E:\Projects\romm-frontend\romm-frontend.csproj]
E:\Projects\romm-frontend\scripts\autoloads\RomMAPI.cs(386,17): error CS0117: 'DevicePayload' does not contain a definition for 'Platform' [E:\Projects\romm-frontend\romm-frontend.csproj]
E:\Projects\romm-frontend\scripts\autoloads\RomMAPI.cs(387,17): error CS0117: 'DevicePayload' does not contain a definition for 'SyncMode' [E:\Projects\romm-frontend\romm-frontend.csproj]
E:\Projects\romm-frontend\scripts\autoloads\RomMAPI.cs(388,17): error CS0117: 'DevicePayload' does not contain a definition for 'AllowExisting' [E:\Projects\romm-frontend\romm-frontend.csproj]
E:\Projects\romm-frontend\scripts\main\MainScene.cs(728,49): error CS1061: 'GameSystem' does not contain a definition for 'Name' and no accessible extension method 'Name' accepting a first argument of type 'GameSystem' could be found (are you missing a using directive or an assembly reference?) [E:\Projects\romm-frontend\romm-frontend.csproj]
E:\Projects\romm-frontend\scripts\main\MainScene.cs(733,54): error CS1061: 'GameSystem' does not contain a definition for 'IgdbSlug' and no accessible extension method 'IgdbSlug' accepting a first argument of type 'GameSystem' could be found (are you missing a using directive or an assembly reference?) [E:\Projects\romm-frontend\romm-frontend.csproj]
E:\Projects\romm-frontend\scripts\main\MainScene.cs(735,59): error CS1061: 'GameSystem' does not contain a definition for 'IgdbSlug' and no accessible extension method 'IgdbSlug' accepting a first argument of type 'GameSystem' could be found (are you missing a using directive or an assembly reference?) [E:\Projects\romm-frontend\romm-frontend.csproj]
E:\Projects\romm-frontend\scripts\main\MainScene.cs(737,73): error CS1061: 'GameSystem' does not contain a definition for 'Slug' and no accessible extension method 'Slug' accepting a first argument of type 'GameSystem' could be found (are you missing a using directive or an assembly reference?) [E:\Projects\romm-frontend\romm-frontend.csproj]
E:\Projects\romm-frontend\scripts\main\MainScene.cs(739,59): error CS1061: 'GameSystem' does not contain a definition for 'Slug' and no accessible extension method 'Slug' accepting a first argument of type 'GameSystem' could be found (are you missing a using directive or an assembly reference?) [E:\Projects\romm-frontend\romm-frontend.csproj]
E:\Projects\romm-frontend\scripts\main\MainScene.cs(775,67): error CS1061: 'GameSystem' does not contain a definition for 'Name' and no accessible extension method 'Name' accepting a first argument of type 'GameSystem' could be found (are you missing a using directive or an assembly reference?) [E:\Projects\romm-frontend\romm-frontend.csproj]
E:\Projects\romm-frontend\scripts\main\MainScene.cs(782,38): error CS1061: 'GameSystem' does not contain a definition for 'Id' and no accessible extension method 'Id' accepting a first argument of type 'GameSystem' could be found (are you missing a using directive or an assembly reference?) [E:\Projects\romm-frontend\romm-frontend.csproj]
E:\Projects\romm-frontend\scripts\main\MainScene.cs(784,43): error CS1061: 'ConfigManager' does not contain a definition for 'HideGamesWithoutBoxArt' and no accessible extension method 'HideGamesWithoutBoxArt' accepting a first argument of type 'ConfigManager' could be found (are you missing a using directive or an assembly reference?) [E:\Projects\romm-frontend\romm-frontend.csproj]
E:\Projects\romm-frontend\scripts\main\MainScene.cs(786,86): error CS1061: 'Game' does not contain a definition for 'PathCover3d' and no accessible extension method 'PathCover3d' accepting a first argument of type 'Game' could be found (are you missing a using directive or an assembly reference?) [E:\Projects\romm-frontend\romm-frontend.csproj]
E:\Projects\romm-frontend\scripts\main\MainScene.cs(786,126): error CS1061: 'Game' does not contain a definition for 'PathCoverLarge' and no accessible extension method 'PathCoverLarge' accepting a first argument of type 'Game' could be found (are you missing a using directive or an assembly reference?) [E:\Projects\romm-frontend\romm-frontend.csproj]
E:\Projects\romm-frontend\scripts\main\MainScene.cs(786,169): error CS1061: 'Game' does not contain a definition for 'CoverArtUrl' and no accessible extension method 'CoverArtUrl' accepting a first argument of type 'Game' could be found (are you missing a using directive or an assembly reference?) [E:\Projects\romm-frontend\romm-frontend.csproj]
E:\Projects\romm-frontend\scripts\main\MainScene.cs(816,62): error CS1061: 'GameSystem' does not contain a definition for 'IgdbSlug' and no accessible extension method 'IgdbSlug' accepting a first argument of type 'GameSystem' could be found (are you missing a using directive or an assembly reference?) [E:\Projects\romm-frontend\romm-frontend.csproj]
E:\Projects\romm-frontend\scripts\main\MainScene.cs(816,81): error CS1061: 'GameSystem' does not contain a definition for 'IgdbSlug' and no accessible extension method 'IgdbSlug' accepting a first argument of type 'GameSystem' could be found (are you missing a using directive or an assembly reference?) [E:\Projects\romm-frontend\romm-frontend.csproj]
E:\Projects\romm-frontend\scripts\main\MainScene.cs(816,99): error CS1061: 'GameSystem' does not contain a definition for 'Slug' and no accessible extension method 'Slug' accepting a first argument of type 'GameSystem' could be found (are you missing a using directive or an assembly reference?) [E:\Projects\romm-frontend\romm-frontend.csproj]
E:\Projects\romm-frontend\scripts\main\MainScene.cs(846,36): error CS1061: 'Game' does not contain a definition for 'Name' and no accessible extension method 'Name' accepting a first argument of type 'Game' could be found (are you missing a using directive or an assembly reference?) [E:\Projects\romm-frontend\romm-frontend.csproj]
E:\Projects\romm-frontend\scripts\main\MainScene.cs(852,63): error CS1061: 'ConfigManager' does not contain a definition for 'AssetsPath' and no accessible extension method 'AssetsPath' accepting a first argument of type 'ConfigManager' could be found (are you missing a using directive or an assembly reference?) [E:\Projects\romm-frontend\romm-frontend.csproj]
E:\Projects\romm-frontend\scripts\main\MainScene.cs(853,89): error CS1061: 'Game' does not contain a definition for 'Id' and no accessible extension method 'Id' accepting a first argument of type 'Game' could be found (are you missing a using directive or an assembly reference?) [E:\Projects\romm-frontend\romm-frontend.csproj]
E:\Projects\romm-frontend\scripts\main\MainScene.cs(854,89): error CS1061: 'Game' does not contain a definition for 'Id' and no accessible extension method 'Id' accepting a first argument of type 'Game' could be found (are you missing a using directive or an assembly reference?) [E:\Projects\romm-frontend\romm-frontend.csproj]
E:\Projects\romm-frontend\scripts\main\MainScene.cs(859,94): error CS1061: 'Game' does not contain a definition for 'Id' and no accessible extension method 'Id' accepting a first argument of type 'Game' could be found (are you missing a using directive or an assembly reference?) [E:\Projects\romm-frontend\romm-frontend.csproj]
E:\Projects\romm-frontend\scripts\main\MainScene.cs(924,46): error CS1061: 'Game' does not contain a definition for 'Id' and no accessible extension method 'Id' accepting a first argument of type 'Game' could be found (are you missing a using directive or an assembly reference?) [E:\Projects\romm-frontend\romm-frontend.csproj]
E:\Projects\romm-frontend\scripts\main\MainScene.cs(945,68): error CS1061: 'Game' does not contain a definition for 'Id' and no accessible extension method 'Id' accepting a first argument of type 'Game' could be found (are you missing a using directive or an assembly reference?) [E:\Projects\romm-frontend\romm-frontend.csproj]
E:\Projects\romm-frontend\scripts\main\MainScene.cs(945,96): error CS1061: 'Game' does not contain a definition for 'Id' and no accessible extension method 'Id' accepting a first argument of type 'Game' could be found (are you missing a using directive or an assembly reference?) [E:\Projects\romm-frontend\romm-frontend.csproj]
E:\Projects\romm-frontend\scripts\main\MainScene.cs(954,18): error CS1061: 'Game' does not contain a definition for 'Files' and no accessible extension method 'Files' accepting a first argument of type 'Game' could be found (are you missing a using directive or an assembly reference?) [E:\Projects\romm-frontend\romm-frontend.csproj]
E:\Projects\romm-frontend\scripts\main\MainScene.cs(954,41): error CS1061: 'Game' does not contain a definition for 'Files' and no accessible extension method 'Files' accepting a first argument of type 'Game' could be found (are you missing a using directive or an assembly reference?) [E:\Projects\romm-frontend\romm-frontend.csproj]
E:\Projects\romm-frontend\scripts\main\MainScene.cs(955,32): error CS1061: 'Game' does not contain a definition for 'Files' and no accessible extension method 'Files' accepting a first argument of type 'Game' could be found (are you missing a using directive or an assembly reference?) [E:\Projects\romm-frontend\romm-frontend.csproj]
E:\Projects\romm-frontend\scripts\main\MainScene.cs(956,53): error CS1061: 'ConfigManager' does not contain a definition for 'RomsPath' and no accessible extension method 'RomsPath' accepting a first argument of type 'ConfigManager' could be found (are you missing a using directive or an assembly reference?) [E:\Projects\romm-frontend\romm-frontend.csproj]
E:\Projects\romm-frontend\scripts\main\MainScene.cs(956,76): error CS1061: 'Game' does not contain a definition for 'System' and no accessible extension method 'System' accepting a first argument of type 'Game' could be found (are you missing a using directive or an assembly reference?) [E:\Projects\romm-frontend\romm-frontend.csproj]
E:\Projects\romm-frontend\scripts\main\MainScene.cs(970,35): error CS1061: 'Game' does not contain a definition for 'Name' and no accessible extension method 'Name' accepting a first argument of type 'Game' could be found (are you missing a using directive or an assembly reference?) [E:\Projects\romm-frontend\romm-frontend.csproj]
E:\Projects\romm-frontend\scripts\main\MainScene.cs(973,66): error CS1061: 'Game' does not contain a definition for 'Description' and no accessible extension method 'Description' accepting a first argument of type 'Game' could be found (are you missing a using directive or an assembly reference?) [E:\Projects\romm-frontend\romm-frontend.csproj]
E:\Projects\romm-frontend\scripts\main\MainScene.cs(977,59): error CS1061: 'ConfigManager' does not contain a definition for 'AssetsPath' and no accessible extension method 'AssetsPath' accepting a first argument of type 'ConfigManager' could be found (are you missing a using directive or an assembly reference?) [E:\Projects\romm-frontend\romm-frontend.csproj]
E:\Projects\romm-frontend\scripts\main\MainScene.cs(978,89): error CS1061: 'Game' does not contain a definition for 'Id' and no accessible extension method 'Id' accepting a first argument of type 'Game' could be found (are you missing a using directive or an assembly reference?) [E:\Projects\romm-frontend\romm-frontend.csproj]
E:\Projects\romm-frontend\scripts\main\MainScene.cs(993,59): error CS1061: 'ConfigManager' does not contain a definition for 'AssetsPath' and no accessible extension method 'AssetsPath' accepting a first argument of type 'ConfigManager' could be found (are you missing a using directive or an assembly reference?) [E:\Projects\romm-frontend\romm-frontend.csproj]
E:\Projects\romm-frontend\scripts\main\MainScene.cs(994,85): error CS1061: 'Game' does not contain a definition for 'Id' and no accessible extension method 'Id' accepting a first argument of type 'Game' could be found (are you missing a using directive or an assembly reference?) [E:\Projects\romm-frontend\romm-frontend.csproj]
E:\Projects\romm-frontend\scripts\main\MainScene.cs(995,85): error CS1061: 'Game' does not contain a definition for 'Id' and no accessible extension method 'Id' accepting a first argument of type 'Game' could be found (are you missing a using directive or an assembly reference?) [E:\Projects\romm-frontend\romm-frontend.csproj]
E:\Projects\romm-frontend\scripts\main\MainScene.cs(1000,90): error CS1061: 'Game' does not contain a definition for 'Id' and no accessible extension method 'Id' accepting a first argument of type 'Game' could be found (are you missing a using directive or an assembly reference?) [E:\Projects\romm-frontend\romm-frontend.csproj]
E:\Projects\romm-frontend\scripts\main\MainScene.cs(1016,59): error CS1061: 'ConfigManager' does not contain a definition for 'AssetsPath' and no accessible extension method 'AssetsPath' accepting a first argument of type 'ConfigManager' could be found (are you missing a using directive or an assembly reference?) [E:\Projects\romm-frontend\romm-frontend.csproj]
E:\Projects\romm-frontend\scripts\main\MainScene.cs(1017,95): error CS1061: 'Game' does not contain a definition for 'Id' and no accessible extension method 'Id' accepting a first argument of type 'Game' could be found (are you missing a using directive or an assembly reference?) [E:\Projects\romm-frontend\romm-frontend.csproj]
E:\Projects\romm-frontend\scripts\main\MainScene.cs(1042,18): error CS1061: 'Game' does not contain a definition for 'Files' and no accessible extension method 'Files' accepting a first argument of type 'Game' could be found (are you missing a using directive or an assembly reference?) [E:\Projects\romm-frontend\romm-frontend.csproj]
E:\Projects\romm-frontend\scripts\main\MainScene.cs(1042,40): error CS1061: 'Game' does not contain a definition for 'Files' and no accessible extension method 'Files' accepting a first argument of type 'Game' could be found (are you missing a using directive or an assembly reference?) [E:\Projects\romm-frontend\romm-frontend.csproj]
E:\Projects\romm-frontend\scripts\main\MainScene.cs(1044,76): error CS1061: 'Game' does not contain a definition for 'Files' and no accessible extension method 'Files' accepting a first argument of type 'Game' could be found (are you missing a using directive or an assembly reference?) [E:\Projects\romm-frontend\romm-frontend.csproj]
E:\Projects\romm-frontend\scripts\main\MainScene.cs(1048,116): error CS1061: 'Game' does not contain a definition for 'PlatformSlug' and no accessible extension method 'PlatformSlug' accepting a first argument of type 'Game' could be found (are you missing a using directive or an assembly reference?) [E:\Projects\romm-frontend\romm-frontend.csproj]
E:\Projects\romm-frontend\scripts\main\MainScene.cs(1087,99): error CS1061: 'Game' does not contain a definition for 'PlatformSlug' and no accessible extension method 'PlatformSlug' accepting a first argument of type 'Game' could be found (are you missing a using directive or an assembly reference?) [E:\Projects\romm-frontend\romm-frontend.csproj]
E:\Projects\romm-frontend\scripts\main\MainScene.cs(1126,79): error CS1061: 'Game' does not contain a definition for 'Name' and no accessible extension method 'Name' accepting a first argument of type 'Game' could be found (are you missing a using directive or an assembly reference?) [E:\Projects\romm-frontend\romm-frontend.csproj]
E:\Projects\romm-frontend\scripts\main\MainScene.cs(1132,69): error CS1061: 'Game' does not contain a definition for 'Name' and no accessible extension method 'Name' accepting a first argument of type 'Game' could be found (are you missing a using directive or an assembly reference?) [E:\Projects\romm-frontend\romm-frontend.csproj]
E:\Projects\romm-frontend\scripts\main\MainScene.cs(1145,69): error CS1061: 'Game' does not contain a definition for 'Name' and no accessible extension method 'Name' accepting a first argument of type 'Game' could be found (are you missing a using directive or an assembly reference?) [E:\Projects\romm-frontend\romm-frontend.csproj]
E:\Projects\romm-frontend\scripts\main\MainScene.cs(1156,63): error CS1061: 'Game' does not contain a definition for 'Name' and no accessible extension method 'Name' accepting a first argument of type 'Game' could be found (are you missing a using directive or an assembly reference?) [E:\Projects\romm-frontend\romm-frontend.csproj]
E:\Projects\romm-frontend\scripts\main\MainScene.cs(1177,34): error CS1061: 'Game' does not contain a definition for 'Files' and no accessible extension method 'Files' accepting a first argument of type 'Game' could be found (are you missing a using directive or an assembly reference?) [E:\Projects\romm-frontend\romm-frontend.csproj]
E:\Projects\romm-frontend\scripts\main\MainScene.cs(1177,57): error CS1061: 'Game' does not contain a definition for 'Files' and no accessible extension method 'Files' accepting a first argument of type 'Game' could be found (are you missing a using directive or an assembly reference?) [E:\Projects\romm-frontend\romm-frontend.csproj]
E:\Projects\romm-frontend\scripts\main\MainScene.cs(1179,58): error CS1061: 'Game' does not contain a definition for 'Name' and no accessible extension method 'Name' accepting a first argument of type 'Game' could be found (are you missing a using directive or an assembly reference?) [E:\Projects\romm-frontend\romm-frontend.csproj]
E:\Projects\romm-frontend\scripts\main\MainScene.cs(1185,70): error CS1061: 'Game' does not contain a definition for 'Name' and no accessible extension method 'Name' accepting a first argument of type 'Game' could be found (are you missing a using directive or an assembly reference?) [E:\Projects\romm-frontend\romm-frontend.csproj]
E:\Projects\romm-frontend\scripts\main\MainScene.cs(1188,35): error CS1061: 'Game' does not contain a definition for 'Files' and no accessible extension method 'Files' accepting a first argument of type 'Game' could be found (are you missing a using directive or an assembly reference?) [E:\Projects\romm-frontend\romm-frontend.csproj]
E:\Projects\romm-frontend\scripts\main\MainScene.cs(1189,56): error CS1061: 'ConfigManager' does not contain a definition for 'DownloadsPath' and no accessible extension method 'DownloadsPath' accepting a first argument of type 'ConfigManager' could be found (are you missing a using directive or an assembly reference?) [E:\Projects\romm-frontend\romm-frontend.csproj]
E:\Projects\romm-frontend\scripts\main\MainScene.cs(1195,48): error CS1061: 'Game' does not contain a definition for 'Name' and no accessible extension method 'Name' accepting a first argument of type 'Game' could be found (are you missing a using directive or an assembly reference?) [E:\Projects\romm-frontend\romm-frontend.csproj]
E:\Projects\romm-frontend\scripts\main\MainScene.cs(1220,69): error CS1061: 'ConfigManager' does not contain a definition for 'RomsPath' and no accessible extension method 'RomsPath' accepting a first argument of type 'ConfigManager' could be found (are you missing a using directive or an assembly reference?) [E:\Projects\romm-frontend\romm-frontend.csproj]
E:\Projects\romm-frontend\scripts\main\MainScene.cs(1220,92): error CS1061: 'Game' does not contain a definition for 'System' and no accessible extension method 'System' accepting a first argument of type 'Game' could be found (are you missing a using directive or an assembly reference?) [E:\Projects\romm-frontend\romm-frontend.csproj]
E:\Projects\romm-frontend\scripts\main\MainScene.cs(1262,39): error CS1061: 'Game' does not contain a definition for 'Files' and no accessible extension method 'Files' accepting a first argument of type 'Game' could be found (are you missing a using directive or an assembly reference?) [E:\Projects\romm-frontend\romm-frontend.csproj]
E:\Projects\romm-frontend\scripts\main\MainScene.cs(1265,40): error CS1061: 'RomFile' does not contain a definition for 'FullPath' and no accessible extension method 'FullPath' accepting a first argument of type 'RomFile' could be found (are you missing a using directive or an assembly reference?) [E:\Projects\romm-frontend\romm-frontend.csproj]
E:\Projects\romm-frontend\scripts\main\MainScene.cs(1317,37): error CS1061: 'EmulatorMeta' does not contain a definition for 'Name' and no accessible extension method 'Name' accepting a first argument of type 'EmulatorMeta' could be found (are you missing a using directive or an assembly reference?) [E:\Projects\romm-frontend\romm-frontend.csproj]
E:\Projects\romm-frontend\scripts\main\MainScene.cs(1423,60): error CS1061: 'ConfigManager' does not contain a definition for 'HideGamesWithoutBoxArt' and no accessible extension method 'HideGamesWithoutBoxArt' accepting a first argument of type 'ConfigManager' could be found (are you missing a using directive or an assembly reference?) [E:\Projects\romm-frontend\romm-frontend.csproj]
E:\Projects\romm-frontend\scripts\main\MainScene.cs(1425,67): error CS1061: 'ConfigManager' does not contain a definition for 'ShowAllSystems' and no accessible extension method 'ShowAllSystems' accepting a first argument of type 'ConfigManager' could be found (are you missing a using directive or an assembly reference?) [E:\Projects\romm-frontend\romm-frontend.csproj]
E:\Projects\romm-frontend\scripts\main\MainScene.cs(1469,53): error CS1061: 'ConfigManager' does not contain a definition for 'EmulatorCloseHotkeyCount' and no accessible extension method 'EmulatorCloseHotkeyCount' accepting a first argument of type 'ConfigManager' could be found (are you missing a using directive or an assembly reference?) [E:\Projects\romm-frontend\romm-frontend.csproj]
E:\Projects\romm-frontend\scripts\main\MainScene.cs(1512,91): error CS1061: 'ConfigManager' does not contain a definition for 'EmulatorCloseHotkeyCount' and no accessible extension method 'EmulatorCloseHotkeyCount' accepting a first argument of type 'ConfigManager' could be found (are you missing a using directive or an assembly reference?) [E:\Projects\romm-frontend\romm-frontend.csproj]
E:\Projects\romm-frontend\scripts\main\MainScene.cs(1519,50): error CS1061: 'ConfigManager' does not contain a definition for 'EmulatorCloseHotkeyCount' and no accessible extension method 'EmulatorCloseHotkeyCount' accepting a first argument of type 'ConfigManager' could be found (are you missing a using directive or an assembly reference?) [E:\Projects\romm-frontend\romm-frontend.csproj]
E:\Projects\romm-frontend\scripts\main\MainScene.cs(1529,53): error CS1061: 'EmulatorMeta' does not contain a definition for 'SettingsFields' and no accessible extension method 'SettingsFields' accepting a first argument of type 'EmulatorMeta' could be found (are you missing a using directive or an assembly reference?) [E:\Projects\romm-frontend\romm-frontend.csproj]
E:\Projects\romm-frontend\scripts\main\MainScene.cs(1530,32): error CS1061: 'EmulatorMeta' does not contain a definition for 'Name' and no accessible extension method 'Name' accepting a first argument of type 'EmulatorMeta' could be found (are you missing a using directive or an assembly reference?) [E:\Projects\romm-frontend\romm-frontend.csproj]
E:\Projects\romm-frontend\scripts\main\MainScene.cs(1539,36): error CS1061: 'EmulatorMeta' does not contain a definition for 'SettingsFields' and no accessible extension method 'SettingsFields' accepting a first argument of type 'EmulatorMeta' could be found (are you missing a using directive or an assembly reference?) [E:\Projects\romm-frontend\romm-frontend.csproj]
E:\Projects\romm-frontend\scripts\main\MainScene.cs(1637,70): error CS1061: 'GameSystem' does not contain a definition for 'Name' and no accessible extension method 'Name' accepting a first argument of type 'GameSystem' could be found (are you missing a using directive or an assembly reference?) [E:\Projects\romm-frontend\romm-frontend.csproj]
E:\Projects\romm-frontend\scripts\main\GameGridItem.cs(8,18): warning CS0649: Field 'GameGridItem.game' is never assigned to, and will always have its default value null [E:\Projects\romm-frontend\romm-frontend.csproj]

Build FAILED.

E:\Projects\romm-frontend\scripts\main\GameGridItem.cs(37,9): warning CS1717: Assignment made to same variable; did you mean to assign something else? [E:\Projects\romm-frontend\romm-frontend.csproj]
E:\Projects\romm-frontend\scripts\main\GameGridItem.cs(8,18): warning CS0649: Field 'GameGridItem.game' is never assigned to, and will always have its default value null [E:\Projects\romm-frontend\romm-frontend.csproj]
E:\Projects\romm-frontend\scripts\autoloads\AssetManager.cs(28,54): error CS1061: 'Game' does not contain a definition for 'Id' and no accessible extension method 'Id' accepting a first argument of type 'Game' could be found (are you missing a using directive or an assembly reference?) [E:\Projects\romm-frontend\romm-frontend.csproj]
E:\Projects\romm-frontend\scripts\autoloads\ConfigManager.cs(51,13): error CS0103: The name 'ApplicationRootDirectory' does not exist in the current context [E:\Projects\romm-frontend\romm-frontend.csproj]
E:\Projects\romm-frontend\scripts\autoloads\ConfigManager.cs(52,13): error CS0103: The name 'ApplicationRootDirectory' does not exist in the current context [E:\Projects\romm-frontend\romm-frontend.csproj]
E:\Projects\romm-frontend\scripts\autoloads\ConfigManager.cs(52,40): error CS0103: The name 'ApplicationRootDirectory' does not exist in the current context [E:\Projects\romm-frontend\romm-frontend.csproj]
E:\Projects\romm-frontend\scripts\autoloads\ConfigManager.cs(52,72): error CS0103: The name 'ApplicationRootDirectory' does not exist in the current context [E:\Projects\romm-frontend\romm-frontend.csproj]
E:\Projects\romm-frontend\scripts\autoloads\ConfigManager.cs(56,13): error CS0103: The name 'ApplicationRootDirectory' does not exist in the current context [E:\Projects\romm-frontend\romm-frontend.csproj]
E:\Projects\romm-frontend\scripts\autoloads\ConfigManager.cs(58,33): error CS0103: The name 'ApplicationRootDirectory' does not exist in the current context [E:\Projects\romm-frontend\romm-frontend.csproj]
E:\Projects\romm-frontend\scripts\autoloads\ConfigManager.cs(65,40): error CS0103: The name 'ApplicationRootDirectory' does not exist in the current context [E:\Projects\romm-frontend\romm-frontend.csproj]
E:\Projects\romm-frontend\scripts\autoloads\EmulatorManager.cs(383,70): error CS1061: 'ConfigManager' does not contain a definition for 'EmulatorsPath' and no accessible extension method 'EmulatorsPath' accepting a first argument of type 'ConfigManager' could be found (are you missing a using directive or an assembly reference?) [E:\Projects\romm-frontend\romm-frontend.csproj]
E:\Projects\romm-frontend\scripts\autoloads\EmulatorManager.cs(384,72): error CS1061: 'ConfigManager' does not contain a definition for 'EmulatorsPath' and no accessible extension method 'EmulatorsPath' accepting a first argument of type 'ConfigManager' could be found (are you missing a using directive or an assembly reference?) [E:\Projects\romm-frontend\romm-frontend.csproj]
E:\Projects\romm-frontend\scripts\autoloads\AppUpdater.cs(42,74): error CS1061: 'GithubReleaseInfo' does not contain a definition for 'TagName' and no accessible extension method 'TagName' accepting a first argument of type 'GithubReleaseInfo' could be found (are you missing a using directive or an assembly reference?) [E:\Projects\romm-frontend\romm-frontend.csproj]
E:\Projects\romm-frontend\scripts\autoloads\AppUpdater.cs(44,48): error CS1061: 'GithubReleaseInfo' does not contain a definition for 'TagName' and no accessible extension method 'TagName' accepting a first argument of type 'GithubReleaseInfo' could be found (are you missing a using directive or an assembly reference?) [E:\Projects\romm-frontend\romm-frontend.csproj]
E:\Projects\romm-frontend\scripts\autoloads\AppUpdater.cs(46,97): error CS1061: 'GithubReleaseInfo' does not contain a definition for 'TagName' and no accessible extension method 'TagName' accepting a first argument of type 'GithubReleaseInfo' could be found (are you missing a using directive or an assembly reference?) [E:\Projects\romm-frontend\romm-frontend.csproj]
E:\Projects\romm-frontend\scripts\autoloads\AppUpdater.cs(46,118): error CS1061: 'GithubReleaseInfo' does not contain a definition for 'Body' and no accessible extension method 'Body' accepting a first argument of type 'GithubReleaseInfo' could be found (are you missing a using directive or an assembly reference?) [E:\Projects\romm-frontend\romm-frontend.csproj]
E:\Projects\romm-frontend\scripts\autoloads\EmulatorManager.cs(189,25): error CS1061: 'BmlConfigurationUpdater.BmlLine' does not contain a definition for 'IsParsed' and no accessible extension method 'IsParsed' accepting a first argument of type 'BmlConfigurationUpdater.BmlLine' could be found (are you missing a using directive or an assembly reference?) [E:\Projects\romm-frontend\romm-frontend.csproj]
E:\Projects\romm-frontend\scripts\autoloads\EmulatorManager.cs(190,24): error CS1061: 'BmlConfigurationUpdater.BmlLine' does not contain a definition for 'Indent' and no accessible extension method 'Indent' accepting a first argument of type 'BmlConfigurationUpdater.BmlLine' could be found (are you missing a using directive or an assembly reference?) [E:\Projects\romm-frontend\romm-frontend.csproj]
E:\Projects\romm-frontend\scripts\autoloads\EmulatorManager.cs(194,24): error CS1061: 'BmlConfigurationUpdater.BmlLine' does not contain a definition for 'Indent' and no accessible extension method 'Indent' accepting a first argument of type 'BmlConfigurationUpdater.BmlLine' could be found (are you missing a using directive or an assembly reference?) [E:\Projects\romm-frontend\romm-frontend.csproj]
E:\Projects\romm-frontend\scripts\autoloads\EmulatorManager.cs(194,54): error CS1061: 'BmlConfigurationUpdater.BmlLine' does not contain a definition for 'Key' and no accessible extension method 'Key' accepting a first argument of type 'BmlConfigurationUpdater.BmlLine' could be found (are you missing a using directive or an assembly reference?) [E:\Projects\romm-frontend\romm-frontend.csproj]
E:\Projects\romm-frontend\scripts\autoloads\EmulatorManager.cs(202,47): error CS1061: 'BmlConfigurationUpdater.BmlLine' does not contain a definition for 'IsParsed' and no accessible extension method 'IsParsed' accepting a first argument of type 'BmlConfigurationUpdater.BmlLine' could be found (are you missing a using directive or an assembly reference?) [E:\Projects\romm-frontend\romm-frontend.csproj]
E:\Projects\romm-frontend\scripts\autoloads\EmulatorManager.cs(204,51): error CS1061: 'BmlConfigurationUpdater.BmlLine' does not contain a definition for 'Indent' and no accessible extension method 'Indent' accepting a first argument of type 'BmlConfigurationUpdater.BmlLine' could be found (are you missing a using directive or an assembly reference?) [E:\Projects\romm-frontend\romm-frontend.csproj]
E:\Projects\romm-frontend\scripts\autoloads\EmulatorManager.cs(206,65): error CS1061: 'BmlConfigurationUpdater.BmlLine' does not contain a definition for 'Indent' and no accessible extension method 'Indent' accepting a first argument of type 'BmlConfigurationUpdater.BmlLine' could be found (are you missing a using directive or an assembly reference?) [E:\Projects\romm-frontend\romm-frontend.csproj]
E:\Projects\romm-frontend\scripts\autoloads\EmulatorManager.cs(222,25): error CS0117: 'BmlConfigurationUpdater.BmlLine' does not contain a definition for 'Text' [E:\Projects\romm-frontend\romm-frontend.csproj]
E:\Projects\romm-frontend\scripts\autoloads\EmulatorManager.cs(223,25): error CS0117: 'BmlConfigurationUpdater.BmlLine' does not contain a definition for 'Indent' [E:\Projects\romm-frontend\romm-frontend.csproj]
E:\Projects\romm-frontend\scripts\autoloads\EmulatorManager.cs(224,25): error CS0117: 'BmlConfigurationUpdater.BmlLine' does not contain a definition for 'Key' [E:\Projects\romm-frontend\romm-frontend.csproj]
E:\Projects\romm-frontend\scripts\autoloads\EmulatorManager.cs(225,25): error CS0117: 'BmlConfigurationUpdater.BmlLine' does not contain a definition for 'IsParsed' [E:\Projects\romm-frontend\romm-frontend.csproj]
E:\Projects\romm-frontend\scripts\autoloads\EmulatorManager.cs(238,21): error CS1061: 'BmlConfigurationUpdater.BmlLine' does not contain a definition for 'IsParsed' and no accessible extension method 'IsParsed' accepting a first argument of type 'BmlConfigurationUpdater.BmlLine' could be found (are you missing a using directive or an assembly reference?) [E:\Projects\romm-frontend\romm-frontend.csproj]
E:\Projects\romm-frontend\scripts\autoloads\EmulatorManager.cs(239,20): error CS1061: 'BmlConfigurationUpdater.BmlLine' does not contain a definition for 'Indent' and no accessible extension method 'Indent' accepting a first argument of type 'BmlConfigurationUpdater.BmlLine' could be found (are you missing a using directive or an assembly reference?) [E:\Projects\romm-frontend\romm-frontend.csproj]
E:\Projects\romm-frontend\scripts\autoloads\EmulatorManager.cs(243,20): error CS1061: 'BmlConfigurationUpdater.BmlLine' does not contain a definition for 'Indent' and no accessible extension method 'Indent' accepting a first argument of type 'BmlConfigurationUpdater.BmlLine' could be found (are you missing a using directive or an assembly reference?) [E:\Projects\romm-frontend\romm-frontend.csproj]
E:\Projects\romm-frontend\scripts\autoloads\EmulatorManager.cs(243,50): error CS1061: 'BmlConfigurationUpdater.BmlLine' does not contain a definition for 'Key' and no accessible extension method 'Key' accepting a first argument of type 'BmlConfigurationUpdater.BmlLine' could be found (are you missing a using directive or an assembly reference?) [E:\Projects\romm-frontend\romm-frontend.csproj]
E:\Projects\romm-frontend\scripts\autoloads\EmulatorManager.cs(245,20): error CS1061: 'BmlConfigurationUpdater.BmlLine' does not contain a definition for 'Text' and no accessible extension method 'Text' accepting a first argument of type 'BmlConfigurationUpdater.BmlLine' could be found (are you missing a using directive or an assembly reference?) [E:\Projects\romm-frontend\romm-frontend.csproj]
E:\Projects\romm-frontend\scripts\autoloads\EmulatorManager.cs(255,17): error CS0117: 'BmlConfigurationUpdater.BmlLine' does not contain a definition for 'Text' [E:\Projects\romm-frontend\romm-frontend.csproj]
E:\Projects\romm-frontend\scripts\autoloads\EmulatorManager.cs(256,17): error CS0117: 'BmlConfigurationUpdater.BmlLine' does not contain a definition for 'Indent' [E:\Projects\romm-frontend\romm-frontend.csproj]
E:\Projects\romm-frontend\scripts\autoloads\EmulatorManager.cs(257,17): error CS0117: 'BmlConfigurationUpdater.BmlLine' does not contain a definition for 'Key' [E:\Projects\romm-frontend\romm-frontend.csproj]
E:\Projects\romm-frontend\scripts\autoloads\EmulatorManager.cs(258,17): error CS0117: 'BmlConfigurationUpdater.BmlLine' does not contain a definition for 'IsParsed' [E:\Projects\romm-frontend\romm-frontend.csproj]
E:\Projects\romm-frontend\scripts\autoloads\EmulatorManager.cs(264,32): error CS1061: 'BmlConfigurationUpdater.BmlLine' does not contain a definition for 'Text' and no accessible extension method 'Text' accepting a first argument of type 'BmlConfigurationUpdater.BmlLine' could be found (are you missing a using directive or an assembly reference?) [E:\Projects\romm-frontend\romm-frontend.csproj]
E:\Projects\romm-frontend\scripts\autoloads\EmulatorManager.cs(278,32): error CS1061: 'BmlConfigurationUpdater.BmlLine' does not contain a definition for 'IsParsed' and no accessible extension method 'IsParsed' accepting a first argument of type 'BmlConfigurationUpdater.BmlLine' could be found (are you missing a using directive or an assembly reference?) [E:\Projects\romm-frontend\romm-frontend.csproj]
E:\Projects\romm-frontend\scripts\autoloads\EmulatorManager.cs(278,59): error CS1061: 'BmlConfigurationUpdater.BmlLine' does not contain a definition for 'Indent' and no accessible extension method 'Indent' accepting a first argument of type 'BmlConfigurationUpdater.BmlLine' could be found (are you missing a using directive or an assembly reference?) [E:\Projects\romm-frontend\romm-frontend.csproj]
E:\Projects\romm-frontend\scripts\autoloads\ConfigManager.cs(80,9): error CS0103: The name 'RomsPath' does not exist in the current context [E:\Projects\romm-frontend\romm-frontend.csproj]
E:\Projects\romm-frontend\scripts\autoloads\ConfigManager.cs(80,83): error CS0103: The name 'ApplicationRootDirectory' does not exist in the current context [E:\Projects\romm-frontend\romm-frontend.csproj]
E:\Projects\romm-frontend\scripts\autoloads\ConfigManager.cs(81,9): error CS0103: The name 'BiosPath' does not exist in the current context [E:\Projects\romm-frontend\romm-frontend.csproj]
E:\Projects\romm-frontend\scripts\autoloads\ConfigManager.cs(81,79): error CS0103: The name 'ApplicationRootDirectory' does not exist in the current context [E:\Projects\romm-frontend\romm-frontend.csproj]
E:\Projects\romm-frontend\scripts\autoloads\ConfigManager.cs(82,9): error CS0103: The name 'EmulatorsPath' does not exist in the current context [E:\Projects\romm-frontend\romm-frontend.csproj]
E:\Projects\romm-frontend\scripts\autoloads\ConfigManager.cs(82,89): error CS0103: The name 'ApplicationRootDirectory' does not exist in the current context [E:\Projects\romm-frontend\romm-frontend.csproj]
E:\Projects\romm-frontend\scripts\autoloads\ConfigManager.cs(83,9): error CS0103: The name 'DownloadsPath' does not exist in the current context [E:\Projects\romm-frontend\romm-frontend.csproj]
E:\Projects\romm-frontend\scripts\autoloads\ConfigManager.cs(83,89): error CS0103: The name 'ApplicationRootDirectory' does not exist in the current context [E:\Projects\romm-frontend\romm-frontend.csproj]
E:\Projects\romm-frontend\scripts\autoloads\ConfigManager.cs(84,9): error CS0103: The name 'InstallScriptsPath' does not exist in the current context [E:\Projects\romm-frontend\romm-frontend.csproj]
E:\Projects\romm-frontend\scripts\autoloads\ConfigManager.cs(84,99): error CS0103: The name 'ApplicationRootDirectory' does not exist in the current context [E:\Projects\romm-frontend\romm-frontend.csproj]
E:\Projects\romm-frontend\scripts\autoloads\ConfigManager.cs(85,9): error CS0103: The name 'ToolsPath' does not exist in the current context [E:\Projects\romm-frontend\romm-frontend.csproj]
E:\Projects\romm-frontend\scripts\autoloads\ConfigManager.cs(85,81): error CS0103: The name 'ApplicationRootDirectory' does not exist in the current context [E:\Projects\romm-frontend\romm-frontend.csproj]
E:\Projects\romm-frontend\scripts\autoloads\ConfigManager.cs(86,9): error CS0103: The name 'AssetsPath' does not exist in the current context [E:\Projects\romm-frontend\romm-frontend.csproj]
E:\Projects\romm-frontend\scripts\autoloads\ConfigManager.cs(86,83): error CS0103: The name 'ApplicationRootDirectory' does not exist in the current context [E:\Projects\romm-frontend\romm-frontend.csproj]
E:\Projects\romm-frontend\scripts\autoloads\ConfigManager.cs(87,9): error CS0103: The name 'RomMHost' does not exist in the current context [E:\Projects\romm-frontend\romm-frontend.csproj]
E:\Projects\romm-frontend\scripts\autoloads\ConfigManager.cs(88,9): error CS0103: The name 'RomMUsername' does not exist in the current context [E:\Projects\romm-frontend\romm-frontend.csproj]
E:\Projects\romm-frontend\scripts\autoloads\ConfigManager.cs(89,9): error CS0103: The name 'RomMPassword' does not exist in the current context [E:\Projects\romm-frontend\romm-frontend.csproj]
E:\Projects\romm-frontend\scripts\autoloads\ConfigManager.cs(90,9): error CS0103: The name 'RomMApiKey' does not exist in the current context [E:\Projects\romm-frontend\romm-frontend.csproj]
E:\Projects\romm-frontend\scripts\autoloads\ConfigManager.cs(91,9): error CS0103: The name 'RomMValidLoginLastUsed' does not exist in the current context [E:\Projects\romm-frontend\romm-frontend.csproj]
E:\Projects\romm-frontend\scripts\autoloads\ConfigManager.cs(92,9): error CS0103: The name 'HideGamesWithoutBoxArt' does not exist in the current context [E:\Projects\romm-frontend\romm-frontend.csproj]
E:\Projects\romm-frontend\scripts\autoloads\ConfigManager.cs(93,9): error CS0103: The name 'ShowAllSystems' does not exist in the current context [E:\Projects\romm-frontend\romm-frontend.csproj]
E:\Projects\romm-frontend\scripts\autoloads\ConfigManager.cs(94,9): error CS0103: The name 'EmulatorCloseHotkeyCount' does not exist in the current context [E:\Projects\romm-frontend\romm-frontend.csproj]
E:\Projects\romm-frontend\scripts\autoloads\ConfigManager.cs(101,9): error CS0103: The name 'RomsPath' does not exist in the current context [E:\Projects\romm-frontend\romm-frontend.csproj]
E:\Projects\romm-frontend\scripts\autoloads\ConfigManager.cs(101,23): error CS0103: The name 'ApplicationRootDirectory' does not exist in the current context [E:\Projects\romm-frontend\romm-frontend.csproj]
E:\Projects\romm-frontend\scripts\autoloads\ConfigManager.cs(102,9): error CS0103: The name 'BiosPath' does not exist in the current context [E:\Projects\romm-frontend\romm-frontend.csproj]
E:\Projects\romm-frontend\scripts\autoloads\ConfigManager.cs(102,23): error CS0103: The name 'ApplicationRootDirectory' does not exist in the current context [E:\Projects\romm-frontend\romm-frontend.csproj]
E:\Projects\romm-frontend\scripts\autoloads\ConfigManager.cs(103,9): error CS0103: The name 'EmulatorsPath' does not exist in the current context [E:\Projects\romm-frontend\romm-frontend.csproj]
E:\Projects\romm-frontend\scripts\autoloads\ConfigManager.cs(103,28): error CS0103: The name 'ApplicationRootDirectory' does not exist in the current context [E:\Projects\romm-frontend\romm-frontend.csproj]
E:\Projects\romm-frontend\scripts\autoloads\ConfigManager.cs(104,9): error CS0103: The name 'DownloadsPath' does not exist in the current context [E:\Projects\romm-frontend\romm-frontend.csproj]
E:\Projects\romm-frontend\scripts\autoloads\ConfigManager.cs(104,28): error CS0103: The name 'ApplicationRootDirectory' does not exist in the current context [E:\Projects\romm-frontend\romm-frontend.csproj]
E:\Projects\romm-frontend\scripts\autoloads\ConfigManager.cs(105,9): error CS0103: The name 'InstallScriptsPath' does not exist in the current context [E:\Projects\romm-frontend\romm-frontend.csproj]
E:\Projects\romm-frontend\scripts\autoloads\ConfigManager.cs(105,33): error CS0103: The name 'ApplicationRootDirectory' does not exist in the current context [E:\Projects\romm-frontend\romm-frontend.csproj]
E:\Projects\romm-frontend\scripts\autoloads\ConfigManager.cs(106,9): error CS0103: The name 'ToolsPath' does not exist in the current context [E:\Projects\romm-frontend\romm-frontend.csproj]
E:\Projects\romm-frontend\scripts\autoloads\ConfigManager.cs(106,24): error CS0103: The name 'ApplicationRootDirectory' does not exist in the current context [E:\Projects\romm-frontend\romm-frontend.csproj]
E:\Projects\romm-frontend\scripts\autoloads\ConfigManager.cs(107,9): error CS0103: The name 'AssetsPath' does not exist in the current context [E:\Projects\romm-frontend\romm-frontend.csproj]
E:\Projects\romm-frontend\scripts\autoloads\ConfigManager.cs(107,25): error CS0103: The name 'ApplicationRootDirectory' does not exist in the current context [E:\Projects\romm-frontend\romm-frontend.csproj]
E:\Projects\romm-frontend\scripts\autoloads\ConfigManager.cs(108,9): error CS0103: The name 'RomMHost' does not exist in the current context [E:\Projects\romm-frontend\romm-frontend.csproj]
E:\Projects\romm-frontend\scripts\autoloads\ConfigManager.cs(109,9): error CS0103: The name 'RomMUsername' does not exist in the current context [E:\Projects\romm-frontend\romm-frontend.csproj]
E:\Projects\romm-frontend\scripts\autoloads\ConfigManager.cs(110,9): error CS0103: The name 'RomMPassword' does not exist in the current context [E:\Projects\romm-frontend\romm-frontend.csproj]
E:\Projects\romm-frontend\scripts\autoloads\ConfigManager.cs(111,9): error CS0103: The name 'RomMApiKey' does not exist in the current context [E:\Projects\romm-frontend\romm-frontend.csproj]
E:\Projects\romm-frontend\scripts\autoloads\ConfigManager.cs(112,9): error CS0103: The name 'RomMValidLoginLastUsed' does not exist in the current context [E:\Projects\romm-frontend\romm-frontend.csproj]
E:\Projects\romm-frontend\scripts\autoloads\ConfigManager.cs(113,9): error CS0103: The name 'HideGamesWithoutBoxArt' does not exist in the current context [E:\Projects\romm-frontend\romm-frontend.csproj]
E:\Projects\romm-frontend\scripts\autoloads\ConfigManager.cs(114,9): error CS0103: The name 'ShowAllSystems' does not exist in the current context [E:\Projects\romm-frontend\romm-frontend.csproj]
E:\Projects\romm-frontend\scripts\autoloads\ConfigManager.cs(115,9): error CS0103: The name 'EmulatorCloseHotkeyCount' does not exist in the current context [E:\Projects\romm-frontend\romm-frontend.csproj]
E:\Projects\romm-frontend\scripts\autoloads\EmulatorManager.cs(414,72): error CS1061: 'ConfigManager' does not contain a definition for 'InstallScriptsPath' and no accessible extension method 'InstallScriptsPath' accepting a first argument of type 'ConfigManager' could be found (are you missing a using directive or an assembly reference?) [E:\Projects\romm-frontend\romm-frontend.csproj]
E:\Projects\romm-frontend\scripts\autoloads\CacheManager.cs(54,30): error CS1061: 'Game' does not contain a definition for 'Files' and no accessible extension method 'Files' accepting a first argument of type 'Game' could be found (are you missing a using directive or an assembly reference?) [E:\Projects\romm-frontend\romm-frontend.csproj]
E:\Projects\romm-frontend\scripts\autoloads\CacheManager.cs(54,52): error CS1061: 'Game' does not contain a definition for 'Files' and no accessible extension method 'Files' accepting a first argument of type 'Game' could be found (are you missing a using directive or an assembly reference?) [E:\Projects\romm-frontend\romm-frontend.csproj]
E:\Projects\romm-frontend\scripts\autoloads\ConfigManager.cs(123,57): error CS0103: The name 'RomsPath' does not exist in the current context [E:\Projects\romm-frontend\romm-frontend.csproj]
E:\Projects\romm-frontend\scripts\autoloads\ConfigManager.cs(124,57): error CS0103: The name 'BiosPath' does not exist in the current context [E:\Projects\romm-frontend\romm-frontend.csproj]
E:\Projects\romm-frontend\scripts\autoloads\ConfigManager.cs(125,62): error CS0103: The name 'EmulatorsPath' does not exist in the current context [E:\Projects\romm-frontend\romm-frontend.csproj]
E:\Projects\romm-frontend\scripts\autoloads\ConfigManager.cs(126,62): error CS0103: The name 'DownloadsPath' does not exist in the current context [E:\Projects\romm-frontend\romm-frontend.csproj]
E:\Projects\romm-frontend\scripts\autoloads\ConfigManager.cs(127,67): error CS0103: The name 'InstallScriptsPath' does not exist in the current context [E:\Projects\romm-frontend\romm-frontend.csproj]
E:\Projects\romm-frontend\scripts\autoloads\ConfigManager.cs(128,58): error CS0103: The name 'ToolsPath' does not exist in the current context [E:\Projects\romm-frontend\romm-frontend.csproj]
E:\Projects\romm-frontend\scripts\autoloads\ConfigManager.cs(129,59): error CS0103: The name 'AssetsPath' does not exist in the current context [E:\Projects\romm-frontend\romm-frontend.csproj]
E:\Projects\romm-frontend\scripts\autoloads\ConfigManager.cs(130,52): error CS0103: The name 'RomMHost' does not exist in the current context [E:\Projects\romm-frontend\romm-frontend.csproj]
E:\Projects\romm-frontend\scripts\autoloads\ConfigManager.cs(131,56): error CS0103: The name 'RomMUsername' does not exist in the current context [E:\Projects\romm-frontend\romm-frontend.csproj]
E:\Projects\romm-frontend\scripts\autoloads\ConfigManager.cs(132,56): error CS0103: The name 'RomMPassword' does not exist in the current context [E:\Projects\romm-frontend\romm-frontend.csproj]
E:\Projects\romm-frontend\scripts\autoloads\ConfigManager.cs(133,54): error CS0103: The name 'RomMApiKey' does not exist in the current context [E:\Projects\romm-frontend\romm-frontend.csproj]
E:\Projects\romm-frontend\scripts\autoloads\ConfigManager.cs(134,66): error CS0103: The name 'RomMValidLoginLastUsed' does not exist in the current context [E:\Projects\romm-frontend\romm-frontend.csproj]
E:\Projects\romm-frontend\scripts\autoloads\ConfigManager.cs(135,68): error CS0103: The name 'HideGamesWithoutBoxArt' does not exist in the current context [E:\Projects\romm-frontend\romm-frontend.csproj]
E:\Projects\romm-frontend\scripts\autoloads\ConfigManager.cs(136,60): error CS0103: The name 'ShowAllSystems' does not exist in the current context [E:\Projects\romm-frontend\romm-frontend.csproj]
E:\Projects\romm-frontend\scripts\autoloads\ConfigManager.cs(137,73): error CS0103: The name 'EmulatorCloseHotkeyCount' does not exist in the current context [E:\Projects\romm-frontend\romm-frontend.csproj]
E:\Projects\romm-frontend\scripts\autoloads\AssetManager.cs(35,64): error CS1061: 'ConfigManager' does not contain a definition for 'AssetsPath' and no accessible extension method 'AssetsPath' accepting a first argument of type 'ConfigManager' could be found (are you missing a using directive or an assembly reference?) [E:\Projects\romm-frontend\romm-frontend.csproj]
E:\Projects\romm-frontend\scripts\autoloads\AssetManager.cs(37,99): error CS1061: 'Game' does not contain a definition for 'Id' and no accessible extension method 'Id' accepting a first argument of type 'Game' could be found (are you missing a using directive or an assembly reference?) [E:\Projects\romm-frontend\romm-frontend.csproj]
E:\Projects\romm-frontend\scripts\autoloads\AssetManager.cs(41,44): error CS1061: 'Game' does not contain a definition for 'PathCover3d' and no accessible extension method 'PathCover3d' accepting a first argument of type 'Game' could be found (are you missing a using directive or an assembly reference?) [E:\Projects\romm-frontend\romm-frontend.csproj]
E:\Projects\romm-frontend\scripts\autoloads\AssetManager.cs(43,44): error CS1061: 'Game' does not contain a definition for 'PathCover3d' and no accessible extension method 'PathCover3d' accepting a first argument of type 'Game' could be found (are you missing a using directive or an assembly reference?) [E:\Projects\romm-frontend\romm-frontend.csproj]
E:\Projects\romm-frontend\scripts\autoloads\AssetManager.cs(44,49): error CS1061: 'Game' does not contain a definition for 'PathCover3d' and no accessible extension method 'PathCover3d' accepting a first argument of type 'Game' could be found (are you missing a using directive or an assembly reference?) [E:\Projects\romm-frontend\romm-frontend.csproj]
E:\Projects\romm-frontend\scripts\autoloads\AssetManager.cs(44,87): error CS1061: 'Game' does not contain a definition for 'PathCover3d' and no accessible extension method 'PathCover3d' accepting a first argument of type 'Game' could be found (are you missing a using directive or an assembly reference?) [E:\Projects\romm-frontend\romm-frontend.csproj]
E:\Projects\romm-frontend\scripts\autoloads\AssetManager.cs(44,124): error CS1061: 'RomMAPI' does not contain a definition for 'ApiHost' and no accessible extension method 'ApiHost' accepting a first argument of type 'RomMAPI' could be found (are you missing a using directive or an assembly reference?) [E:\Projects\romm-frontend\romm-frontend.csproj]
E:\Projects\romm-frontend\scripts\autoloads\AssetManager.cs(48,67): error CS1061: 'RomMAPI' does not contain a definition for 'ApiHost' and no accessible extension method 'ApiHost' accepting a first argument of type 'RomMAPI' could be found (are you missing a using directive or an assembly reference?) [E:\Projects\romm-frontend\romm-frontend.csproj]
E:\Projects\romm-frontend\scripts\autoloads\AssetManager.cs(48,109): error CS1061: 'Game' does not contain a definition for 'PlatformId' and no accessible extension method 'PlatformId' accepting a first argument of type 'Game' could be found (are you missing a using directive or an assembly reference?) [E:\Projects\romm-frontend\romm-frontend.csproj]
E:\Projects\romm-frontend\scripts\autoloads\AssetManager.cs(48,127): error CS1061: 'Game' does not contain a definition for 'Id' and no accessible extension method 'Id' accepting a first argument of type 'Game' could be found (are you missing a using directive or an assembly reference?) [E:\Projects\romm-frontend\romm-frontend.csproj]
E:\Projects\romm-frontend\scripts\autoloads\AssetManager.cs(50,53): error CS1061: 'Game' does not contain a definition for 'Id' and no accessible extension method 'Id' accepting a first argument of type 'Game' could be found (are you missing a using directive or an assembly reference?) [E:\Projects\romm-frontend\romm-frontend.csproj]
E:\Projects\romm-frontend\scripts\autoloads\AssetManager.cs(52,97): error CS1061: 'Game' does not contain a definition for 'Id' and no accessible extension method 'Id' accepting a first argument of type 'Game' could be found (are you missing a using directive or an assembly reference?) [E:\Projects\romm-frontend\romm-frontend.csproj]
E:\Projects\romm-frontend\scripts\autoloads\AssetManager.cs(56,44): error CS1061: 'Game' does not contain a definition for 'PathCoverLarge' and no accessible extension method 'PathCoverLarge' accepting a first argument of type 'Game' could be found (are you missing a using directive or an assembly reference?) [E:\Projects\romm-frontend\romm-frontend.csproj]
E:\Projects\romm-frontend\scripts\autoloads\AssetManager.cs(58,44): error CS1061: 'Game' does not contain a definition for 'PathCoverLarge' and no accessible extension method 'PathCoverLarge' accepting a first argument of type 'Game' could be found (are you missing a using directive or an assembly reference?) [E:\Projects\romm-frontend\romm-frontend.csproj]
E:\Projects\romm-frontend\scripts\autoloads\AssetManager.cs(59,47): error CS1061: 'Game' does not contain a definition for 'PathCoverLarge' and no accessible extension method 'PathCoverLarge' accepting a first argument of type 'Game' could be found (are you missing a using directive or an assembly reference?) [E:\Projects\romm-frontend\romm-frontend.csproj]
E:\Projects\romm-frontend\scripts\autoloads\AssetManager.cs(59,88): error CS1061: 'Game' does not contain a definition for 'PathCoverLarge' and no accessible extension method 'PathCoverLarge' accepting a first argument of type 'Game' could be found (are you missing a using directive or an assembly reference?) [E:\Projects\romm-frontend\romm-frontend.csproj]
E:\Projects\romm-frontend\scripts\autoloads\AssetManager.cs(59,128): error CS1061: 'RomMAPI' does not contain a definition for 'ApiHost' and no accessible extension method 'ApiHost' accepting a first argument of type 'RomMAPI' could be found (are you missing a using directive or an assembly reference?) [E:\Projects\romm-frontend\romm-frontend.csproj]
E:\Projects\romm-frontend\scripts\autoloads\AssetManager.cs(63,65): error CS1061: 'RomMAPI' does not contain a definition for 'ApiHost' and no accessible extension method 'ApiHost' accepting a first argument of type 'RomMAPI' could be found (are you missing a using directive or an assembly reference?) [E:\Projects\romm-frontend\romm-frontend.csproj]
E:\Projects\romm-frontend\scripts\autoloads\AssetManager.cs(63,107): error CS1061: 'Game' does not contain a definition for 'PlatformId' and no accessible extension method 'PlatformId' accepting a first argument of type 'Game' could be found (are you missing a using directive or an assembly reference?) [E:\Projects\romm-frontend\romm-frontend.csproj]
E:\Projects\romm-frontend\scripts\autoloads\AssetManager.cs(63,125): error CS1061: 'Game' does not contain a definition for 'Id' and no accessible extension method 'Id' accepting a first argument of type 'Game' could be found (are you missing a using directive or an assembly reference?) [E:\Projects\romm-frontend\romm-frontend.csproj]
E:\Projects\romm-frontend\scripts\autoloads\AssetManager.cs(65,53): error CS1061: 'Game' does not contain a definition for 'Id' and no accessible extension method 'Id' accepting a first argument of type 'Game' could be found (are you missing a using directive or an assembly reference?) [E:\Projects\romm-frontend\romm-frontend.csproj]
E:\Projects\romm-frontend\scripts\autoloads\AssetManager.cs(67,89): error CS1061: 'Game' does not contain a definition for 'Id' and no accessible extension method 'Id' accepting a first argument of type 'Game' could be found (are you missing a using directive or an assembly reference?) [E:\Projects\romm-frontend\romm-frontend.csproj]
E:\Projects\romm-frontend\scripts\autoloads\AssetManager.cs(70,61): error CS1061: 'RomMAPI' does not contain a definition for 'ApiHost' and no accessible extension method 'ApiHost' accepting a first argument of type 'RomMAPI' could be found (are you missing a using directive or an assembly reference?) [E:\Projects\romm-frontend\romm-frontend.csproj]
E:\Projects\romm-frontend\scripts\autoloads\AssetManager.cs(70,103): error CS1061: 'Game' does not contain a definition for 'PlatformId' and no accessible extension method 'PlatformId' accepting a first argument of type 'Game' could be found (are you missing a using directive or an assembly reference?) [E:\Projects\romm-frontend\romm-frontend.csproj]
E:\Projects\romm-frontend\scripts\autoloads\AssetManager.cs(70,121): error CS1061: 'Game' does not contain a definition for 'Id' and no accessible extension method 'Id' accepting a first argument of type 'Game' could be found (are you missing a using directive or an assembly reference?) [E:\Projects\romm-frontend\romm-frontend.csproj]
E:\Projects\romm-frontend\scripts\autoloads\AssetManager.cs(71,53): error CS1061: 'Game' does not contain a definition for 'Id' and no accessible extension method 'Id' accepting a first argument of type 'Game' could be found (are you missing a using directive or an assembly reference?) [E:\Projects\romm-frontend\romm-frontend.csproj]
E:\Projects\romm-frontend\scripts\autoloads\AssetManager.cs(73,95): error CS1061: 'Game' does not contain a definition for 'Id' and no accessible extension method 'Id' accepting a first argument of type 'Game' could be found (are you missing a using directive or an assembly reference?) [E:\Projects\romm-frontend\romm-frontend.csproj]
E:\Projects\romm-frontend\scripts\autoloads\AssetManager.cs(76,64): error CS1061: 'RomMAPI' does not contain a definition for 'ApiHost' and no accessible extension method 'ApiHost' accepting a first argument of type 'RomMAPI' could be found (are you missing a using directive or an assembly reference?) [E:\Projects\romm-frontend\romm-frontend.csproj]
E:\Projects\romm-frontend\scripts\autoloads\AssetManager.cs(76,106): error CS1061: 'Game' does not contain a definition for 'PlatformId' and no accessible extension method 'PlatformId' accepting a first argument of type 'Game' could be found (are you missing a using directive or an assembly reference?) [E:\Projects\romm-frontend\romm-frontend.csproj]
E:\Projects\romm-frontend\scripts\autoloads\AssetManager.cs(76,124): error CS1061: 'Game' does not contain a definition for 'Id' and no accessible extension method 'Id' accepting a first argument of type 'Game' could be found (are you missing a using directive or an assembly reference?) [E:\Projects\romm-frontend\romm-frontend.csproj]
E:\Projects\romm-frontend\scripts\autoloads\AssetManager.cs(77,53): error CS1061: 'Game' does not contain a definition for 'Id' and no accessible extension method 'Id' accepting a first argument of type 'Game' could be found (are you missing a using directive or an assembly reference?) [E:\Projects\romm-frontend\romm-frontend.csproj]
E:\Projects\romm-frontend\scripts\autoloads\ConfigManager.cs(148,9): error CS0103: The name 'RomMValidLoginLastUsed' does not exist in the current context [E:\Projects\romm-frontend\romm-frontend.csproj]
E:\Projects\romm-frontend\scripts\autoloads\ConfigManager.cs(153,9): error CS0103: The name 'RomMHost' does not exist in the current context [E:\Projects\romm-frontend\romm-frontend.csproj]
E:\Projects\romm-frontend\scripts\autoloads\ConfigManager.cs(154,9): error CS0103: The name 'RomMUsername' does not exist in the current context [E:\Projects\romm-frontend\romm-frontend.csproj]
E:\Projects\romm-frontend\scripts\autoloads\ConfigManager.cs(155,9): error CS0103: The name 'RomMPassword' does not exist in the current context [E:\Projects\romm-frontend\romm-frontend.csproj]
E:\Projects\romm-frontend\scripts\autoloads\ConfigManager.cs(156,9): error CS0103: The name 'RomMApiKey' does not exist in the current context [E:\Projects\romm-frontend\romm-frontend.csproj]
E:\Projects\romm-frontend\scripts\autoloads\ConfigManager.cs(157,9): error CS0103: The name 'RomMValidLoginLastUsed' does not exist in the current context [E:\Projects\romm-frontend\romm-frontend.csproj]
E:\Projects\romm-frontend\scripts\autoloads\ConfigManager.cs(162,9): error CS0103: The name 'HideGamesWithoutBoxArt' does not exist in the current context [E:\Projects\romm-frontend\romm-frontend.csproj]
E:\Projects\romm-frontend\scripts\autoloads\ConfigManager.cs(163,9): error CS0103: The name 'ShowAllSystems' does not exist in the current context [E:\Projects\romm-frontend\romm-frontend.csproj]
E:\Projects\romm-frontend\scripts\autoloads\ConfigManager.cs(168,9): error CS0103: The name 'EmulatorCloseHotkeyCount' does not exist in the current context [E:\Projects\romm-frontend\romm-frontend.csproj]
E:\Projects\romm-frontend\scripts\autoloads\ConfigManager.cs(181,49): error CS0103: The name 'EmulatorCloseHotkeyCount' does not exist in the current context [E:\Projects\romm-frontend\romm-frontend.csproj]
E:\Projects\romm-frontend\scripts\autoloads\DownloadManager.cs(30,13): error CS0117: 'DownloadManager.ActiveDownloadEntry' does not contain a definition for 'Request' [E:\Projects\romm-frontend\romm-frontend.csproj]
E:\Projects\romm-frontend\scripts\autoloads\DownloadManager.cs(31,13): error CS0117: 'DownloadManager.ActiveDownloadEntry' does not contain a definition for 'FileName' [E:\Projects\romm-frontend\romm-frontend.csproj]
E:\Projects\romm-frontend\scripts\autoloads\DownloadManager.cs(32,13): error CS0117: 'DownloadManager.ActiveDownloadEntry' does not contain a definition for 'DestinationPath' [E:\Projects\romm-frontend\romm-frontend.csproj]
E:\Projects\romm-frontend\scripts\autoloads\DownloadManager.cs(60,31): error CS1061: 'DownloadManager.ActiveDownloadEntry' does not contain a definition for 'Request' and no accessible extension method 'Request' accepting a first argument of type 'DownloadManager.ActiveDownloadEntry' could be found (are you missing a using directive or an assembly reference?) [E:\Projects\romm-frontend\romm-frontend.csproj]
E:\Projects\romm-frontend\scripts\autoloads\DownloadManager.cs(63,35): error CS1061: 'DownloadManager.ActiveDownloadEntry' does not contain a definition for 'FileName' and no accessible extension method 'FileName' accepting a first argument of type 'DownloadManager.ActiveDownloadEntry' could be found (are you missing a using directive or an assembly reference?) [E:\Projects\romm-frontend\romm-frontend.csproj]
E:\Projects\romm-frontend\scripts\autoloads\DownloadManager.cs(64,35): error CS1061: 'DownloadManager.ActiveDownloadEntry' does not contain a definition for 'Request' and no accessible extension method 'Request' accepting a first argument of type 'DownloadManager.ActiveDownloadEntry' could be found (are you missing a using directive or an assembly reference?) [E:\Projects\romm-frontend\romm-frontend.csproj]
E:\Projects\romm-frontend\scripts\autoloads\DownloadManager.cs(65,35): error CS1061: 'DownloadManager.ActiveDownloadEntry' does not contain a definition for 'Request' and no accessible extension method 'Request' accepting a first argument of type 'DownloadManager.ActiveDownloadEntry' could be found (are you missing a using directive or an assembly reference?) [E:\Projects\romm-frontend\romm-frontend.csproj]
E:\Projects\romm-frontend\scripts\downloads\DownloadEntryUI.cs(46,46): error CS0103: The name 'FileName' does not exist in the current context [E:\Projects\romm-frontend\romm-frontend.csproj]
E:\Projects\romm-frontend\scripts\downloads\DownloadEntryUI.cs(55,9): error CS0103: The name 'FileName' does not exist in the current context [E:\Projects\romm-frontend\romm-frontend.csproj]
E:\Projects\romm-frontend\scripts\autoloads\EmulatorManager.cs(450,79): error CS1061: 'ConfigManager' does not contain a definition for 'EmulatorsPath' and no accessible extension method 'EmulatorsPath' accepting a first argument of type 'ConfigManager' could be found (are you missing a using directive or an assembly reference?) [E:\Projects\romm-frontend\romm-frontend.csproj]
E:\Projects\romm-frontend\scripts\autoloads\EmulatorManager.cs(469,58): error CS1061: 'EmulatorMeta' does not contain a definition for 'SettingsFields' and no accessible extension method 'SettingsFields' accepting a first argument of type 'EmulatorMeta' could be found (are you missing a using directive or an assembly reference?) [E:\Projects\romm-frontend\romm-frontend.csproj]
E:\Projects\romm-frontend\scripts\autoloads\EmulatorManager.cs(471,72): error CS1061: 'EmulatorMeta' does not contain a definition for 'SettingsFields' and no accessible extension method 'SettingsFields' accepting a first argument of type 'EmulatorMeta' could be found (are you missing a using directive or an assembly reference?) [E:\Projects\romm-frontend\romm-frontend.csproj]
E:\Projects\romm-frontend\scripts\autoloads\EmulatorManager.cs(472,88): error CS1061: 'EmulatorSettingField' does not contain a definition for 'ConfigFileRelativePath' and no accessible extension method 'ConfigFileRelativePath' accepting a first argument of type 'EmulatorSettingField' could be found (are you missing a using directive or an assembly reference?) [E:\Projects\romm-frontend\romm-frontend.csproj]
E:\Projects\romm-frontend\scripts\autoloads\EmulatorManager.cs(472,156): error CS1061: 'EmulatorSettingField' does not contain a definition for 'ConfigSection' and no accessible extension method 'ConfigSection' accepting a first argument of type 'EmulatorSettingField' could be found (are you missing a using directive or an assembly reference?) [E:\Projects\romm-frontend\romm-frontend.csproj]
E:\Projects\romm-frontend\scripts\autoloads\EmulatorManager.cs(472,215): error CS1061: 'EmulatorSettingField' does not contain a definition for 'ConfigKey' and no accessible extension method 'ConfigKey' accepting a first argument of type 'EmulatorSettingField' could be found (are you missing a using directive or an assembly reference?) [E:\Projects\romm-frontend\romm-frontend.csproj]
E:\Projects\romm-frontend\scripts\autoloads\EmulatorManager.cs(477,100): error CS1061: 'ConfigManager' does not contain a definition for 'EmulatorsPath' and no accessible extension method 'EmulatorsPath' accepting a first argument of type 'ConfigManager' could be found (are you missing a using directive or an assembly reference?) [E:\Projects\romm-frontend\romm-frontend.csproj]
E:\Projects\romm-frontend\scripts\autoloads\EmulatorManager.cs(478,116): error CS1061: 'EmulatorSettingField' does not contain a definition for 'ConfigFileRelativePath' and no accessible extension method 'ConfigFileRelativePath' accepting a first argument of type 'EmulatorSettingField' could be found (are you missing a using directive or an assembly reference?) [E:\Projects\romm-frontend\romm-frontend.csproj]
E:\Projects\romm-frontend\scripts\autoloads\EmulatorManager.cs(504,91): error CS1061: 'EmulatorSettingField' does not contain a definition for 'ConfigSection' and no accessible extension method 'ConfigSection' accepting a first argument of type 'EmulatorSettingField' could be found (are you missing a using directive or an assembly reference?) [E:\Projects\romm-frontend\romm-frontend.csproj]
E:\Projects\romm-frontend\scripts\autoloads\EmulatorManager.cs(504,125): error CS1061: 'EmulatorSettingField' does not contain a definition for 'ConfigKey' and no accessible extension method 'ConfigKey' accepting a first argument of type 'EmulatorSettingField' could be found (are you missing a using directive or an assembly reference?) [E:\Projects\romm-frontend\romm-frontend.csproj]
E:\Projects\romm-frontend\scripts\autoloads\EmulatorManager.cs(514,78): error CS1061: 'ConfigManager' does not contain a definition for 'EmulatorsPath' and no accessible extension method 'EmulatorsPath' accepting a first argument of type 'ConfigManager' could be found (are you missing a using directive or an assembly reference?) [E:\Projects\romm-frontend\romm-frontend.csproj]
E:\Projects\romm-frontend\scripts\autoloads\SaveSyncManager.cs(32,76): error CS1061: 'Game' does not contain a definition for 'Id' and no accessible extension method 'Id' accepting a first argument of type 'Game' could be found (are you missing a using directive or an assembly reference?) [E:\Projects\romm-frontend\romm-frontend.csproj]
E:\Projects\romm-frontend\scripts\autoloads\SaveSyncManager.cs(59,71): error CS1061: 'Game' does not contain a definition for 'Name' and no accessible extension method 'Name' accepting a first argument of type 'Game' could be found (are you missing a using directive or an assembly reference?) [E:\Projects\romm-frontend\romm-frontend.csproj]
E:\Projects\romm-frontend\scripts\autoloads\SaveSyncManager.cs(72,29): error CS0117: 'ClientSaveState' does not contain a definition for 'RomId' [E:\Projects\romm-frontend\romm-frontend.csproj]
E:\Projects\romm-frontend\scripts\autoloads\SaveSyncManager.cs(72,42): error CS1061: 'Game' does not contain a definition for 'Id' and no accessible extension method 'Id' accepting a first argument of type 'Game' could be found (are you missing a using directive or an assembly reference?) [E:\Projects\romm-frontend\romm-frontend.csproj]
E:\Projects\romm-frontend\scripts\autoloads\SaveSyncManager.cs(73,29): error CS0117: 'ClientSaveState' does not contain a definition for 'FileName' [E:\Projects\romm-frontend\romm-frontend.csproj]
E:\Projects\romm-frontend\scripts\autoloads\SaveSyncManager.cs(74,29): error CS0117: 'ClientSaveState' does not contain a definition for 'UpdatedAt' [E:\Projects\romm-frontend\romm-frontend.csproj]
E:\Projects\romm-frontend\scripts\autoloads\SaveSyncManager.cs(75,29): error CS0117: 'ClientSaveState' does not contain a definition for 'FileSizeBytes' [E:\Projects\romm-frontend\romm-frontend.csproj]
E:\Projects\romm-frontend\scripts\autoloads\SaveSyncManager.cs(82,29): error CS0117: 'ClientSaveState' does not contain a definition for 'RomId' [E:\Projects\romm-frontend\romm-frontend.csproj]
E:\Projects\romm-frontend\scripts\autoloads\SaveSyncManager.cs(82,42): error CS1061: 'Game' does not contain a definition for 'Id' and no accessible extension method 'Id' accepting a first argument of type 'Game' could be found (are you missing a using directive or an assembly reference?) [E:\Projects\romm-frontend\romm-frontend.csproj]
E:\Projects\romm-frontend\scripts\autoloads\SaveSyncManager.cs(83,29): error CS0117: 'ClientSaveState' does not contain a definition for 'FileName' [E:\Projects\romm-frontend\romm-frontend.csproj]
E:\Projects\romm-frontend\scripts\autoloads\SaveSyncManager.cs(84,29): error CS0117: 'ClientSaveState' does not contain a definition for 'UpdatedAt' [E:\Projects\romm-frontend\romm-frontend.csproj]
E:\Projects\romm-frontend\scripts\autoloads\SaveSyncManager.cs(85,29): error CS0117: 'ClientSaveState' does not contain a definition for 'FileSizeBytes' [E:\Projects\romm-frontend\romm-frontend.csproj]
E:\Projects\romm-frontend\scripts\autoloads\SaveSyncManager.cs(99,13): error CS0117: 'SyncNegotiatePayload' does not contain a definition for 'DeviceId' [E:\Projects\romm-frontend\romm-frontend.csproj]
E:\Projects\romm-frontend\scripts\autoloads\SaveSyncManager.cs(100,13): error CS0117: 'SyncNegotiatePayload' does not contain a definition for 'Saves' [E:\Projects\romm-frontend\romm-frontend.csproj]
E:\Projects\romm-frontend\scripts\autoloads\SaveSyncManager.cs(103,42): error CS1061: 'SyncNegotiateResponse' does not contain a definition for 'Operations' and no accessible extension method 'Operations' accepting a first argument of type 'SyncNegotiateResponse' could be found (are you missing a using directive or an assembly reference?) [E:\Projects\romm-frontend\romm-frontend.csproj]
E:\Projects\romm-frontend\scripts\autoloads\SaveSyncManager.cs(105,36): error CS1061: 'SyncNegotiateResponse' does not contain a definition for 'Operations' and no accessible extension method 'Operations' accepting a first argument of type 'SyncNegotiateResponse' could be found (are you missing a using directive or an assembly reference?) [E:\Projects\romm-frontend\romm-frontend.csproj]
E:\Projects\romm-frontend\scripts\autoloads\SaveSyncManager.cs(105,74): error CS1061: 'Game' does not contain a definition for 'Id' and no accessible extension method 'Id' accepting a first argument of type 'Game' could be found (are you missing a using directive or an assembly reference?) [E:\Projects\romm-frontend\romm-frontend.csproj]
E:\Projects\romm-frontend\scripts\autoloads\SaveSyncManager.cs(114,77): error CS1061: 'Game' does not contain a definition for 'Name' and no accessible extension method 'Name' accepting a first argument of type 'Game' could be found (are you missing a using directive or an assembly reference?) [E:\Projects\romm-frontend\romm-frontend.csproj]
E:\Projects\romm-frontend\scripts\autoloads\SaveSyncManager.cs(126,63): error CS1061: 'Game' does not contain a definition for 'Name' and no accessible extension method 'Name' accepting a first argument of type 'Game' could be found (are you missing a using directive or an assembly reference?) [E:\Projects\romm-frontend\romm-frontend.csproj]
E:\Projects\romm-frontend\scripts\autoloads\SaveSyncManager.cs(139,17): error CS0117: 'SyncCompletePayload' does not contain a definition for 'OperationsCompleted' [E:\Projects\romm-frontend\romm-frontend.csproj]
E:\Projects\romm-frontend\scripts\autoloads\SaveSyncManager.cs(140,17): error CS0117: 'SyncCompletePayload' does not contain a definition for 'OperationsFailed' [E:\Projects\romm-frontend\romm-frontend.csproj]
E:\Projects\romm-frontend\scripts\autoloads\SaveSyncManager.cs(141,17): error CS0117: 'SyncCompletePayload' does not contain a definition for 'PlaySessions' [E:\Projects\romm-frontend\romm-frontend.csproj]
E:\Projects\romm-frontend\scripts\autoloads\SaveSyncManager.cs(143,92): error CS1061: 'SyncNegotiateResponse' does not contain a definition for 'SessionId' and no accessible extension method 'SessionId' accepting a first argument of type 'SyncNegotiateResponse' could be found (are you missing a using directive or an assembly reference?) [E:\Projects\romm-frontend\romm-frontend.csproj]
E:\Projects\romm-frontend\scripts\autoloads\EmulatorManager.cs(528,61): error CS1061: 'ConfigManager' does not contain a definition for 'InstallScriptsPath' and no accessible extension method 'InstallScriptsPath' accepting a first argument of type 'ConfigManager' could be found (are you missing a using directive or an assembly reference?) [E:\Projects\romm-frontend\romm-frontend.csproj]
E:\Projects\romm-frontend\scripts\autoloads\EmulatorManager.cs(555,69): error CS1061: 'ConfigManager' does not contain a definition for 'EmulatorsPath' and no accessible extension method 'EmulatorsPath' accepting a first argument of type 'ConfigManager' could be found (are you missing a using directive or an assembly reference?) [E:\Projects\romm-frontend\romm-frontend.csproj]
E:\Projects\romm-frontend\scripts\autoloads\AppUpdater.cs(79,37): error CS1061: 'GithubReleaseInfo' does not contain a definition for 'Assets' and no accessible extension method 'Assets' accepting a first argument of type 'GithubReleaseInfo' could be found (are you missing a using directive or an assembly reference?) [E:\Projects\romm-frontend\romm-frontend.csproj]
E:\Projects\romm-frontend\scripts\autoloads\AppUpdater.cs(82,37): error CS1061: 'GithubReleaseInfo' does not contain a definition for 'Assets' and no accessible extension method 'Assets' accepting a first argument of type 'GithubReleaseInfo' could be found (are you missing a using directive or an assembly reference?) [E:\Projects\romm-frontend\romm-frontend.csproj]
E:\Projects\romm-frontend\scripts\autoloads\DownloadManager.cs(71,57): error CS1061: 'DownloadManager.ActiveDownloadEntry' does not contain a definition for 'FileName' and no accessible extension method 'FileName' accepting a first argument of type 'DownloadManager.ActiveDownloadEntry' could be found (are you missing a using directive or an assembly reference?) [E:\Projects\romm-frontend\romm-frontend.csproj]
E:\Projects\romm-frontend\scripts\autoloads\EmulatorManager.cs(592,46): error CS1061: 'GameSystem' does not contain a definition for 'PrefferedFirmware' and no accessible extension method 'PrefferedFirmware' accepting a first argument of type 'GameSystem' could be found (are you missing a using directive or an assembly reference?) [E:\Projects\romm-frontend\romm-frontend.csproj]
E:\Projects\romm-frontend\scripts\autoloads\EmulatorManager.cs(594,48): error CS1061: 'GameSystem' does not contain a definition for 'PrefferedFirmware' and no accessible extension method 'PrefferedFirmware' accepting a first argument of type 'GameSystem' could be found (are you missing a using directive or an assembly reference?) [E:\Projects\romm-frontend\romm-frontend.csproj]
E:\Projects\romm-frontend\scripts\autoloads\EmulatorManager.cs(596,62): error CS1061: 'ConfigManager' does not contain a definition for 'BiosPath' and no accessible extension method 'BiosPath' accepting a first argument of type 'ConfigManager' could be found (are you missing a using directive or an assembly reference?) [E:\Projects\romm-frontend\romm-frontend.csproj]
E:\Projects\romm-frontend\scripts\autoloads\EmulatorManager.cs(596,91): error CS1061: 'GameSystem' does not contain a definition for 'Slug' and no accessible extension method 'Slug' accepting a first argument of type 'GameSystem' could be found (are you missing a using directive or an assembly reference?) [E:\Projects\romm-frontend\romm-frontend.csproj]
E:\Projects\romm-frontend\scripts\autoloads\SaveSyncManager.cs(207,71): error CS1061: 'Game' does not contain a definition for 'Name' and no accessible extension method 'Name' accepting a first argument of type 'Game' could be found (are you missing a using directive or an assembly reference?) [E:\Projects\romm-frontend\romm-frontend.csproj]
E:\Projects\romm-frontend\scripts\autoloads\SaveSyncManager.cs(208,83): error CS1061: 'Game' does not contain a definition for 'Id' and no accessible extension method 'Id' accepting a first argument of type 'Game' could be found (are you missing a using directive or an assembly reference?) [E:\Projects\romm-frontend\romm-frontend.csproj]
E:\Projects\romm-frontend\scripts\autoloads\SaveSyncManager.cs(214,66): error CS1061: 'Game' does not contain a definition for 'Name' and no accessible extension method 'Name' accepting a first argument of type 'Game' could be found (are you missing a using directive or an assembly reference?) [E:\Projects\romm-frontend\romm-frontend.csproj]
E:\Projects\romm-frontend\scripts\autoloads\SaveSyncManager.cs(215,83): error CS1061: 'Game' does not contain a definition for 'Id' and no accessible extension method 'Id' accepting a first argument of type 'Game' could be found (are you missing a using directive or an assembly reference?) [E:\Projects\romm-frontend\romm-frontend.csproj]
E:\Projects\romm-frontend\scripts\autoloads\SaveSyncManager.cs(223,13): error CS0117: 'SyncNegotiatePayload' does not contain a definition for 'DeviceId' [E:\Projects\romm-frontend\romm-frontend.csproj]
E:\Projects\romm-frontend\scripts\autoloads\SaveSyncManager.cs(224,13): error CS0117: 'SyncNegotiatePayload' does not contain a definition for 'Saves' [E:\Projects\romm-frontend\romm-frontend.csproj]
E:\Projects\romm-frontend\scripts\autoloads\SaveSyncManager.cs(231,30): error CS1061: 'Game' does not contain a definition for 'Id' and no accessible extension method 'Id' accepting a first argument of type 'Game' could be found (are you missing a using directive or an assembly reference?) [E:\Projects\romm-frontend\romm-frontend.csproj]
E:\Projects\romm-frontend\scripts\autoloads\SaveSyncManager.cs(232,17): error CS0117: 'SyncPlaySessionEntry' does not contain a definition for 'StartTime' [E:\Projects\romm-frontend\romm-frontend.csproj]
E:\Projects\romm-frontend\scripts\autoloads\SaveSyncManager.cs(233,17): error CS0117: 'SyncPlaySessionEntry' does not contain a definition for 'EndTime' [E:\Projects\romm-frontend\romm-frontend.csproj]
E:\Projects\romm-frontend\scripts\autoloads\SaveSyncManager.cs(234,17): error CS0117: 'SyncPlaySessionEntry' does not contain a definition for 'DurationMs' [E:\Projects\romm-frontend\romm-frontend.csproj]
E:\Projects\romm-frontend\scripts\autoloads\SaveSyncManager.cs(238,17): error CS0117: 'SyncCompletePayload' does not contain a definition for 'OperationsCompleted' [E:\Projects\romm-frontend\romm-frontend.csproj]
E:\Projects\romm-frontend\scripts\autoloads\SaveSyncManager.cs(239,17): error CS0117: 'SyncCompletePayload' does not contain a definition for 'OperationsFailed' [E:\Projects\romm-frontend\romm-frontend.csproj]
E:\Projects\romm-frontend\scripts\autoloads\SaveSyncManager.cs(240,17): error CS0117: 'SyncCompletePayload' does not contain a definition for 'PlaySessions' [E:\Projects\romm-frontend\romm-frontend.csproj]
E:\Projects\romm-frontend\scripts\autoloads\SaveSyncManager.cs(242,83): error CS1061: 'SyncNegotiateResponse' does not contain a definition for 'SessionId' and no accessible extension method 'SessionId' accepting a first argument of type 'SyncNegotiateResponse' could be found (are you missing a using directive or an assembly reference?) [E:\Projects\romm-frontend\romm-frontend.csproj]
E:\Projects\romm-frontend\scripts\autoloads\DownloadManager.cs(75,89): error CS1061: 'DownloadManager.ActiveDownloadEntry' does not contain a definition for 'FileName' and no accessible extension method 'FileName' accepting a first argument of type 'DownloadManager.ActiveDownloadEntry' could be found (are you missing a using directive or an assembly reference?) [E:\Projects\romm-frontend\romm-frontend.csproj]
E:\Projects\romm-frontend\scripts\autoloads\DownloadManager.cs(87,68): error CS1061: 'DownloadManager.ActiveDownloadEntry' does not contain a definition for 'DestinationPath' and no accessible extension method 'DestinationPath' accepting a first argument of type 'DownloadManager.ActiveDownloadEntry' could be found (are you missing a using directive or an assembly reference?) [E:\Projects\romm-frontend\romm-frontend.csproj]
E:\Projects\romm-frontend\scripts\autoloads\DownloadManager.cs(91,75): error CS1061: 'DownloadManager.ActiveDownloadEntry' does not contain a definition for 'FileName' and no accessible extension method 'FileName' accepting a first argument of type 'DownloadManager.ActiveDownloadEntry' could be found (are you missing a using directive or an assembly reference?) [E:\Projects\romm-frontend\romm-frontend.csproj]
E:\Projects\romm-frontend\scripts\autoloads\DownloadManager.cs(92,53): error CS1061: 'DownloadManager.ActiveDownloadEntry' does not contain a definition for 'DestinationPath' and no accessible extension method 'DestinationPath' accepting a first argument of type 'DownloadManager.ActiveDownloadEntry' could be found (are you missing a using directive or an assembly reference?) [E:\Projects\romm-frontend\romm-frontend.csproj]
E:\Projects\romm-frontend\scripts\autoloads\DownloadManager.cs(94,56): error CS1061: 'DownloadManager.ActiveDownloadEntry' does not contain a definition for 'DestinationPath' and no accessible extension method 'DestinationPath' accepting a first argument of type 'DownloadManager.ActiveDownloadEntry' could be found (are you missing a using directive or an assembly reference?) [E:\Projects\romm-frontend\romm-frontend.csproj]
E:\Projects\romm-frontend\scripts\autoloads\DownloadManager.cs(97,64): error CS1061: 'DownloadManager.ActiveDownloadEntry' does not contain a definition for 'FileName' and no accessible extension method 'FileName' accepting a first argument of type 'DownloadManager.ActiveDownloadEntry' could be found (are you missing a using directive or an assembly reference?) [E:\Projects\romm-frontend\romm-frontend.csproj]
E:\Projects\romm-frontend\scripts\autoloads\DownloadManager.cs(99,23): error CS1061: 'DownloadManager.ActiveDownloadEntry' does not contain a definition for 'Request' and no accessible extension method 'Request' accepting a first argument of type 'DownloadManager.ActiveDownloadEntry' could be found (are you missing a using directive or an assembly reference?) [E:\Projects\romm-frontend\romm-frontend.csproj]
E:\Projects\romm-frontend\scripts\autoloads\SaveSyncManager.cs(248,36): error CS1061: 'Game' does not contain a definition for 'System' and no accessible extension method 'System' accepting a first argument of type 'Game' could be found (are you missing a using directive or an assembly reference?) [E:\Projects\romm-frontend\romm-frontend.csproj]
E:\Projects\romm-frontend\scripts\autoloads\SaveSyncManager.cs(262,98): error CS1061: 'ConfigManager' does not contain a definition for 'EmulatorsPath' and no accessible extension method 'EmulatorsPath' accepting a first argument of type 'ConfigManager' could be found (are you missing a using directive or an assembly reference?) [E:\Projects\romm-frontend\romm-frontend.csproj]
E:\Projects\romm-frontend\scripts\autoloads\EmulatorManager.cs(633,30): error CS1061: 'EmulatorMeta' does not contain a definition for 'SettingsFields' and no accessible extension method 'SettingsFields' accepting a first argument of type 'EmulatorMeta' could be found (are you missing a using directive or an assembly reference?) [E:\Projects\romm-frontend\romm-frontend.csproj]
E:\Projects\romm-frontend\scripts\autoloads\EmulatorManager.cs(635,55): error CS1061: 'EmulatorMeta' does not contain a definition for 'SettingsFields' and no accessible extension method 'SettingsFields' accepting a first argument of type 'EmulatorMeta' could be found (are you missing a using directive or an assembly reference?) [E:\Projects\romm-frontend\romm-frontend.csproj]
E:\Projects\romm-frontend\scripts\login\LoadingScreen.cs(28,52): error CS1061: 'GameSystem' does not contain a definition for 'Id' and no accessible extension method 'Id' accepting a first argument of type 'GameSystem' could be found (are you missing a using directive or an assembly reference?) [E:\Projects\romm-frontend\romm-frontend.csproj]
E:\Projects\romm-frontend\scripts\login\LoadingScreen.cs(32,30): error CS1061: 'Game' does not contain a definition for 'System' and no accessible extension method 'System' accepting a first argument of type 'Game' could be found (are you missing a using directive or an assembly reference?) [E:\Projects\romm-frontend\romm-frontend.csproj]
E:\Projects\romm-frontend\scripts\login\LoginScreen.cs(25,56): error CS1061: 'ConfigManager' does not contain a definition for 'RomMHost' and no accessible extension method 'RomMHost' accepting a first argument of type 'ConfigManager' could be found (are you missing a using directive or an assembly reference?) [E:\Projects\romm-frontend\romm-frontend.csproj]
E:\Projects\romm-frontend\scripts\login\LoginScreen.cs(26,56): error CS1061: 'ConfigManager' does not contain a definition for 'RomMUsername' and no accessible extension method 'RomMUsername' accepting a first argument of type 'ConfigManager' could be found (are you missing a using directive or an assembly reference?) [E:\Projects\romm-frontend\romm-frontend.csproj]
E:\Projects\romm-frontend\scripts\login\LoginScreen.cs(27,60): error CS1061: 'ConfigManager' does not contain a definition for 'RomMPassword' and no accessible extension method 'RomMPassword' accepting a first argument of type 'ConfigManager' could be found (are you missing a using directive or an assembly reference?) [E:\Projects\romm-frontend\romm-frontend.csproj]
E:\Projects\romm-frontend\scripts\login\LoginScreen.cs(28,58): error CS1061: 'ConfigManager' does not contain a definition for 'RomMApiKey' and no accessible extension method 'RomMApiKey' accepting a first argument of type 'ConfigManager' could be found (are you missing a using directive or an assembly reference?) [E:\Projects\romm-frontend\romm-frontend.csproj]
E:\Projects\romm-frontend\scripts\login\LoginScreen.cs(32,61): error CS1061: 'ConfigManager' does not contain a definition for 'RomMHost' and no accessible extension method 'RomMHost' accepting a first argument of type 'ConfigManager' could be found (are you missing a using directive or an assembly reference?) [E:\Projects\romm-frontend\romm-frontend.csproj]
E:\Projects\romm-frontend\scripts\login\LoginScreen.cs(33,61): error CS1061: 'ConfigManager' does not contain a definition for 'RomMUsername' and no accessible extension method 'RomMUsername' accepting a first argument of type 'ConfigManager' could be found (are you missing a using directive or an assembly reference?) [E:\Projects\romm-frontend\romm-frontend.csproj]
E:\Projects\romm-frontend\scripts\login\LoginScreen.cs(34,61): error CS1061: 'ConfigManager' does not contain a definition for 'RomMPassword' and no accessible extension method 'RomMPassword' accepting a first argument of type 'ConfigManager' could be found (are you missing a using directive or an assembly reference?) [E:\Projects\romm-frontend\romm-frontend.csproj]
E:\Projects\romm-frontend\scripts\login\LoginScreen.cs(35,61): error CS1061: 'ConfigManager' does not contain a definition for 'RomMApiKey' and no accessible extension method 'RomMApiKey' accepting a first argument of type 'ConfigManager' could be found (are you missing a using directive or an assembly reference?) [E:\Projects\romm-frontend\romm-frontend.csproj]
E:\Projects\romm-frontend\scripts\autoloads\RomMAPI.cs(108,86): error CS1061: 'GameSystem' does not contain a definition for 'Slug' and no accessible extension method 'Slug' accepting a first argument of type 'GameSystem' could be found (are you missing a using directive or an assembly reference?) [E:\Projects\romm-frontend\romm-frontend.csproj]
E:\Projects\romm-frontend\scripts\autoloads\RomMAPI.cs(110,40): error CS1061: 'GameSystem' does not contain a definition for 'MappedEmulator' and no accessible extension method 'MappedEmulator' accepting a first argument of type 'GameSystem' could be found (are you missing a using directive or an assembly reference?) [E:\Projects\romm-frontend\romm-frontend.csproj]
E:\Projects\romm-frontend\scripts\autoloads\RomMAPI.cs(110,114): error CS1061: 'GameSystem' does not contain a definition for 'Slug' and no accessible extension method 'Slug' accepting a first argument of type 'GameSystem' could be found (are you missing a using directive or an assembly reference?) [E:\Projects\romm-frontend\romm-frontend.csproj]
E:\Projects\romm-frontend\scripts\autoloads\RomMAPI.cs(113,66): error CS1061: 'GameSystem' does not contain a definition for 'RomCount' and no accessible extension method 'RomCount' accepting a first argument of type 'GameSystem' could be found (are you missing a using directive or an assembly reference?) [E:\Projects\romm-frontend\romm-frontend.csproj]
E:\Projects\romm-frontend\scripts\main\GameGridItem.cs(40,31): error CS1061: 'Game' does not contain a definition for 'Name' and no accessible extension method 'Name' accepting a first argument of type 'Game' could be found (are you missing a using directive or an assembly reference?) [E:\Projects\romm-frontend\romm-frontend.csproj]
E:\Projects\romm-frontend\scripts\main\MainScene.cs(86,17): error CS0103: The name 'LaunchEmulatorPopupOption' does not exist in the current context [E:\Projects\romm-frontend\romm-frontend.csproj]
E:\Projects\romm-frontend\scripts\main\MainScene.cs(87,17): error CS0103: The name 'SelectBiosPopupOption' does not exist in the current context [E:\Projects\romm-frontend\romm-frontend.csproj]
E:\Projects\romm-frontend\scripts\main\MainScene.cs(88,17): error CS0103: The name 'SettingsPopupOption' does not exist in the current context [E:\Projects\romm-frontend\romm-frontend.csproj]
E:\Projects\romm-frontend\scripts\main\MainScene.cs(89,17): error CS0103: The name 'RefreshGamesPopupOption' does not exist in the current context [E:\Projects\romm-frontend\romm-frontend.csproj]
E:\Projects\romm-frontend\scripts\main\MainScene.cs(90,17): error CS0103: The name 'RefreshCurrentSystemGamesPopupOption' does not exist in the current context [E:\Projects\romm-frontend\romm-frontend.csproj]
E:\Projects\romm-frontend\scripts\main\MainScene.cs(91,17): error CS0103: The name 'QuitPopupOption' does not exist in the current context [E:\Projects\romm-frontend\romm-frontend.csproj]
E:\Projects\romm-frontend\scripts\ui\VerticalCarousel.cs(35,13): error CS0103: The name 'SelectedIndex' does not exist in the current context [E:\Projects\romm-frontend\romm-frontend.csproj]
E:\Projects\romm-frontend\scripts\ui\VerticalCarousel.cs(35,30): error CS0103: The name 'SelectedIndex' does not exist in the current context [E:\Projects\romm-frontend\romm-frontend.csproj]
E:\Projects\romm-frontend\scripts\ui\VerticalCarousel.cs(41,13): error CS0103: The name 'SelectedIndex' does not exist in the current context [E:\Projects\romm-frontend\romm-frontend.csproj]
E:\Projects\romm-frontend\scripts\ui\VerticalCarousel.cs(41,30): error CS0103: The name 'SelectedIndex' does not exist in the current context [E:\Projects\romm-frontend\romm-frontend.csproj]
E:\Projects\romm-frontend\scripts\ui\VerticalCarousel.cs(47,49): error CS0103: The name 'SelectedIndex' does not exist in the current context [E:\Projects\romm-frontend\romm-frontend.csproj]
E:\Projects\romm-frontend\scripts\login\LoadingScreen.cs(86,58): error CS1061: 'GameResponse' does not contain a definition for 'Games' and no accessible extension method 'Games' accepting a first argument of type 'GameResponse' could be found (are you missing a using directive or an assembly reference?) [E:\Projects\romm-frontend\romm-frontend.csproj]
E:\Projects\romm-frontend\scripts\login\LoadingScreen.cs(86,88): error CS1061: 'GameResponse' does not contain a definition for 'Games' and no accessible extension method 'Games' accepting a first argument of type 'GameResponse' could be found (are you missing a using directive or an assembly reference?) [E:\Projects\romm-frontend\romm-frontend.csproj]
E:\Projects\romm-frontend\scripts\login\LoadingScreen.cs(88,54): error CS1061: 'GameResponse' does not contain a definition for 'Games' and no accessible extension method 'Games' accepting a first argument of type 'GameResponse' could be found (are you missing a using directive or an assembly reference?) [E:\Projects\romm-frontend\romm-frontend.csproj]
E:\Projects\romm-frontend\scripts\login\LoadingScreen.cs(93,75): error CS1061: 'GameResponse' does not contain a definition for 'Total' and no accessible extension method 'Total' accepting a first argument of type 'GameResponse' could be found (are you missing a using directive or an assembly reference?) [E:\Projects\romm-frontend\romm-frontend.csproj]
E:\Projects\romm-frontend\scripts\login\LoadingScreen.cs(101,50): error CS1061: 'GameSystem' does not contain a definition for 'Id' and no accessible extension method 'Id' accepting a first argument of type 'GameSystem' could be found (are you missing a using directive or an assembly reference?) [E:\Projects\romm-frontend\romm-frontend.csproj]
E:\Projects\romm-frontend\scripts\login\LoadingScreen.cs(102,74): error CS1061: 'GameSystem' does not contain a definition for 'Name' and no accessible extension method 'Name' accepting a first argument of type 'GameSystem' could be found (are you missing a using directive or an assembly reference?) [E:\Projects\romm-frontend\romm-frontend.csproj]
E:\Projects\romm-frontend\scripts\ui\VerticalCarousel.cs(63,13): error CS0103: The name 'SelectedIndex' does not exist in the current context [E:\Projects\romm-frontend\romm-frontend.csproj]
E:\Projects\romm-frontend\scripts\ui\VerticalCarousel.cs(65,13): error CS0103: The name 'SelectedIndex' does not exist in the current context [E:\Projects\romm-frontend\romm-frontend.csproj]
E:\Projects\romm-frontend\scripts\autoloads\RomMAPI.cs(132,87): error CS1061: 'GameSystem' does not contain a definition for 'Id' and no accessible extension method 'Id' accepting a first argument of type 'GameSystem' could be found (are you missing a using directive or an assembly reference?) [E:\Projects\romm-frontend\romm-frontend.csproj]
E:\Projects\romm-frontend\scripts\autoloads\RomMAPI.cs(146,47): error CS1061: 'GameResponse' does not contain a definition for 'Games' and no accessible extension method 'Games' accepting a first argument of type 'GameResponse' could be found (are you missing a using directive or an assembly reference?) [E:\Projects\romm-frontend\romm-frontend.csproj]
E:\Projects\romm-frontend\scripts\autoloads\RomMAPI.cs(154,49): error CS1061: 'RomFile' does not contain a definition for 'Id' and no accessible extension method 'Id' accepting a first argument of type 'RomFile' could be found (are you missing a using directive or an assembly reference?) [E:\Projects\romm-frontend\romm-frontend.csproj]
E:\Projects\romm-frontend\scripts\autoloads\RomMAPI.cs(156,49): error CS1061: 'RomFile' does not contain a definition for 'FileName' and no accessible extension method 'FileName' accepting a first argument of type 'RomFile' could be found (are you missing a using directive or an assembly reference?) [E:\Projects\romm-frontend\romm-frontend.csproj]
E:\Projects\romm-frontend\scripts\autoloads\RomMAPI.cs(158,49): error CS1061: 'RomFile' does not contain a definition for 'FullPath' and no accessible extension method 'FullPath' accepting a first argument of type 'RomFile' could be found (are you missing a using directive or an assembly reference?) [E:\Projects\romm-frontend\romm-frontend.csproj]
E:\Projects\romm-frontend\scripts\autoloads\RomMAPI.cs(161,42): error CS1061: 'GameResponse' does not contain a definition for 'Games' and no accessible extension method 'Games' accepting a first argument of type 'GameResponse' could be found (are you missing a using directive or an assembly reference?) [E:\Projects\romm-frontend\romm-frontend.csproj]
E:\Projects\romm-frontend\scripts\autoloads\RomMAPI.cs(175,75): error CS1061: 'GameSystem' does not contain a definition for 'Name' and no accessible extension method 'Name' accepting a first argument of type 'GameSystem' could be found (are you missing a using directive or an assembly reference?) [E:\Projects\romm-frontend\romm-frontend.csproj]
E:\Projects\romm-frontend\scripts\autoloads\EmulatorManager.cs(701,18): error CS1061: 'Game' does not contain a definition for 'System' and no accessible extension method 'System' accepting a first argument of type 'Game' could be found (are you missing a using directive or an assembly reference?) [E:\Projects\romm-frontend\romm-frontend.csproj]
E:\Projects\romm-frontend\scripts\autoloads\EmulatorManager.cs(706,60): error CS1061: 'Game' does not contain a definition for 'System' and no accessible extension method 'System' accepting a first argument of type 'Game' could be found (are you missing a using directive or an assembly reference?) [E:\Projects\romm-frontend\romm-frontend.csproj]
E:\Projects\romm-frontend\scripts\autoloads\EmulatorManager.cs(709,64): error CS1061: 'Game' does not contain a definition for 'System' and no accessible extension method 'System' accepting a first argument of type 'Game' could be found (are you missing a using directive or an assembly reference?) [E:\Projects\romm-frontend\romm-frontend.csproj]
E:\Projects\romm-frontend\scripts\autoloads\EmulatorManager.cs(709,84): error CS1061: 'Game' does not contain a definition for 'System' and no accessible extension method 'System' accepting a first argument of type 'Game' could be found (are you missing a using directive or an assembly reference?) [E:\Projects\romm-frontend\romm-frontend.csproj]
E:\Projects\romm-frontend\scripts\autoloads\EmulatorManager.cs(731,86): error CS1061: 'ConfigManager' does not contain a definition for 'EmulatorsPath' and no accessible extension method 'EmulatorsPath' accepting a first argument of type 'ConfigManager' could be found (are you missing a using directive or an assembly reference?) [E:\Projects\romm-frontend\romm-frontend.csproj]
E:\Projects\romm-frontend\scripts\autoloads\EmulatorManager.cs(734,22): error CS1061: 'Game' does not contain a definition for 'Files' and no accessible extension method 'Files' accepting a first argument of type 'Game' could be found (are you missing a using directive or an assembly reference?) [E:\Projects\romm-frontend\romm-frontend.csproj]
E:\Projects\romm-frontend\scripts\autoloads\EmulatorManager.cs(734,44): error CS1061: 'Game' does not contain a definition for 'Files' and no accessible extension method 'Files' accepting a first argument of type 'Game' could be found (are you missing a using directive or an assembly reference?) [E:\Projects\romm-frontend\romm-frontend.csproj]
E:\Projects\romm-frontend\scripts\autoloads\EmulatorManager.cs(739,39): error CS1061: 'Game' does not contain a definition for 'Files' and no accessible extension method 'Files' accepting a first argument of type 'Game' could be found (are you missing a using directive or an assembly reference?) [E:\Projects\romm-frontend\romm-frontend.csproj]
E:\Projects\romm-frontend\scripts\autoloads\EmulatorManager.cs(740,90): error CS1061: 'ConfigManager' does not contain a definition for 'RomsPath' and no accessible extension method 'RomsPath' accepting a first argument of type 'ConfigManager' could be found (are you missing a using directive or an assembly reference?) [E:\Projects\romm-frontend\romm-frontend.csproj]
E:\Projects\romm-frontend\scripts\autoloads\EmulatorManager.cs(740,105): error CS1061: 'Game' does not contain a definition for 'System' and no accessible extension method 'System' accepting a first argument of type 'Game' could be found (are you missing a using directive or an assembly reference?) [E:\Projects\romm-frontend\romm-frontend.csproj]
E:\Projects\romm-frontend\scripts\autoloads\EmulatorManager.cs(741,55): error CS1061: 'EmulatorMeta' does not contain a definition for 'LaunchArgsWithGame' and no accessible extension method 'LaunchArgsWithGame' accepting a first argument of type 'EmulatorMeta' could be found (are you missing a using directive or an assembly reference?) [E:\Projects\romm-frontend\romm-frontend.csproj]
E:\Projects\romm-frontend\scripts\autoloads\EmulatorManager.cs(748,60): error CS1061: 'Game' does not contain a definition for 'System' and no accessible extension method 'System' accepting a first argument of type 'Game' could be found (are you missing a using directive or an assembly reference?) [E:\Projects\romm-frontend\romm-frontend.csproj]
E:\Projects\romm-frontend\scripts\autoloads\EmulatorManager.cs(751,34): error CS1061: 'EmulatorMeta' does not contain a definition for 'SettingsFields' and no accessible extension method 'SettingsFields' accepting a first argument of type 'EmulatorMeta' could be found (are you missing a using directive or an assembly reference?) [E:\Projects\romm-frontend\romm-frontend.csproj]
E:\Projects\romm-frontend\scripts\autoloads\EmulatorManager.cs(753,63): error CS1061: 'EmulatorMeta' does not contain a definition for 'SettingsFields' and no accessible extension method 'SettingsFields' accepting a first argument of type 'EmulatorMeta' could be found (are you missing a using directive or an assembly reference?) [E:\Projects\romm-frontend\romm-frontend.csproj]
E:\Projects\romm-frontend\scripts\autoloads\EmulatorManager.cs(760,81): error CS1061: 'Game' does not contain a definition for 'Id' and no accessible extension method 'Id' accepting a first argument of type 'Game' could be found (are you missing a using directive or an assembly reference?) [E:\Projects\romm-frontend\romm-frontend.csproj]
E:\Projects\romm-frontend\scripts\autoloads\EmulatorManager.cs(803,37): error CS1061: 'EmulatorMeta' does not contain a definition for 'LaunchArgsWithoutGame' and no accessible extension method 'LaunchArgsWithoutGame' accepting a first argument of type 'EmulatorMeta' could be found (are you missing a using directive or an assembly reference?) [E:\Projects\romm-frontend\romm-frontend.csproj]
E:\Projects\romm-frontend\scripts\autoloads\RomMAPI.cs(195,63): error CS1061: 'Game' does not contain a definition for 'Id' and no accessible extension method 'Id' accepting a first argument of type 'Game' could be found (are you missing a using directive or an assembly reference?) [E:\Projects\romm-frontend\romm-frontend.csproj]
E:\Projects\romm-frontend\scripts\login\LoadingScreen.cs(129,95): error CS1061: 'GameSystem' does not contain a definition for 'Id' and no accessible extension method 'Id' accepting a first argument of type 'GameSystem' could be found (are you missing a using directive or an assembly reference?) [E:\Projects\romm-frontend\romm-frontend.csproj]
E:\Projects\romm-frontend\scripts\login\LoadingScreen.cs(134,56): error CS1061: 'GameSystem' does not contain a definition for 'Slug' and no accessible extension method 'Slug' accepting a first argument of type 'GameSystem' could be found (are you missing a using directive or an assembly reference?) [E:\Projects\romm-frontend\romm-frontend.csproj]
E:\Projects\romm-frontend\scripts\login\LoadingScreen.cs(134,69): error CS1061: 'GameSystem' does not contain a definition for 'Name' and no accessible extension method 'Name' accepting a first argument of type 'GameSystem' could be found (are you missing a using directive or an assembly reference?) [E:\Projects\romm-frontend\romm-frontend.csproj]
E:\Projects\romm-frontend\scripts\login\LoadingScreen.cs(145,75): error CS1061: 'ConfigManager' does not contain a definition for 'BiosPath' and no accessible extension method 'BiosPath' accepting a first argument of type 'ConfigManager' could be found (are you missing a using directive or an assembly reference?) [E:\Projects\romm-frontend\romm-frontend.csproj]
E:\Projects\romm-frontend\scripts\login\LoadingScreen.cs(150,62): error CS1061: 'Firmware' does not contain a definition for 'FileName' and no accessible extension method 'FileName' accepting a first argument of type 'Firmware' could be found (are you missing a using directive or an assembly reference?) [E:\Projects\romm-frontend\romm-frontend.csproj]
E:\Projects\romm-frontend\scripts\login\LoadingScreen.cs(155,64): error CS1061: 'Firmware' does not contain a definition for 'FileName' and no accessible extension method 'FileName' accepting a first argument of type 'Firmware' could be found (are you missing a using directive or an assembly reference?) [E:\Projects\romm-frontend\romm-frontend.csproj]
E:\Projects\romm-frontend\scripts\login\LoadingScreen.cs(159,104): error CS1061: 'Firmware' does not contain a definition for 'FileName' and no accessible extension method 'FileName' accepting a first argument of type 'Firmware' could be found (are you missing a using directive or an assembly reference?) [E:\Projects\romm-frontend\romm-frontend.csproj]
E:\Projects\romm-frontend\scripts\login\LoadingScreen.cs(160,80): error CS1061: 'Firmware' does not contain a definition for 'FileName' and no accessible extension method 'FileName' accepting a first argument of type 'Firmware' could be found (are you missing a using directive or an assembly reference?) [E:\Projects\romm-frontend\romm-frontend.csproj]
E:\Projects\romm-frontend\scripts\ui\VerticalCarousel.cs(83,45): error CS0103: The name 'WindowWidthRatio' does not exist in the current context [E:\Projects\romm-frontend\romm-frontend.csproj]
E:\Projects\romm-frontend\scripts\ui\VerticalCarousel.cs(87,17): error CS0103: The name 'ScaleItemsToWindow' does not exist in the current context [E:\Projects\romm-frontend\romm-frontend.csproj]
E:\Projects\romm-frontend\scripts\ui\VerticalCarousel.cs(101,28): error CS0103: The name 'SelectedIndex' does not exist in the current context [E:\Projects\romm-frontend\romm-frontend.csproj]
E:\Projects\romm-frontend\scripts\ui\VerticalCarousel.cs(109,45): error CS0103: The name 'VisibleItemsHalfCount' does not exist in the current context [E:\Projects\romm-frontend\romm-frontend.csproj]
E:\Projects\romm-frontend\scripts\ui\VerticalCarousel.cs(110,48): error CS0103: The name 'ItemSpacing' does not exist in the current context [E:\Projects\romm-frontend\romm-frontend.csproj]
E:\Projects\romm-frontend\scripts\ui\VerticalCarousel.cs(111,73): error CS0103: The name 'DepthOffset' does not exist in the current context [E:\Projects\romm-frontend\romm-frontend.csproj]
E:\Projects\romm-frontend\scripts\ui\VerticalCarousel.cs(111,88): error CS0103: The name 'XOffset' does not exist in the current context [E:\Projects\romm-frontend\romm-frontend.csproj]
E:\Projects\romm-frontend\scripts\ui\VerticalCarousel.cs(113,53): error CS0103: The name 'MinimumScale' does not exist in the current context [E:\Projects\romm-frontend\romm-frontend.csproj]
E:\Projects\romm-frontend\scripts\ui\VerticalCarousel.cs(116,46): error CS0103: The name 'MinimumOpacity' does not exist in the current context [E:\Projects\romm-frontend\romm-frontend.csproj]
E:\Projects\romm-frontend\scripts\ui\VerticalCarousel.cs(117,28): error CS0103: The name 'VisibleItemsHalfCount' does not exist in the current context [E:\Projects\romm-frontend\romm-frontend.csproj]
E:\Projects\romm-frontend\scripts\ui\VerticalCarousel.cs(118,27): error CS0103: The name 'VisibleItemsHalfCount' does not exist in the current context [E:\Projects\romm-frontend\romm-frontend.csproj]
E:\Projects\romm-frontend\scripts\ui\VerticalCarousel.cs(118,51): error CS0103: The name 'PreloadItemsHalfCount' does not exist in the current context [E:\Projects\romm-frontend\romm-frontend.csproj]
E:\Projects\romm-frontend\scripts\ui\VerticalCarousel.cs(130,71): error CS0103: The name 'AnimationDuration' does not exist in the current context [E:\Projects\romm-frontend\romm-frontend.csproj]
E:\Projects\romm-frontend\scripts\ui\VerticalCarousel.cs(131,70): error CS0103: The name 'AnimationDuration' does not exist in the current context [E:\Projects\romm-frontend\romm-frontend.csproj]
E:\Projects\romm-frontend\scripts\ui\VerticalCarousel.cs(132,73): error CS0103: The name 'AnimationDuration' does not exist in the current context [E:\Projects\romm-frontend\romm-frontend.csproj]
E:\Projects\romm-frontend\scripts\ui\VerticalCarousel.cs(142,44): error CS0103: The name 'SelectedIndex' does not exist in the current context [E:\Projects\romm-frontend\romm-frontend.csproj]
E:\Projects\romm-frontend\scripts\utils\UniversalInstaller.cs(26,81): error CS1061: 'ConfigManager' does not contain a definition for 'EmulatorsPath' and no accessible extension method 'EmulatorsPath' accepting a first argument of type 'ConfigManager' could be found (are you missing a using directive or an assembly reference?) [E:\Projects\romm-frontend\romm-frontend.csproj]
E:\Projects\romm-frontend\scripts\utils\UniversalInstaller.cs(33,82): error CS1061: 'ConfigManager' does not contain a definition for 'DownloadsPath' and no accessible extension method 'DownloadsPath' accepting a first argument of type 'ConfigManager' could be found (are you missing a using directive or an assembly reference?) [E:\Projects\romm-frontend\romm-frontend.csproj]
E:\Projects\romm-frontend\scripts\utils\UniversalInstaller.cs(36,27): error CS1061: 'InstallRecipe' does not contain a definition for 'Extract' and no accessible extension method 'Extract' accepting a first argument of type 'InstallRecipe' could be found (are you missing a using directive or an assembly reference?) [E:\Projects\romm-frontend\romm-frontend.csproj]
E:\Projects\romm-frontend\scripts\utils\UniversalInstaller.cs(38,83): error CS1061: 'InstallRecipe' does not contain a definition for 'ExtractFolderRegex' and no accessible extension method 'ExtractFolderRegex' accepting a first argument of type 'InstallRecipe' could be found (are you missing a using directive or an assembly reference?) [E:\Projects\romm-frontend\romm-frontend.csproj]
E:\Projects\romm-frontend\scripts\utils\UniversalInstaller.cs(40,45): error CS1061: 'ConfigManager' does not contain a definition for 'EmulatorsPath' and no accessible extension method 'EmulatorsPath' accepting a first argument of type 'ConfigManager' could be found (are you missing a using directive or an assembly reference?) [E:\Projects\romm-frontend\romm-frontend.csproj]
E:\Projects\romm-frontend\scripts\utils\UniversalInstaller.cs(47,53): error CS1061: 'InstallRecipe' does not contain a definition for 'ExtractFolderRegex' and no accessible extension method 'ExtractFolderRegex' accepting a first argument of type 'InstallRecipe' could be found (are you missing a using directive or an assembly reference?) [E:\Projects\romm-frontend\romm-frontend.csproj]
E:\Projects\romm-frontend\scripts\utils\UniversalInstaller.cs(49,101): error CS1061: 'ConfigManager' does not contain a definition for 'EmulatorsPath' and no accessible extension method 'EmulatorsPath' accepting a first argument of type 'ConfigManager' could be found (are you missing a using directive or an assembly reference?) [E:\Projects\romm-frontend\romm-frontend.csproj]
E:\Projects\romm-frontend\scripts\utils\UniversalInstaller.cs(50,74): error CS1061: 'InstallRecipe' does not contain a definition for 'ExtractFolderRegex' and no accessible extension method 'ExtractFolderRegex' accepting a first argument of type 'InstallRecipe' could be found (are you missing a using directive or an assembly reference?) [E:\Projects\romm-frontend\romm-frontend.csproj]
E:\Projects\romm-frontend\scripts\main\MainScene.cs(180,86): error CS1061: 'GameSystem' does not contain a definition for 'Slug' and no accessible extension method 'Slug' accepting a first argument of type 'GameSystem' could be found (are you missing a using directive or an assembly reference?) [E:\Projects\romm-frontend\romm-frontend.csproj]
E:\Projects\romm-frontend\scripts\autoloads\EmulatorManager.cs(850,73): error CS1061: 'ConfigManager' does not contain a definition for 'EmulatorsPath' and no accessible extension method 'EmulatorsPath' accepting a first argument of type 'ConfigManager' could be found (are you missing a using directive or an assembly reference?) [E:\Projects\romm-frontend\romm-frontend.csproj]
E:\Projects\romm-frontend\scripts\autoloads\EmulatorManager.cs(853,55): error CS1061: 'EmulatorMeta' does not contain a definition for 'LaunchArgsWithoutGame' and no accessible extension method 'LaunchArgsWithoutGame' accepting a first argument of type 'EmulatorMeta' could be found (are you missing a using directive or an assembly reference?) [E:\Projects\romm-frontend\romm-frontend.csproj]
E:\Projects\romm-frontend\scripts\login\LoadingScreen.cs(174,57): error CS1061: 'ConfigManager' does not contain a definition for 'BiosPath' and no accessible extension method 'BiosPath' accepting a first argument of type 'ConfigManager' could be found (are you missing a using directive or an assembly reference?) [E:\Projects\romm-frontend\romm-frontend.csproj]
E:\Projects\romm-frontend\scripts\login\LoadingScreen.cs(174,82): error CS1061: 'GameSystem' does not contain a definition for 'Slug' and no accessible extension method 'Slug' accepting a first argument of type 'GameSystem' could be found (are you missing a using directive or an assembly reference?) [E:\Projects\romm-frontend\romm-frontend.csproj]
E:\Projects\romm-frontend\scripts\login\LoadingScreen.cs(177,90): error CS1061: 'GameSystem' does not contain a definition for 'Id' and no accessible extension method 'Id' accepting a first argument of type 'GameSystem' could be found (are you missing a using directive or an assembly reference?) [E:\Projects\romm-frontend\romm-frontend.csproj]
E:\Projects\romm-frontend\scripts\login\LoadingScreen.cs(188,24): error CS1061: 'GameSystem' does not contain a definition for 'AvailableFirmwares' and no accessible extension method 'AvailableFirmwares' accepting a first argument of type 'GameSystem' could be found (are you missing a using directive or an assembly reference?) [E:\Projects\romm-frontend\romm-frontend.csproj]
E:\Projects\romm-frontend\scripts\login\LoadingScreen.cs(189,49): error CS1061: 'GameSystem' does not contain a definition for 'PrefferedFirmware' and no accessible extension method 'PrefferedFirmware' accepting a first argument of type 'GameSystem' could be found (are you missing a using directive or an assembly reference?) [E:\Projects\romm-frontend\romm-frontend.csproj]
E:\Projects\romm-frontend\scripts\login\LoadingScreen.cs(189,78): error CS1061: 'GameSystem' does not contain a definition for 'AvailableFirmwares' and no accessible extension method 'AvailableFirmwares' accepting a first argument of type 'GameSystem' could be found (are you missing a using directive or an assembly reference?) [E:\Projects\romm-frontend\romm-frontend.csproj]
E:\Projects\romm-frontend\scripts\login\LoadingScreen.cs(191,28): error CS1061: 'GameSystem' does not contain a definition for 'PrefferedFirmware' and no accessible extension method 'PrefferedFirmware' accepting a first argument of type 'GameSystem' could be found (are you missing a using directive or an assembly reference?) [E:\Projects\romm-frontend\romm-frontend.csproj]
E:\Projects\romm-frontend\scripts\login\LoadingScreen.cs(191,55): error CS1061: 'GameSystem' does not contain a definition for 'AvailableFirmwares' and no accessible extension method 'AvailableFirmwares' accepting a first argument of type 'GameSystem' could be found (are you missing a using directive or an assembly reference?) [E:\Projects\romm-frontend\romm-frontend.csproj]
E:\Projects\romm-frontend\scripts\utils\UniversalInstaller.cs(85,31): error CS1061: 'InstallRecipe' does not contain a definition for 'Type' and no accessible extension method 'Type' accepting a first argument of type 'InstallRecipe' could be found (are you missing a using directive or an assembly reference?) [E:\Projects\romm-frontend\romm-frontend.csproj]
E:\Projects\romm-frontend\scripts\utils\UniversalInstaller.cs(88,88): error CS1061: 'InstallRecipe' does not contain a definition for 'Repo' and no accessible extension method 'Repo' accepting a first argument of type 'InstallRecipe' could be found (are you missing a using directive or an assembly reference?) [E:\Projects\romm-frontend\romm-frontend.csproj]
E:\Projects\romm-frontend\scripts\utils\UniversalInstaller.cs(88,108): error CS1061: 'InstallRecipe' does not contain a definition for 'AssetRegex' and no accessible extension method 'AssetRegex' accepting a first argument of type 'InstallRecipe' could be found (are you missing a using directive or an assembly reference?) [E:\Projects\romm-frontend\romm-frontend.csproj]
E:\Projects\romm-frontend\scripts\utils\UniversalInstaller.cs(95,38): error CS1061: 'InstallRecipe' does not contain a definition for 'Url' and no accessible extension method 'Url' accepting a first argument of type 'InstallRecipe' could be found (are you missing a using directive or an assembly reference?) [E:\Projects\romm-frontend\romm-frontend.csproj]
E:\Projects\romm-frontend\scripts\utils\UniversalInstaller.cs(97,75): error CS1061: 'InstallRecipe' does not contain a definition for 'Type' and no accessible extension method 'Type' accepting a first argument of type 'InstallRecipe' could be found (are you missing a using directive or an assembly reference?) [E:\Projects\romm-frontend\romm-frontend.csproj]
E:\Projects\romm-frontend\scripts\main\MainScene.cs(204,53): error CS1061: 'ConfigManager' does not contain a definition for 'BiosPath' and no accessible extension method 'BiosPath' accepting a first argument of type 'ConfigManager' could be found (are you missing a using directive or an assembly reference?) [E:\Projects\romm-frontend\romm-frontend.csproj]
E:\Projects\romm-frontend\scripts\main\MainScene.cs(204,78): error CS1061: 'GameSystem' does not contain a definition for 'Slug' and no accessible extension method 'Slug' accepting a first argument of type 'GameSystem' could be found (are you missing a using directive or an assembly reference?) [E:\Projects\romm-frontend\romm-frontend.csproj]
E:\Projects\romm-frontend\scripts\main\MainScene.cs(222,28): error CS1061: 'GameSystem' does not contain a definition for 'PrefferedFirmware' and no accessible extension method 'PrefferedFirmware' accepting a first argument of type 'GameSystem' could be found (are you missing a using directive or an assembly reference?) [E:\Projects\romm-frontend\romm-frontend.csproj]
E:\Projects\romm-frontend\scripts\main\MainScene.cs(225,22): error CS0103: The name 'SelectBiosPopupOption' does not exist in the current context [E:\Projects\romm-frontend\romm-frontend.csproj]
E:\Projects\romm-frontend\scripts\autoloads\RomMAPI.cs(273,67): error CS1061: 'Firmware' does not contain a definition for 'FileName' and no accessible extension method 'FileName' accepting a first argument of type 'Firmware' could be found (are you missing a using directive or an assembly reference?) [E:\Projects\romm-frontend\romm-frontend.csproj]
E:\Projects\romm-frontend\scripts\autoloads\RomMAPI.cs(274,54): error CS1061: 'Firmware' does not contain a definition for 'Id' and no accessible extension method 'Id' accepting a first argument of type 'Firmware' could be found (are you missing a using directive or an assembly reference?) [E:\Projects\romm-frontend\romm-frontend.csproj]
E:\Projects\romm-frontend\scripts\main\MainScene.cs(268,26): error CS1061: 'GameResponse' does not contain a definition for 'Games' and no accessible extension method 'Games' accepting a first argument of type 'GameResponse' could be found (are you missing a using directive or an assembly reference?) [E:\Projects\romm-frontend\romm-frontend.csproj]
E:\Projects\romm-frontend\scripts\main\MainScene.cs(268,53): error CS1061: 'GameResponse' does not contain a definition for 'Games' and no accessible extension method 'Games' accepting a first argument of type 'GameResponse' could be found (are you missing a using directive or an assembly reference?) [E:\Projects\romm-frontend\romm-frontend.csproj]
E:\Projects\romm-frontend\scripts\main\MainScene.cs(270,47): error CS1061: 'GameResponse' does not contain a definition for 'Games' and no accessible extension method 'Games' accepting a first argument of type 'GameResponse' could be found (are you missing a using directive or an assembly reference?) [E:\Projects\romm-frontend\romm-frontend.csproj]
E:\Projects\romm-frontend\scripts\main\MainScene.cs(274,53): error CS1061: 'GameResponse' does not contain a definition for 'Games' and no accessible extension method 'Games' accepting a first argument of type 'GameResponse' could be found (are you missing a using directive or an assembly reference?) [E:\Projects\romm-frontend\romm-frontend.csproj]
E:\Projects\romm-frontend\scripts\main\MainScene.cs(276,30): error CS1061: 'GameResponse' does not contain a definition for 'Games' and no accessible extension method 'Games' accepting a first argument of type 'GameResponse' could be found (are you missing a using directive or an assembly reference?) [E:\Projects\romm-frontend\romm-frontend.csproj]
E:\Projects\romm-frontend\scripts\main\MainScene.cs(290,53): error CS1061: 'GameSystem' does not contain a definition for 'Id' and no accessible extension method 'Id' accepting a first argument of type 'GameSystem' could be found (are you missing a using directive or an assembly reference?) [E:\Projects\romm-frontend\romm-frontend.csproj]
E:\Projects\romm-frontend\scripts\main\MainScene.cs(306,68): error CS1061: 'Game' does not contain a definition for 'Id' and no accessible extension method 'Id' accepting a first argument of type 'Game' could be found (are you missing a using directive or an assembly reference?) [E:\Projects\romm-frontend\romm-frontend.csproj]
E:\Projects\romm-frontend\scripts\utils\UniversalInstaller.cs(154,80): error CS1061: 'ConfigManager' does not contain a definition for 'ApplicationRootDirectory' and no accessible extension method 'ApplicationRootDirectory' accepting a first argument of type 'ConfigManager' could be found (are you missing a using directive or an assembly reference?) [E:\Projects\romm-frontend\romm-frontend.csproj]
E:\Projects\romm-frontend\scripts\utils\UniversalInstaller.cs(187,80): error CS1061: 'ConfigManager' does not contain a definition for 'InstallScriptsPath' and no accessible extension method 'InstallScriptsPath' accepting a first argument of type 'ConfigManager' could be found (are you missing a using directive or an assembly reference?) [E:\Projects\romm-frontend\romm-frontend.csproj]
E:\Projects\romm-frontend\scripts\main\MainScene.cs(333,80): error CS1061: 'EmulatorManager' does not contain a definition for 'IsEmulatorRunning' and no accessible extension method 'IsEmulatorRunning' accepting a first argument of type 'EmulatorManager' could be found (are you missing a using directive or an assembly reference?) [E:\Projects\romm-frontend\romm-frontend.csproj]
E:\Projects\romm-frontend\scripts\main\MainScene.cs(337,57): error CS1061: 'ConfigManager' does not contain a definition for 'EmulatorCloseHotkeyCount' and no accessible extension method 'EmulatorCloseHotkeyCount' accepting a first argument of type 'ConfigManager' could be found (are you missing a using directive or an assembly reference?) [E:\Projects\romm-frontend\romm-frontend.csproj]
E:\Projects\romm-frontend\scripts\main\MainScene.cs(379,25): error CS0103: The name 'LaunchEmulatorPopupOption' does not exist in the current context [E:\Projects\romm-frontend\romm-frontend.csproj]
E:\Projects\romm-frontend\scripts\main\MainScene.cs(396,22): error CS0103: The name 'SelectBiosPopupOption' does not exist in the current context [E:\Projects\romm-frontend\romm-frontend.csproj]
E:\Projects\romm-frontend\scripts\main\MainScene.cs(595,39): error CS1061: 'ConfigManager' does not contain a definition for 'ShowAllSystems' and no accessible extension method 'ShowAllSystems' accepting a first argument of type 'ConfigManager' could be found (are you missing a using directive or an assembly reference?) [E:\Projects\romm-frontend\romm-frontend.csproj]
E:\Projects\romm-frontend\scripts\main\MainScene.cs(603,91): error CS1061: 'GameSystem' does not contain a definition for 'Slug' and no accessible extension method 'Slug' accepting a first argument of type 'GameSystem' could be found (are you missing a using directive or an assembly reference?) [E:\Projects\romm-frontend\romm-frontend.csproj]
E:\Projects\romm-frontend\scripts\autoloads\RomMAPI.cs(384,17): error CS0117: 'DevicePayload' does not contain a definition for 'Name' [E:\Projects\romm-frontend\romm-frontend.csproj]
E:\Projects\romm-frontend\scripts\autoloads\RomMAPI.cs(385,17): error CS0117: 'DevicePayload' does not contain a definition for 'Client' [E:\Projects\romm-frontend\romm-frontend.csproj]
E:\Projects\romm-frontend\scripts\autoloads\RomMAPI.cs(386,17): error CS0117: 'DevicePayload' does not contain a definition for 'Platform' [E:\Projects\romm-frontend\romm-frontend.csproj]
E:\Projects\romm-frontend\scripts\autoloads\RomMAPI.cs(387,17): error CS0117: 'DevicePayload' does not contain a definition for 'SyncMode' [E:\Projects\romm-frontend\romm-frontend.csproj]
E:\Projects\romm-frontend\scripts\autoloads\RomMAPI.cs(388,17): error CS0117: 'DevicePayload' does not contain a definition for 'AllowExisting' [E:\Projects\romm-frontend\romm-frontend.csproj]
E:\Projects\romm-frontend\scripts\main\MainScene.cs(728,49): error CS1061: 'GameSystem' does not contain a definition for 'Name' and no accessible extension method 'Name' accepting a first argument of type 'GameSystem' could be found (are you missing a using directive or an assembly reference?) [E:\Projects\romm-frontend\romm-frontend.csproj]
E:\Projects\romm-frontend\scripts\main\MainScene.cs(733,54): error CS1061: 'GameSystem' does not contain a definition for 'IgdbSlug' and no accessible extension method 'IgdbSlug' accepting a first argument of type 'GameSystem' could be found (are you missing a using directive or an assembly reference?) [E:\Projects\romm-frontend\romm-frontend.csproj]
E:\Projects\romm-frontend\scripts\main\MainScene.cs(735,59): error CS1061: 'GameSystem' does not contain a definition for 'IgdbSlug' and no accessible extension method 'IgdbSlug' accepting a first argument of type 'GameSystem' could be found (are you missing a using directive or an assembly reference?) [E:\Projects\romm-frontend\romm-frontend.csproj]
E:\Projects\romm-frontend\scripts\main\MainScene.cs(737,73): error CS1061: 'GameSystem' does not contain a definition for 'Slug' and no accessible extension method 'Slug' accepting a first argument of type 'GameSystem' could be found (are you missing a using directive or an assembly reference?) [E:\Projects\romm-frontend\romm-frontend.csproj]
E:\Projects\romm-frontend\scripts\main\MainScene.cs(739,59): error CS1061: 'GameSystem' does not contain a definition for 'Slug' and no accessible extension method 'Slug' accepting a first argument of type 'GameSystem' could be found (are you missing a using directive or an assembly reference?) [E:\Projects\romm-frontend\romm-frontend.csproj]
E:\Projects\romm-frontend\scripts\main\MainScene.cs(775,67): error CS1061: 'GameSystem' does not contain a definition for 'Name' and no accessible extension method 'Name' accepting a first argument of type 'GameSystem' could be found (are you missing a using directive or an assembly reference?) [E:\Projects\romm-frontend\romm-frontend.csproj]
E:\Projects\romm-frontend\scripts\main\MainScene.cs(782,38): error CS1061: 'GameSystem' does not contain a definition for 'Id' and no accessible extension method 'Id' accepting a first argument of type 'GameSystem' could be found (are you missing a using directive or an assembly reference?) [E:\Projects\romm-frontend\romm-frontend.csproj]
E:\Projects\romm-frontend\scripts\main\MainScene.cs(784,43): error CS1061: 'ConfigManager' does not contain a definition for 'HideGamesWithoutBoxArt' and no accessible extension method 'HideGamesWithoutBoxArt' accepting a first argument of type 'ConfigManager' could be found (are you missing a using directive or an assembly reference?) [E:\Projects\romm-frontend\romm-frontend.csproj]
E:\Projects\romm-frontend\scripts\main\MainScene.cs(786,86): error CS1061: 'Game' does not contain a definition for 'PathCover3d' and no accessible extension method 'PathCover3d' accepting a first argument of type 'Game' could be found (are you missing a using directive or an assembly reference?) [E:\Projects\romm-frontend\romm-frontend.csproj]
E:\Projects\romm-frontend\scripts\main\MainScene.cs(786,126): error CS1061: 'Game' does not contain a definition for 'PathCoverLarge' and no accessible extension method 'PathCoverLarge' accepting a first argument of type 'Game' could be found (are you missing a using directive or an assembly reference?) [E:\Projects\romm-frontend\romm-frontend.csproj]
E:\Projects\romm-frontend\scripts\main\MainScene.cs(786,169): error CS1061: 'Game' does not contain a definition for 'CoverArtUrl' and no accessible extension method 'CoverArtUrl' accepting a first argument of type 'Game' could be found (are you missing a using directive or an assembly reference?) [E:\Projects\romm-frontend\romm-frontend.csproj]
E:\Projects\romm-frontend\scripts\main\MainScene.cs(816,62): error CS1061: 'GameSystem' does not contain a definition for 'IgdbSlug' and no accessible extension method 'IgdbSlug' accepting a first argument of type 'GameSystem' could be found (are you missing a using directive or an assembly reference?) [E:\Projects\romm-frontend\romm-frontend.csproj]
E:\Projects\romm-frontend\scripts\main\MainScene.cs(816,81): error CS1061: 'GameSystem' does not contain a definition for 'IgdbSlug' and no accessible extension method 'IgdbSlug' accepting a first argument of type 'GameSystem' could be found (are you missing a using directive or an assembly reference?) [E:\Projects\romm-frontend\romm-frontend.csproj]
E:\Projects\romm-frontend\scripts\main\MainScene.cs(816,99): error CS1061: 'GameSystem' does not contain a definition for 'Slug' and no accessible extension method 'Slug' accepting a first argument of type 'GameSystem' could be found (are you missing a using directive or an assembly reference?) [E:\Projects\romm-frontend\romm-frontend.csproj]
E:\Projects\romm-frontend\scripts\main\MainScene.cs(846,36): error CS1061: 'Game' does not contain a definition for 'Name' and no accessible extension method 'Name' accepting a first argument of type 'Game' could be found (are you missing a using directive or an assembly reference?) [E:\Projects\romm-frontend\romm-frontend.csproj]
E:\Projects\romm-frontend\scripts\main\MainScene.cs(852,63): error CS1061: 'ConfigManager' does not contain a definition for 'AssetsPath' and no accessible extension method 'AssetsPath' accepting a first argument of type 'ConfigManager' could be found (are you missing a using directive or an assembly reference?) [E:\Projects\romm-frontend\romm-frontend.csproj]
E:\Projects\romm-frontend\scripts\main\MainScene.cs(853,89): error CS1061: 'Game' does not contain a definition for 'Id' and no accessible extension method 'Id' accepting a first argument of type 'Game' could be found (are you missing a using directive or an assembly reference?) [E:\Projects\romm-frontend\romm-frontend.csproj]
E:\Projects\romm-frontend\scripts\main\MainScene.cs(854,89): error CS1061: 'Game' does not contain a definition for 'Id' and no accessible extension method 'Id' accepting a first argument of type 'Game' could be found (are you missing a using directive or an assembly reference?) [E:\Projects\romm-frontend\romm-frontend.csproj]
E:\Projects\romm-frontend\scripts\main\MainScene.cs(859,94): error CS1061: 'Game' does not contain a definition for 'Id' and no accessible extension method 'Id' accepting a first argument of type 'Game' could be found (are you missing a using directive or an assembly reference?) [E:\Projects\romm-frontend\romm-frontend.csproj]
E:\Projects\romm-frontend\scripts\main\MainScene.cs(924,46): error CS1061: 'Game' does not contain a definition for 'Id' and no accessible extension method 'Id' accepting a first argument of type 'Game' could be found (are you missing a using directive or an assembly reference?) [E:\Projects\romm-frontend\romm-frontend.csproj]
E:\Projects\romm-frontend\scripts\main\MainScene.cs(945,68): error CS1061: 'Game' does not contain a definition for 'Id' and no accessible extension method 'Id' accepting a first argument of type 'Game' could be found (are you missing a using directive or an assembly reference?) [E:\Projects\romm-frontend\romm-frontend.csproj]
E:\Projects\romm-frontend\scripts\main\MainScene.cs(945,96): error CS1061: 'Game' does not contain a definition for 'Id' and no accessible extension method 'Id' accepting a first argument of type 'Game' could be found (are you missing a using directive or an assembly reference?) [E:\Projects\romm-frontend\romm-frontend.csproj]
E:\Projects\romm-frontend\scripts\main\MainScene.cs(954,18): error CS1061: 'Game' does not contain a definition for 'Files' and no accessible extension method 'Files' accepting a first argument of type 'Game' could be found (are you missing a using directive or an assembly reference?) [E:\Projects\romm-frontend\romm-frontend.csproj]
E:\Projects\romm-frontend\scripts\main\MainScene.cs(954,41): error CS1061: 'Game' does not contain a definition for 'Files' and no accessible extension method 'Files' accepting a first argument of type 'Game' could be found (are you missing a using directive or an assembly reference?) [E:\Projects\romm-frontend\romm-frontend.csproj]
E:\Projects\romm-frontend\scripts\main\MainScene.cs(955,32): error CS1061: 'Game' does not contain a definition for 'Files' and no accessible extension method 'Files' accepting a first argument of type 'Game' could be found (are you missing a using directive or an assembly reference?) [E:\Projects\romm-frontend\romm-frontend.csproj]
E:\Projects\romm-frontend\scripts\main\MainScene.cs(956,53): error CS1061: 'ConfigManager' does not contain a definition for 'RomsPath' and no accessible extension method 'RomsPath' accepting a first argument of type 'ConfigManager' could be found (are you missing a using directive or an assembly reference?) [E:\Projects\romm-frontend\romm-frontend.csproj]
E:\Projects\romm-frontend\scripts\main\MainScene.cs(956,76): error CS1061: 'Game' does not contain a definition for 'System' and no accessible extension method 'System' accepting a first argument of type 'Game' could be found (are you missing a using directive or an assembly reference?) [E:\Projects\romm-frontend\romm-frontend.csproj]
E:\Projects\romm-frontend\scripts\main\MainScene.cs(970,35): error CS1061: 'Game' does not contain a definition for 'Name' and no accessible extension method 'Name' accepting a first argument of type 'Game' could be found (are you missing a using directive or an assembly reference?) [E:\Projects\romm-frontend\romm-frontend.csproj]
E:\Projects\romm-frontend\scripts\main\MainScene.cs(973,66): error CS1061: 'Game' does not contain a definition for 'Description' and no accessible extension method 'Description' accepting a first argument of type 'Game' could be found (are you missing a using directive or an assembly reference?) [E:\Projects\romm-frontend\romm-frontend.csproj]
E:\Projects\romm-frontend\scripts\main\MainScene.cs(977,59): error CS1061: 'ConfigManager' does not contain a definition for 'AssetsPath' and no accessible extension method 'AssetsPath' accepting a first argument of type 'ConfigManager' could be found (are you missing a using directive or an assembly reference?) [E:\Projects\romm-frontend\romm-frontend.csproj]
E:\Projects\romm-frontend\scripts\main\MainScene.cs(978,89): error CS1061: 'Game' does not contain a definition for 'Id' and no accessible extension method 'Id' accepting a first argument of type 'Game' could be found (are you missing a using directive or an assembly reference?) [E:\Projects\romm-frontend\romm-frontend.csproj]
E:\Projects\romm-frontend\scripts\main\MainScene.cs(993,59): error CS1061: 'ConfigManager' does not contain a definition for 'AssetsPath' and no accessible extension method 'AssetsPath' accepting a first argument of type 'ConfigManager' could be found (are you missing a using directive or an assembly reference?) [E:\Projects\romm-frontend\romm-frontend.csproj]
E:\Projects\romm-frontend\scripts\main\MainScene.cs(994,85): error CS1061: 'Game' does not contain a definition for 'Id' and no accessible extension method 'Id' accepting a first argument of type 'Game' could be found (are you missing a using directive or an assembly reference?) [E:\Projects\romm-frontend\romm-frontend.csproj]
E:\Projects\romm-frontend\scripts\main\MainScene.cs(995,85): error CS1061: 'Game' does not contain a definition for 'Id' and no accessible extension method 'Id' accepting a first argument of type 'Game' could be found (are you missing a using directive or an assembly reference?) [E:\Projects\romm-frontend\romm-frontend.csproj]
E:\Projects\romm-frontend\scripts\main\MainScene.cs(1000,90): error CS1061: 'Game' does not contain a definition for 'Id' and no accessible extension method 'Id' accepting a first argument of type 'Game' could be found (are you missing a using directive or an assembly reference?) [E:\Projects\romm-frontend\romm-frontend.csproj]
E:\Projects\romm-frontend\scripts\main\MainScene.cs(1016,59): error CS1061: 'ConfigManager' does not contain a definition for 'AssetsPath' and no accessible extension method 'AssetsPath' accepting a first argument of type 'ConfigManager' could be found (are you missing a using directive or an assembly reference?) [E:\Projects\romm-frontend\romm-frontend.csproj]
E:\Projects\romm-frontend\scripts\main\MainScene.cs(1017,95): error CS1061: 'Game' does not contain a definition for 'Id' and no accessible extension method 'Id' accepting a first argument of type 'Game' could be found (are you missing a using directive or an assembly reference?) [E:\Projects\romm-frontend\romm-frontend.csproj]
E:\Projects\romm-frontend\scripts\main\MainScene.cs(1042,18): error CS1061: 'Game' does not contain a definition for 'Files' and no accessible extension method 'Files' accepting a first argument of type 'Game' could be found (are you missing a using directive or an assembly reference?) [E:\Projects\romm-frontend\romm-frontend.csproj]
E:\Projects\romm-frontend\scripts\main\MainScene.cs(1042,40): error CS1061: 'Game' does not contain a definition for 'Files' and no accessible extension method 'Files' accepting a first argument of type 'Game' could be found (are you missing a using directive or an assembly reference?) [E:\Projects\romm-frontend\romm-frontend.csproj]
E:\Projects\romm-frontend\scripts\main\MainScene.cs(1044,76): error CS1061: 'Game' does not contain a definition for 'Files' and no accessible extension method 'Files' accepting a first argument of type 'Game' could be found (are you missing a using directive or an assembly reference?) [E:\Projects\romm-frontend\romm-frontend.csproj]
E:\Projects\romm-frontend\scripts\main\MainScene.cs(1048,116): error CS1061: 'Game' does not contain a definition for 'PlatformSlug' and no accessible extension method 'PlatformSlug' accepting a first argument of type 'Game' could be found (are you missing a using directive or an assembly reference?) [E:\Projects\romm-frontend\romm-frontend.csproj]
E:\Projects\romm-frontend\scripts\main\MainScene.cs(1087,99): error CS1061: 'Game' does not contain a definition for 'PlatformSlug' and no accessible extension method 'PlatformSlug' accepting a first argument of type 'Game' could be found (are you missing a using directive or an assembly reference?) [E:\Projects\romm-frontend\romm-frontend.csproj]
E:\Projects\romm-frontend\scripts\main\MainScene.cs(1126,79): error CS1061: 'Game' does not contain a definition for 'Name' and no accessible extension method 'Name' accepting a first argument of type 'Game' could be found (are you missing a using directive or an assembly reference?) [E:\Projects\romm-frontend\romm-frontend.csproj]
E:\Projects\romm-frontend\scripts\main\MainScene.cs(1132,69): error CS1061: 'Game' does not contain a definition for 'Name' and no accessible extension method 'Name' accepting a first argument of type 'Game' could be found (are you missing a using directive or an assembly reference?) [E:\Projects\romm-frontend\romm-frontend.csproj]
E:\Projects\romm-frontend\scripts\main\MainScene.cs(1145,69): error CS1061: 'Game' does not contain a definition for 'Name' and no accessible extension method 'Name' accepting a first argument of type 'Game' could be found (are you missing a using directive or an assembly reference?) [E:\Projects\romm-frontend\romm-frontend.csproj]
E:\Projects\romm-frontend\scripts\main\MainScene.cs(1156,63): error CS1061: 'Game' does not contain a definition for 'Name' and no accessible extension method 'Name' accepting a first argument of type 'Game' could be found (are you missing a using directive or an assembly reference?) [E:\Projects\romm-frontend\romm-frontend.csproj]
E:\Projects\romm-frontend\scripts\main\MainScene.cs(1177,34): error CS1061: 'Game' does not contain a definition for 'Files' and no accessible extension method 'Files' accepting a first argument of type 'Game' could be found (are you missing a using directive or an assembly reference?) [E:\Projects\romm-frontend\romm-frontend.csproj]
E:\Projects\romm-frontend\scripts\main\MainScene.cs(1177,57): error CS1061: 'Game' does not contain a definition for 'Files' and no accessible extension method 'Files' accepting a first argument of type 'Game' could be found (are you missing a using directive or an assembly reference?) [E:\Projects\romm-frontend\romm-frontend.csproj]
E:\Projects\romm-frontend\scripts\main\MainScene.cs(1179,58): error CS1061: 'Game' does not contain a definition for 'Name' and no accessible extension method 'Name' accepting a first argument of type 'Game' could be found (are you missing a using directive or an assembly reference?) [E:\Projects\romm-frontend\romm-frontend.csproj]
E:\Projects\romm-frontend\scripts\main\MainScene.cs(1185,70): error CS1061: 'Game' does not contain a definition for 'Name' and no accessible extension method 'Name' accepting a first argument of type 'Game' could be found (are you missing a using directive or an assembly reference?) [E:\Projects\romm-frontend\romm-frontend.csproj]
E:\Projects\romm-frontend\scripts\main\MainScene.cs(1188,35): error CS1061: 'Game' does not contain a definition for 'Files' and no accessible extension method 'Files' accepting a first argument of type 'Game' could be found (are you missing a using directive or an assembly reference?) [E:\Projects\romm-frontend\romm-frontend.csproj]
E:\Projects\romm-frontend\scripts\main\MainScene.cs(1189,56): error CS1061: 'ConfigManager' does not contain a definition for 'DownloadsPath' and no accessible extension method 'DownloadsPath' accepting a first argument of type 'ConfigManager' could be found (are you missing a using directive or an assembly reference?) [E:\Projects\romm-frontend\romm-frontend.csproj]
E:\Projects\romm-frontend\scripts\main\MainScene.cs(1195,48): error CS1061: 'Game' does not contain a definition for 'Name' and no accessible extension method 'Name' accepting a first argument of type 'Game' could be found (are you missing a using directive or an assembly reference?) [E:\Projects\romm-frontend\romm-frontend.csproj]
E:\Projects\romm-frontend\scripts\main\MainScene.cs(1220,69): error CS1061: 'ConfigManager' does not contain a definition for 'RomsPath' and no accessible extension method 'RomsPath' accepting a first argument of type 'ConfigManager' could be found (are you missing a using directive or an assembly reference?) [E:\Projects\romm-frontend\romm-frontend.csproj]
E:\Projects\romm-frontend\scripts\main\MainScene.cs(1220,92): error CS1061: 'Game' does not contain a definition for 'System' and no accessible extension method 'System' accepting a first argument of type 'Game' could be found (are you missing a using directive or an assembly reference?) [E:\Projects\romm-frontend\romm-frontend.csproj]
E:\Projects\romm-frontend\scripts\main\MainScene.cs(1262,39): error CS1061: 'Game' does not contain a definition for 'Files' and no accessible extension method 'Files' accepting a first argument of type 'Game' could be found (are you missing a using directive or an assembly reference?) [E:\Projects\romm-frontend\romm-frontend.csproj]
E:\Projects\romm-frontend\scripts\main\MainScene.cs(1265,40): error CS1061: 'RomFile' does not contain a definition for 'FullPath' and no accessible extension method 'FullPath' accepting a first argument of type 'RomFile' could be found (are you missing a using directive or an assembly reference?) [E:\Projects\romm-frontend\romm-frontend.csproj]
E:\Projects\romm-frontend\scripts\main\MainScene.cs(1317,37): error CS1061: 'EmulatorMeta' does not contain a definition for 'Name' and no accessible extension method 'Name' accepting a first argument of type 'EmulatorMeta' could be found (are you missing a using directive or an assembly reference?) [E:\Projects\romm-frontend\romm-frontend.csproj]
E:\Projects\romm-frontend\scripts\main\MainScene.cs(1423,60): error CS1061: 'ConfigManager' does not contain a definition for 'HideGamesWithoutBoxArt' and no accessible extension method 'HideGamesWithoutBoxArt' accepting a first argument of type 'ConfigManager' could be found (are you missing a using directive or an assembly reference?) [E:\Projects\romm-frontend\romm-frontend.csproj]
E:\Projects\romm-frontend\scripts\main\MainScene.cs(1425,67): error CS1061: 'ConfigManager' does not contain a definition for 'ShowAllSystems' and no accessible extension method 'ShowAllSystems' accepting a first argument of type 'ConfigManager' could be found (are you missing a using directive or an assembly reference?) [E:\Projects\romm-frontend\romm-frontend.csproj]
E:\Projects\romm-frontend\scripts\main\MainScene.cs(1469,53): error CS1061: 'ConfigManager' does not contain a definition for 'EmulatorCloseHotkeyCount' and no accessible extension method 'EmulatorCloseHotkeyCount' accepting a first argument of type 'ConfigManager' could be found (are you missing a using directive or an assembly reference?) [E:\Projects\romm-frontend\romm-frontend.csproj]
E:\Projects\romm-frontend\scripts\main\MainScene.cs(1512,91): error CS1061: 'ConfigManager' does not contain a definition for 'EmulatorCloseHotkeyCount' and no accessible extension method 'EmulatorCloseHotkeyCount' accepting a first argument of type 'ConfigManager' could be found (are you missing a using directive or an assembly reference?) [E:\Projects\romm-frontend\romm-frontend.csproj]
E:\Projects\romm-frontend\scripts\main\MainScene.cs(1519,50): error CS1061: 'ConfigManager' does not contain a definition for 'EmulatorCloseHotkeyCount' and no accessible extension method 'EmulatorCloseHotkeyCount' accepting a first argument of type 'ConfigManager' could be found (are you missing a using directive or an assembly reference?) [E:\Projects\romm-frontend\romm-frontend.csproj]
E:\Projects\romm-frontend\scripts\main\MainScene.cs(1529,53): error CS1061: 'EmulatorMeta' does not contain a definition for 'SettingsFields' and no accessible extension method 'SettingsFields' accepting a first argument of type 'EmulatorMeta' could be found (are you missing a using directive or an assembly reference?) [E:\Projects\romm-frontend\romm-frontend.csproj]
E:\Projects\romm-frontend\scripts\main\MainScene.cs(1530,32): error CS1061: 'EmulatorMeta' does not contain a definition for 'Name' and no accessible extension method 'Name' accepting a first argument of type 'EmulatorMeta' could be found (are you missing a using directive or an assembly reference?) [E:\Projects\romm-frontend\romm-frontend.csproj]
E:\Projects\romm-frontend\scripts\main\MainScene.cs(1539,36): error CS1061: 'EmulatorMeta' does not contain a definition for 'SettingsFields' and no accessible extension method 'SettingsFields' accepting a first argument of type 'EmulatorMeta' could be found (are you missing a using directive or an assembly reference?) [E:\Projects\romm-frontend\romm-frontend.csproj]
E:\Projects\romm-frontend\scripts\main\MainScene.cs(1637,70): error CS1061: 'GameSystem' does not contain a definition for 'Name' and no accessible extension method 'Name' accepting a first argument of type 'GameSystem' could be found (are you missing a using directive or an assembly reference?) [E:\Projects\romm-frontend\romm-frontend.csproj]
    2 Warning(s)
    416 Error(s)

Time Elapsed 00:00:02.85
